Archive member included to satisfy reference by file (symbol)

C:/Program Files (x86)/Arm GNU Toolchain arm-none-eabi/13.2 Rel1/bin/../lib/gcc/arm-none-eabi/13.2.1/thumb/v8-m.main+dp/hard\libg_nano.a(libc_a-exit.o)
                              C:/Program Files (x86)/Arm GNU Toolchain arm-none-eabi/13.2 Rel1/bin/../lib/gcc/arm-none-eabi/13.2.1/thumb/v8-m.main+dp/hard/rdimon-crt0.o (exit)
C:/Program Files (x86)/Arm GNU Toolchain arm-none-eabi/13.2 Rel1/bin/../lib/gcc/arm-none-eabi/13.2.1/thumb/v8-m.main+dp/hard\libg_nano.a(libc_a-findfp.o)
                              C:/Program Files (x86)/Arm GNU Toolchain arm-none-eabi/13.2 Rel1/bin/../lib/gcc/arm-none-eabi/13.2.1/thumb/v8-m.main+dp/hard\libg_nano.a(libc_a-exit.o) (__stdio_exit_handler)
C:/Program Files (x86)/Arm GNU Toolchain arm-none-eabi/13.2 Rel1/bin/../lib/gcc/arm-none-eabi/13.2.1/thumb/v8-m.main+dp/hard\libg_nano.a(libc_a-fwalk.o)
                              C:/Program Files (x86)/Arm GNU Toolchain arm-none-eabi/13.2 Rel1/bin/../lib/gcc/arm-none-eabi/13.2.1/thumb/v8-m.main+dp/hard\libg_nano.a(libc_a-findfp.o) (_fwalk_sglue)
C:/Program Files (x86)/Arm GNU Toolchain arm-none-eabi/13.2 Rel1/bin/../lib/gcc/arm-none-eabi/13.2.1/thumb/v8-m.main+dp/hard\libg_nano.a(libc_a-stdio.o)
                              C:/Program Files (x86)/Arm GNU Toolchain arm-none-eabi/13.2 Rel1/bin/../lib/gcc/arm-none-eabi/13.2.1/thumb/v8-m.main+dp/hard\libg_nano.a(libc_a-findfp.o) (__sread)
C:/Program Files (x86)/Arm GNU Toolchain arm-none-eabi/13.2 Rel1/bin/../lib/gcc/arm-none-eabi/13.2.1/thumb/v8-m.main+dp/hard\libg_nano.a(libc_a-memset.o)
                              C:/Program Files (x86)/Arm GNU Toolchain arm-none-eabi/13.2 Rel1/bin/../lib/gcc/arm-none-eabi/13.2.1/thumb/v8-m.main+dp/hard/rdimon-crt0.o (memset)
C:/Program Files (x86)/Arm GNU Toolchain arm-none-eabi/13.2 Rel1/bin/../lib/gcc/arm-none-eabi/13.2.1/thumb/v8-m.main+dp/hard\libg_nano.a(libc_a-closer.o)
                              C:/Program Files (x86)/Arm GNU Toolchain arm-none-eabi/13.2 Rel1/bin/../lib/gcc/arm-none-eabi/13.2.1/thumb/v8-m.main+dp/hard\libg_nano.a(libc_a-stdio.o) (_close_r)
C:/Program Files (x86)/Arm GNU Toolchain arm-none-eabi/13.2 Rel1/bin/../lib/gcc/arm-none-eabi/13.2.1/thumb/v8-m.main+dp/hard\libg_nano.a(libc_a-reent.o)
                              C:/Program Files (x86)/Arm GNU Toolchain arm-none-eabi/13.2 Rel1/bin/../lib/gcc/arm-none-eabi/13.2.1/thumb/v8-m.main+dp/hard\libg_nano.a(libc_a-closer.o) (errno)
C:/Program Files (x86)/Arm GNU Toolchain arm-none-eabi/13.2 Rel1/bin/../lib/gcc/arm-none-eabi/13.2.1/thumb/v8-m.main+dp/hard\libg_nano.a(libc_a-impure.o)
                              C:/Program Files (x86)/Arm GNU Toolchain arm-none-eabi/13.2 Rel1/bin/../lib/gcc/arm-none-eabi/13.2.1/thumb/v8-m.main+dp/hard\libg_nano.a(libc_a-reent.o) (_impure_ptr)
C:/Program Files (x86)/Arm GNU Toolchain arm-none-eabi/13.2 Rel1/bin/../lib/gcc/arm-none-eabi/13.2.1/thumb/v8-m.main+dp/hard\libg_nano.a(libc_a-lseekr.o)
                              C:/Program Files (x86)/Arm GNU Toolchain arm-none-eabi/13.2 Rel1/bin/../lib/gcc/arm-none-eabi/13.2.1/thumb/v8-m.main+dp/hard\libg_nano.a(libc_a-stdio.o) (_lseek_r)
C:/Program Files (x86)/Arm GNU Toolchain arm-none-eabi/13.2 Rel1/bin/../lib/gcc/arm-none-eabi/13.2.1/thumb/v8-m.main+dp/hard\libg_nano.a(libc_a-readr.o)
                              C:/Program Files (x86)/Arm GNU Toolchain arm-none-eabi/13.2 Rel1/bin/../lib/gcc/arm-none-eabi/13.2.1/thumb/v8-m.main+dp/hard\libg_nano.a(libc_a-stdio.o) (_read_r)
C:/Program Files (x86)/Arm GNU Toolchain arm-none-eabi/13.2 Rel1/bin/../lib/gcc/arm-none-eabi/13.2.1/thumb/v8-m.main+dp/hard\libg_nano.a(libc_a-writer.o)
                              C:/Program Files (x86)/Arm GNU Toolchain arm-none-eabi/13.2 Rel1/bin/../lib/gcc/arm-none-eabi/13.2.1/thumb/v8-m.main+dp/hard\libg_nano.a(libc_a-stdio.o) (_write_r)
C:/Program Files (x86)/Arm GNU Toolchain arm-none-eabi/13.2 Rel1/bin/../lib/gcc/arm-none-eabi/13.2.1/thumb/v8-m.main+dp/hard\libg_nano.a(libc_a-errno.o)
                              ./ra/fsp/src/bsp/mcu/all/bsp_sbrk.o (__errno)
C:/Program Files (x86)/Arm GNU Toolchain arm-none-eabi/13.2 Rel1/bin/../lib/gcc/arm-none-eabi/13.2.1/thumb/v8-m.main+dp/hard\libg_nano.a(libc_a-init.o)
                              C:/Program Files (x86)/Arm GNU Toolchain arm-none-eabi/13.2 Rel1/bin/../lib/gcc/arm-none-eabi/13.2.1/thumb/v8-m.main+dp/hard/rdimon-crt0.o (__libc_init_array)
C:/Program Files (x86)/Arm GNU Toolchain arm-none-eabi/13.2 Rel1/bin/../lib/gcc/arm-none-eabi/13.2.1/thumb/v8-m.main+dp/hard\libg_nano.a(libc_a-lock.o)
                              C:/Program Files (x86)/Arm GNU Toolchain arm-none-eabi/13.2 Rel1/bin/../lib/gcc/arm-none-eabi/13.2.1/thumb/v8-m.main+dp/hard\libg_nano.a(libc_a-findfp.o) (__retarget_lock_init_recursive)
C:/Program Files (x86)/Arm GNU Toolchain arm-none-eabi/13.2 Rel1/bin/../lib/gcc/arm-none-eabi/13.2.1/thumb/v8-m.main+dp/hard\libg_nano.a(libc_a-memcpy-stub.o)
[...]
Memory Configuration

Name             Origin             Length             Attributes
ITCM             0x00000000         0x00010000         xr
DTCM             0x20000000         0x00010000         xrw
FLASH            0x02000000         0x001f8000         xr
RAM              0x22000000         0x000e0000         xrw
DATA_FLASH       0x27000000         0x00003000         xr
QSPI_FLASH       0x60000000         0x00000000         xr
OSPI_DEVICE_0    0x80000000         0x10000000         xr
OSPI_DEVICE_1    0x90000000         0x10000000         xr
OSPI_DEVICE_0_RAM 0x80000000         0x10000000         xrw
OSPI_DEVICE_1_RAM 0x90000000         0x10000000         xrw
SDRAM            0x68000000         0x08000000         xrw
OPTION_SETTING   0x0300a100         0x00000100         r
OPTION_SETTING_OFS 0x0300a100         0x00000018         r
OPTION_SETTING_SAS 0x0300a134         0x000000cc         r
OPTION_SETTING_S 0x0300a200         0x00000100         r
OPTION_SETTING_DATA_FLASH_S 0x27030080         0x00000800         r
ID_CODE          0x00000000         0x00000000         xr
*default*        0x00000000         0xffffffff

Linker script and memory map

LOAD C:/Program Files (x86)/Arm GNU Toolchain arm-none-eabi/13.2 Rel1/bin/../lib/gcc/arm-none-eabi/13.2.1/thumb/v8-m.main+dp/hard/crti.o
LOAD C:/Program Files (x86)/Arm GNU Toolchain arm-none-eabi/13.2 Rel1/bin/../lib/gcc/arm-none-eabi/13.2.1/thumb/v8-m.main+dp/hard/crtbegin.o
LOAD C:/Program Files (x86)/Arm GNU Toolchain arm-none-eabi/13.2 Rel1/bin/../lib/gcc/arm-none-eabi/13.2.1/thumb/v8-m.main+dp/hard/rdimon-crt0.o
START GROUP
LOAD ./src/SEGGER_RTT/SEGGER_RTT.o
LOAD ./src/SEGGER_RTT/SEGGER_RTT_printf.o
LOAD ./src/graphics_rendering.o
LOAD ./src/gt911.o
LOAD ./src/hal_entry.o
LOAD ./src/mipi_dsi_ep.o
LOAD ./ra_gen/common_data.o
LOAD ./ra_gen/hal_data.o
LOAD ./ra_gen/main.o
LOAD ./ra_gen/pin_data.o
LOAD ./ra_gen/vector_data.o
LOAD ./ra/fsp/src/r_mipi_phy/r_mipi_phy.o
LOAD ./ra/fsp/src/r_mipi_dsi/r_mipi_dsi.o
LOAD ./ra/fsp/src/r_ioport/r_ioport.o
LOAD ./ra/fsp/src/r_iic_master/r_iic_master.o
LOAD ./ra/fsp/src/r_icu/r_icu.o
LOAD ./ra/fsp/src/r_gpt/r_gpt.o
LOAD ./ra/fsp/src/r_glcdc/r_glcdc.o
LOAD ./ra/fsp/src/bsp/mcu/all/bsp_clocks.o
LOAD ./ra/fsp/src/bsp/mcu/all/bsp_common.o
LOAD ./ra/fsp/src/bsp/mcu/all/bsp_delay.o
LOAD ./ra/fsp/src/bsp/mcu/all/bsp_group_irq.o
LOAD ./ra/fsp/src/bsp/mcu/all/bsp_guard.o
LOAD ./ra/fsp/src/bsp/mcu/all/bsp_io.o
LOAD ./ra/fsp/src/bsp/mcu/all/bsp_irq.o
LOAD ./ra/fsp/src/bsp/mcu/all/bsp_macl.o
LOAD ./ra/fsp/src/bsp/mcu/all/bsp_register_protection.o
LOAD ./ra/fsp/src/bsp/mcu/all/bsp_rom_registers.o
LOAD ./ra/fsp/src/bsp/mcu/all/bsp_sbrk.o
LOAD ./ra/fsp/src/bsp/mcu/all/bsp_sdram.o
LOAD ./ra/fsp/src/bsp/mcu/all/bsp_security.o
LOAD ./ra/fsp/src/bsp/cmsis/Device/RENESAS/Source/startup.o
LOAD ./ra/fsp/src/bsp/cmsis/Device/RENESAS/Source/system.o
LOAD ./ra/board/ra8d1_ek/board_init.o
LOAD ./ra/board/ra8d1_ek/board_leds.o
END GROUP
START GROUP
LOAD C:/Program Files (x86)/Arm GNU Toolchain arm-none-eabi/13.2 Rel1/bin/../lib/gcc/arm-none-eabi/13.2.1/thumb/v8-m.main+dp/hard\libgcc.a
LOAD C:/Program Files (x86)/Arm GNU Toolchain arm-none-eabi/13.2 Rel1/bin/../lib/gcc/arm-none-eabi/13.2.1/thumb/v8-m.main+dp/hard\libg_nano.a
LOAD C:/Program Files (x86)/Arm GNU Toolchain arm-none-eabi/13.2 Rel1/bin/../lib/gcc/arm-none-eabi/13.2.1/thumb/v8-m.main+dp/hard\libc_nano.a
END GROUP
START GROUP
LOAD C:/Program Files (x86)/Arm GNU Toolchain arm-none-eabi/13.2 Rel1/bin/../lib/gcc/arm-none-eabi/13.2.1/thumb/v8-m.main+dp/hard\libgcc.a
LOAD C:/Program Files (x86)/Arm GNU Toolchain arm-none-eabi/13.2 Rel1/bin/../lib/gcc/arm-none-eabi/13.2.1/thumb/v8-m.main+dp/hard\libc_nano.a
LOAD C:/Program Files (x86)/Arm GNU Toolchain arm-none-eabi/13.2 Rel1/bin/../lib/gcc/arm-none-eabi/13.2.1/thumb/v8-m.main+dp/hard\librdimon_nano.a
END GROUP
START GROUP
LOAD C:/Program Files (x86)/Arm GNU Toolchain arm-none-eabi/13.2 Rel1/bin/../lib/gcc/arm-none-eabi/13.2.1/thumb/v8-m.main+dp/hard\libgcc.a
LOAD C:/Program Files (x86)/Arm GNU Toolchain arm-none-eabi/13.2 Rel1/bin/../lib/gcc/arm-none-eabi/13.2.1/thumb/v8-m.main+dp/hard\libc_nano.a
LOAD C:/Program Files (x86)/Arm GNU Toolchain arm-none-eabi/13.2 Rel1/bin/../lib/gcc/arm-none-eabi/13.2.1/thumb/v8-m.main+dp/hard\librdimon_nano.a
END GROUP
LOAD C:/Program Files (x86)/Arm GNU Toolchain arm-none-eabi/13.2 Rel1/bin/../lib/gcc/arm-none-eabi/13.2.1/thumb/v8-m.main+dp/hard/crtend.o
LOAD C:/Program Files (x86)/Arm GNU Toolchain arm-none-eabi/13.2 Rel1/bin/../lib/gcc/arm-none-eabi/13.2.1/thumb/v8-m.main+dp/hard/crtn.o
                0x22000000                        RAM_START = 0x22000000
                0x000e0000                        RAM_LENGTH = 0xe0000
                0x02000000                        FLASH_START = 0x2000000
                0x001f8000                        FLASH_LENGTH = 0x1f8000
                0x27000000                        DATA_FLASH_START = 0x27000000
                0x00003000                        DATA_FLASH_LENGTH = 0x3000
                0x0300a100                        OPTION_SETTING_START = 0x300a100
                0x00000100                        OPTION_SETTING_LENGTH = 0x100
                0x0300a200                        OPTION_SETTING_S_START = 0x300a200
                0x00000100                        OPTION_SETTING_S_LENGTH = 0x100
                0x27030080                        OPTION_SETTING_DATA_FLASH_S_START = 0x27030080
                0x00000800                        OPTION_SETTING_DATA_FLASH_S_LENGTH = 0x800
                0x00000000                        ID_CODE_START = 0x0
                0x00000000                        ID_CODE_LENGTH = 0x0
                0x68000000                        SDRAM_START = 0x68000000
                0x08000000                        SDRAM_LENGTH = 0x8000000
                0x60000000                        QSPI_FLASH_START = 0x60000000
                0x00000000                        QSPI_FLASH_LENGTH = 0x0
                0x80000000                        OSPI_DEVICE_0_START = 0x80000000
                0x10000000                        OSPI_DEVICE_0_LENGTH = 0x10000000
                0x90000000                        OSPI_DEVICE_1_START = 0x90000000
                0x10000000                        OSPI_DEVICE_1_LENGTH = 0x10000000
                0x00000000                        ITCM_START = 0x0
                0x00010000                        ITCM_LENGTH = 0x10000
                0x20000000                        DTCM_START = 0x20000000
                0x00010000                        DTCM_LENGTH = 0x10000
                0x10000000                        NS_OFFSET_START = 0x10000000
                0x00000000                        NS_OFFSET_LENGTH = 0x0
                0x00000000                        QSPI_FLASH_PRV_LENGTH = DEFINED (QSPI_FLASH_SIZE)?ABSOLUTE (QSPI_FLASH_SIZE):ABSOLUTE (QSPI_FLASH_LENGTH)
                0x10000000                        OSPI_DEVICE_0_PRV_LENGTH = DEFINED (OSPI_DEVICE_0_SIZE)?ABSOLUTE (OSPI_DEVICE_0_SIZE):ABSOLUTE (OSPI_DEVICE_0_LENGTH)
                0x10000000                        OSPI_DEVICE_1_PRV_LENGTH = DEFINED (OSPI_DEVICE_1_SIZE)?ABSOLUTE (OSPI_DEVICE_1_SIZE):ABSOLUTE (OSPI_DEVICE_1_LENGTH)
                0x00000000                        __RESERVE_NS_RAM = ((! (DEFINED (PROJECT_NONSECURE)) && DEFINED (RAM_NS_BUFFER_LENGTH)) && (OPTION_SETTING_S_LENGTH != 0x0))
                0x00000000                        ITCM_START = DEFINED (ITCM_START)?ITCM_START:0x0
                0x00010000                        ITCM_LENGTH = DEFINED (ITCM_LENGTH)?ITCM_LENGTH:0x0
                0x20000000                        DTCM_START = DEFINED (DTCM_START)?DTCM_START:0x0
                0x00010000                        DTCM_LENGTH = DEFINED (DTCM_LENGTH)?DTCM_LENGTH:0x0
                0x00000000                        RAM_NS_BUFFER_BLOCK_LENGTH = DEFINED (RAM_NS_BUFFER_LENGTH)?ALIGN (RAM_NS_BUFFER_LENGTH, 0x2000):0x0
                0x00000000                        RAM_NS_BUFFER_LENGTH = DEFINED (RAM_NS_BUFFER_LENGTH)?RAM_NS_BUFFER_LENGTH:0x0
                0x220e0000                        RAM_NS_BUFFER_START = ((RAM_START + RAM_LENGTH) - RAM_NS_BUFFER_LENGTH)
                0x220e0000                        RAM_NS_BUFFER_BLOCK_START = ((RAM_START + RAM_LENGTH) - RAM_NS_BUFFER_BLOCK_LENGTH)
                0x0300a180                        OPTION_SETTING_START_NS = DEFINED (PROJECT_NONSECURE)?OPTION_SETTING_START:(OPTION_SETTING_START + 0x80)
                0x27030080                        OPTION_SETTING_DATA_FLASH_S_START = DEFINED (OPTION_SETTING_DATA_FLASH_S_START)?OPTION_SETTING_DATA_FLASH_S_START:0x0
                0x00000800                        OPTION_SETTING_DATA_FLASH_S_LENGTH = DEFINED (OPTION_SETTING_DATA_FLASH_S_LENGTH)?OPTION_SETTING_DATA_FLASH_S_LENGTH:0x0
                0x00000001                        __bl_FSP_BOOTABLE_IMAGE = 0x1
                0x00000001                        __bln_FSP_BOOTABLE_IMAGE = 0x1
                0x00000001                        PROJECT_SECURE_OR_FLAT = (((! (DEFINED (PROJECT_NONSECURE)) || DEFINED (PROJECT_SECURE)) && OPTION_SETTING_LENGTH) && ! (DEFINED (FSP_BOOTABLE_IMAGE)))
                0x00000000                        USE_OPTION_SETTING_NS = (DEFINED (PROJECT_NONSECURE) && ! (DEFINED (FSP_BOOTABLE_IMAGE)))
                0x00000001                        USE_OPTION_SETTING_DATA_FLASH = (PROJECT_SECURE_OR_FLAT && (OPTION_SETTING_DATA_FLASH_S_LENGTH != 0x0))
                0x00000000                        __bl_FLASH_IMAGE_START = ! (DEFINED (FLASH_BOOTLOADER_LENGTH))?0x0:(FLASH_APPLICATION_IMAGE_NUMBER == 0x1)?((FLASH_START + FLASH_BOOTLOADER_LENGTH) + FLASH_BOOTLOADER_HEADER_LENGTH):(DEFINED (BOOTLOADER_SECONDARY_USE_QSPI) || DEFINED (BOOTLOADER_SECONDARY_USE_OSPI_B))?(((FLASH_START + FLASH_BOOTLOADER_LENGTH) + FLASH_BOOTLOADER_SCRATCH_LENGTH) + FLASH_BOOTLOADER_HEADER_LENGTH):((((FLASH_START + FLASH_BOOTLOADER_LENGTH) + FLASH_BOOTLOADER_SCRATCH_LENGTH) + FLASH_APPLICATION_S_LENGTH) + FLASH_BOOTLOADER_HEADER_LENGTH)
                0x00000000                        __bl_FLASH_IMAGE_LENGTH = ! (DEFINED (FLASH_BOOTLOADER_LENGTH))?0x0:(FLASH_APPLICATION_S_LENGTH - FLASH_BOOTLOADER_HEADER_LENGTH)
                0x00000000                        __bl_FLASH_IMAGE_END = (__bl_FLASH_IMAGE_START + __bl_FLASH_IMAGE_LENGTH)
                0x00000000                        __bl_XIP_SECONDARY_FLASH_IMAGE_START = ! (DEFINED (FLASH_BOOTLOADER_LENGTH))?0x0:(((FLASH_START + FLASH_BOOTLOADER_LENGTH) + FLASH_APPLICATION_S_LENGTH) + FLASH_BOOTLOADER_HEADER_LENGTH)
                0x00000000                        __bl_XIP_SECONDARY_FLASH_IMAGE_END = (__bl_XIP_SECONDARY_FLASH_IMAGE_START + __bl_FLASH_IMAGE_LENGTH)
                0x00000000                        __bl_FLASH_IMAGE_START_FROM_MMF_REGION = DEFINED (BOOT_IMAGE_FROM_MMF_REGION)?BOOT_IMAGE_FROM_MMF_REGION:0x0
                0x00000000                        __bl_MEMORY_MIRROR_REGION_START = DEFINED (MMF_REGION_START_ADDR)?MMF_REGION_START_ADDR:0x0
                0x00000000                        __bl_FLASH_NS_START = ! (DEFINED (FLASH_BOOTLOADER_LENGTH))?0x0:(FLASH_APPLICATION_NS_LENGTH == 0x0)?__bl_FLASH_IMAGE_END:((__bl_FLASH_IMAGE_START - FLASH_BOOTLOADER_HEADER_LENGTH) + FLASH_APPLICATION_S_LENGTH)
                0x00000000                        __bl_FLASH_NSC_START = ! (DEFINED (FLASH_BOOTLOADER_LENGTH))?0x0:(FLASH_APPLICATION_NS_LENGTH == 0x0)?__bl_FLASH_IMAGE_END:(__bl_FLASH_IMAGE_END - FLASH_APPLICATION_NSC_LENGTH)
                0x00000000                        __bl_RAM_NS_START = ! (DEFINED (FLASH_BOOTLOADER_LENGTH))?0x0:(FLASH_APPLICATION_NS_LENGTH == 0x0)?(RAM_START + RAM_LENGTH):((RAM_START + RAM_LENGTH) - RAM_APPLICATION_NS_LENGTH)
                0x00000000                        __bl_RAM_NSC_START = ! (DEFINED (FLASH_BOOTLOADER_LENGTH))?0x0:(FLASH_APPLICATION_NS_LENGTH == 0x0)?(RAM_START + RAM_LENGTH):(__bl_RAM_NS_START - RAM_APPLICATION_NSC_LENGTH)
                0x00000000                        __bl_FLASH_NS_IMAGE_START = ! (DEFINED (FLASH_BOOTLOADER_LENGTH))?0x0:(FLASH_APPLICATION_NS_LENGTH == 0x0)?__bl_FLASH_IMAGE_END:(__bl_FLASH_NS_START + FLASH_BOOTLOADER_HEADER_LENGTH_2)
                0x10000000                        __bln_FLASH_IMAGE_START = (__bl_FLASH_NS_IMAGE_START | ! (DEFINED (NS_OFFSET_START))?0x0:NS_OFFSET_START)
                0x00000000                        __bln_FLASH_IMAGE_LENGTH = ! (DEFINED (FLASH_BOOTLOADER_LENGTH))?0x0:(FLASH_APPLICATION_NS_LENGTH == 0x0)?__bl_FLASH_IMAGE_END:(FLASH_APPLICATION_NS_LENGTH - FLASH_BOOTLOADER_HEADER_LENGTH_2)
                0x00000000                        XIP_SECONDARY_SLOT_IMAGE = DEFINED (XIP_SECONDARY_SLOT_IMAGE)?XIP_SECONDARY_SLOT_IMAGE:0x0
                0x00000000                        FLASH_IMAGE_START_FROM_MMF_REGION = ! (DEFINED (FLASH_IMAGE_START_FROM_MMF_REGION))?0x0:FLASH_IMAGE_START_FROM_MMF_REGION
                0x00000000                        MEMORY_MIRROR_REGION_START = ! (DEFINED (MEMORY_MIRROR_REGION_START))?0x0:MEMORY_MIRROR_REGION_START
                0x02000000                        FLASH_ORIGIN = ! (DEFINED (FLASH_IMAGE_START))?FLASH_START:(XIP_SECONDARY_SLOT_IMAGE == 0x1)?XIP_SECONDARY_FLASH_IMAGE_START:(FLASH_IMAGE_START_FROM_MMF_REGION == 0x1)?MEMORY_MIRROR_REGION_START:FLASH_IMAGE_START
                0x001f8000                        LIMITED_FLASH_LENGTH = DEFINED (FLASH_IMAGE_LENGTH)?FLASH_IMAGE_LENGTH:DEFINED (FLASH_BOOTLOADER_LENGTH)?FLASH_BOOTLOADER_LENGTH:FLASH_LENGTH
                0x00000034                        OPTION_SETTING_SAS_SIZE = 0x34
                0x000000cc                        OPTION_SETTING_SAS_LENGTH = ! (DEFINED (OPTION_SETTING_LENGTH))?0x0:(OPTION_SETTING_LENGTH == 0x0)?0x0:(OPTION_SETTING_LENGTH - OPTION_SETTING_SAS_SIZE)
START GROUP
LOAD C:/Program Files (x86)/Arm GNU Toolchain arm-none-eabi/13.2 Rel1/bin/../lib/gcc/arm-none-eabi/13.2.1/thumb/v8-m.main+dp/hard\libgcc.a
LOAD C:/Program Files (x86)/Arm GNU Toolchain arm-none-eabi/13.2 Rel1/bin/../lib/gcc/arm-none-eabi/13.2.1/thumb/v8-m.main+dp/hard\libc.a
LOAD C:/Program Files (x86)/Arm GNU Toolchain arm-none-eabi/13.2 Rel1/bin/../lib/gcc/arm-none-eabi/13.2.1/thumb/v8-m.main+dp/hard\libm.a
END GROUP

.text           0x02000000     0x54f4
                0x02000000                        __tz_FLASH_S = ABSOLUTE (FLASH_START)
                0x02000000                        __ROM_Start = .
 *(.fixed_vectors*)
 .fixed_vectors
                0x02000000       0x40 ./ra/fsp/src/bsp/cmsis/Device/RENESAS/Source/startup.o
                0x02000000                __Vectors
 *(.application_vectors*)
 .application_vectors
                0x02000040      0x180 ./ra_gen/vector_data.o
                0x02000040                g_vector_table
                0x020001c0                        __Vectors_End = .
 *(.flash_gap*)
                0x020001c0                        . = (OPTION_SETTING_LENGTH > 0x0)?.:(__ROM_Start + 0x400)
 *(.rom_registers*)
 *(.mcuboot_sce9_key*)
 *(.text*)
 .text.deregister_tm_clones
                0x020001c0       0x1c C:/Program Files (x86)/Arm GNU Toolchain arm-none-eabi/13.2 Rel1/bin/../lib/gcc/arm-none-eabi/13.2.1/thumb/v8-m.main+dp/hard/crtbegin.o
 .text.register_tm_clones
                0x020001dc       0x28 C:/Program Files (x86)/Arm GNU Toolchain arm-none-eabi/13.2 Rel1/bin/../lib/gcc/arm-none-eabi/13.2.1/thumb/v8-m.main+dp/hard/crtbegin.o
 .text.__do_global_dtors_aux
                0x02000204       0x28 C:/Program Files (x86)/Arm GNU Toolchain arm-none-eabi/13.2 Rel1/bin/../lib/gcc/arm-none-eabi/13.2.1/thumb/v8-m.main+dp/hard/crtbegin.o
 .text.frame_dummy
                0x0200022c       0x24 C:/Program Files (x86)/Arm GNU Toolchain arm-none-eabi/13.2 Rel1/bin/../lib/gcc/arm-none-eabi/13.2.1/thumb/v8-m.main+dp/hard/crtbegin.o
 .text._WriteNoCheck
                0x02000250       0x38 ./src/SEGGER_RTT/SEGGER_RTT.o
 .text._WriteBlocking
                0x02000288       0x60 ./src/SEGGER_RTT/SEGGER_RTT.o
 .text._DoInit  0x020002e8       0x6c ./src/SEGGER_RTT/SEGGER_RTT.o
 .text.SEGGER_RTT_WriteNoLock
                0x02000354       0x7c ./src/SEGGER_RTT/SEGGER_RTT.o
                0x02000354                SEGGER_RTT_WriteNoLock
 .text.SEGGER_RTT_Write
                0x020003d0       0x34 ./src/SEGGER_RTT/SEGGER_RTT.o
                0x020003d0                SEGGER_RTT_Write
 .text._StoreChar
                0x02000404       0x40 ./src/SEGGER_RTT/SEGGER_RTT_printf.o
 .text._PrintUnsigned
                0x02000444       0xf4 ./src/SEGGER_RTT/SEGGER_RTT_printf.o
 .text.SEGGER_RTT_vprintf
                0x02000538      0x39c ./src/SEGGER_RTT/SEGGER_RTT_printf.o
                0x02000538                SEGGER_RTT_vprintf
 .text.SEGGER_RTT_printf
                0x020008d4       0x20 ./src/SEGGER_RTT/SEGGER_RTT_printf.o
                0x020008d4                SEGGER_RTT_printf
 .text.CLUT_init
                0x020008f4       0xc8 ./src/graphics_rendering.o
                0x020008f4                CLUT_init
 .text.RGB_init
                0x020009bc       0xf4 ./src/graphics_rendering.o
                0x020009bc                RGB_init
 .text.i2c_master_callback
                0x02000ab0       0x10 ./src/gt911.o
                0x02000ab0                i2c_master_callback
 .text.hal_entry
                0x02000ac0       0x14 ./src/hal_entry.o
                0x02000ac0                hal_entry
 .text.R_BSP_WarmStart
                0x02000ad4       0x18 ./src/hal_entry.o
                0x02000ad4                R_BSP_WarmStart
 .text.handle_error.part.0
                0x02000aec       0xf0 ./src/mipi_dsi_ep.o
 .text.mipi_dsi_push_table
                0x02000bdc       0x84 ./src/mipi_dsi_ep.o
                0x02000bdc                mipi_dsi_push_table
 .text.mipi_dsi_start_display
                0x02000c60       0x64 ./src/mipi_dsi_ep.o
                0x02000c60                mipi_dsi_start_display
 .text.external_irq_callback
                0x02000cc4       0x1c ./src/mipi_dsi_ep.o
                0x02000cc4                external_irq_callback
 .text.touch_screen_reset
                0x02000ce0       0x7c ./src/mipi_dsi_ep.o
                0x02000ce0                touch_screen_reset
 .text.glcdc_callback
                0x02000d5c       0x14 ./src/mipi_dsi_ep.o
                0x02000d5c                glcdc_callback
 .text.mipi_dsi_callback
                0x02000d70       0x30 ./src/mipi_dsi_ep.o
                0x02000d70                mipi_dsi_callback
 .text.gpt_callback
                0x02000da0       0x10 ./src/mipi_dsi_ep.o
                0x02000da0                gpt_callback
 .text.mipi_dsi_entry
                0x02000db0       0xec ./src/mipi_dsi_ep.o
                0x02000db0                mipi_dsi_entry
 .text.startup.main
                0x02000e9c        0xc ./ra_gen/main.o
                0x02000e9c                main
 .text.r_mipi_phy_close
                0x02000ea8       0x28 ./ra/fsp/src/r_mipi_phy/r_mipi_phy.o
                0x02000ea8                r_mipi_phy_close
 .text.r_mipi_phy_open
                0x02000ed0       0xec ./ra/fsp/src/r_mipi_phy/r_mipi_phy.o
                0x02000ed0                r_mipi_phy_open
 .text.R_MIPI_DSI_UlpsEnter
                0x02000fbc       0x58 ./ra/fsp/src/r_mipi_dsi/r_mipi_dsi.o
                0x02000fbc                R_MIPI_DSI_UlpsEnter
 .text.R_MIPI_DSI_UlpsExit
                0x02001014       0x50 ./ra/fsp/src/r_mipi_dsi/r_mipi_dsi.o
                0x02001014                R_MIPI_DSI_UlpsExit
 .text.R_MIPI_DSI_StatusGet
                0x02001064       0x24 ./ra/fsp/src/r_mipi_dsi/r_mipi_dsi.o
                0x02001064                R_MIPI_DSI_StatusGet
 .text.dsi_call_callback
                0x02001088       0x3c ./ra/fsp/src/r_mipi_dsi/r_mipi_dsi.o
 .text.R_MIPI_DSI_Start
                0x020010c4       0x68 ./ra/fsp/src/r_mipi_dsi/r_mipi_dsi.o
                0x020010c4                R_MIPI_DSI_Start
 .text.R_MIPI_DSI_Command
                0x0200112c      0x114 ./ra/fsp/src/r_mipi_dsi/r_mipi_dsi.o
                0x0200112c                R_MIPI_DSI_Command
 .text.R_MIPI_DSI_Stop
                0x02001240       0x40 ./ra/fsp/src/r_mipi_dsi/r_mipi_dsi.o
                0x02001240                R_MIPI_DSI_Stop
 .text.R_MIPI_DSI_Open
                0x02001280      0x554 ./ra/fsp/src/r_mipi_dsi/r_mipi_dsi.o
                0x02001280                R_MIPI_DSI_Open
 .text.R_MIPI_DSI_Close
                0x020017d4      0x194 ./ra/fsp/src/r_mipi_dsi/r_mipi_dsi.o
                0x020017d4                R_MIPI_DSI_Close
 .text.mipi_dsi_seq0_isr
                0x02001968       0x54 ./ra/fsp/src/r_mipi_dsi/r_mipi_dsi.o
                0x02001968                mipi_dsi_seq0_isr
 .text.mipi_dsi_seq1_isr
                0x020019bc       0x54 ./ra/fsp/src/r_mipi_dsi/r_mipi_dsi.o
                0x020019bc                mipi_dsi_seq1_isr
 .text.mipi_dsi_vin1_isr
                0x02001a10       0xe4 ./ra/fsp/src/r_mipi_dsi/r_mipi_dsi.o
                0x02001a10                mipi_dsi_vin1_isr
 .text.mipi_dsi_rcv_isr
                0x02001af4       0x64 ./ra/fsp/src/r_mipi_dsi/r_mipi_dsi.o
                0x02001af4                mipi_dsi_rcv_isr
 .text.mipi_dsi_ferr_isr
                0x02001b58       0x54 ./ra/fsp/src/r_mipi_dsi/r_mipi_dsi.o
                0x02001b58                mipi_dsi_ferr_isr
 .text.mipi_dsi_ppi_isr
                0x02001bac       0x78 ./ra/fsp/src/r_mipi_dsi/r_mipi_dsi.o
                0x02001bac                mipi_dsi_ppi_isr
 .text.R_IOPORT_Close
                0x02001c24        0xc ./ra/fsp/src/r_ioport/r_ioport.o
                0x02001c24                R_IOPORT_Close
 .text.R_IOPORT_PinRead
                0x02001c30       0x24 ./ra/fsp/src/r_ioport/r_ioport.o
                0x02001c30                R_IOPORT_PinRead
 .text.R_IOPORT_PortRead
                0x02001c54       0x14 ./ra/fsp/src/r_ioport/r_ioport.o
                0x02001c54                R_IOPORT_PortRead
 .text.R_IOPORT_PortWrite
                0x02001c68       0x1c ./ra/fsp/src/r_ioport/r_ioport.o
                0x02001c68                R_IOPORT_PortWrite
 .text.R_IOPORT_PinWrite
                0x02001c84       0x28 ./ra/fsp/src/r_ioport/r_ioport.o
                0x02001c84                R_IOPORT_PinWrite
 .text.R_IOPORT_PortDirectionSet
                0x02001cac       0x2c ./ra/fsp/src/r_ioport/r_ioport.o
                0x02001cac                R_IOPORT_PortDirectionSet
 .text.R_IOPORT_PortEventInputRead
                0x02001cd8       0x18 ./ra/fsp/src/r_ioport/r_ioport.o
                0x02001cd8                R_IOPORT_PortEventInputRead
 .text.R_IOPORT_PinEventInputRead
                0x02001cf0       0x34 ./ra/fsp/src/r_ioport/r_ioport.o
                0x02001cf0                R_IOPORT_PinEventInputRead
 .text.R_IOPORT_PortEventOutputWrite
                0x02001d24       0x1c ./ra/fsp/src/r_ioport/r_ioport.o
                0x02001d24                R_IOPORT_PortEventOutputWrite
 .text.R_IOPORT_PinEventOutputWrite
                0x02001d40       0x34 ./ra/fsp/src/r_ioport/r_ioport.o
                0x02001d40                R_IOPORT_PinEventOutputWrite
 .text.bsp_vbatt_init
                0x02001d74       0xec ./ra/fsp/src/r_ioport/r_ioport.o
 .text.r_ioport_pins_config
                0x02001e60       0xb4 ./ra/fsp/src/r_ioport/r_ioport.o
 .text.R_IOPORT_Open
                0x02001f14       0x14 ./ra/fsp/src/r_ioport/r_ioport.o
                0x02001f14                R_IOPORT_Open
 .text.R_IOPORT_PinsCfg
                0x02001f28        0xc ./ra/fsp/src/r_ioport/r_ioport.o
                0x02001f28                R_IOPORT_PinsCfg
 .text.R_IOPORT_PinCfg
                0x02001f34       0xa8 ./ra/fsp/src/r_ioport/r_ioport.o
                0x02001f34                R_IOPORT_PinCfg
 .text.iic_master_notify
                0x02001fdc       0x3c ./ra/fsp/src/r_iic_master/r_iic_master.o
 .text.iic_master_open_hw_master
                0x02002018      0x218 ./ra/fsp/src/r_iic_master/r_iic_master.o
 .text.R_IIC_MASTER_Open
                0x02002230       0x84 ./ra/fsp/src/r_iic_master/r_iic_master.o
                0x02002230                R_IIC_MASTER_Open
 .text.R_IIC_MASTER_Close
                0x020022b4       0xe0 ./ra/fsp/src/r_iic_master/r_iic_master.o
                0x020022b4                R_IIC_MASTER_Close
 .text.iic_master_rxi_isr
                0x02002394      0x180 ./ra/fsp/src/r_iic_master/r_iic_master.o
                0x02002394                iic_master_rxi_isr
 .text.iic_master_txi_isr
                0x02002514      0x10c ./ra/fsp/src/r_iic_master/r_iic_master.o
                0x02002514                iic_master_txi_isr
 .text.iic_master_tei_isr
                0x02002620       0xdc ./ra/fsp/src/r_iic_master/r_iic_master.o
                0x02002620                iic_master_tei_isr
 .text.iic_master_eri_isr
                0x020026fc      0x134 ./ra/fsp/src/r_iic_master/r_iic_master.o
                0x020026fc                iic_master_eri_isr
 .text.R_ICU_ExternalIrqOpen
                0x02002830       0x84 ./ra/fsp/src/r_icu/r_icu.o
                0x02002830                R_ICU_ExternalIrqOpen
 .text.R_ICU_ExternalIrqEnable
                0x020028b4       0x44 ./ra/fsp/src/r_icu/r_icu.o
                0x020028b4                R_ICU_ExternalIrqEnable
 .text.R_ICU_ExternalIrqClose
                0x020028f8       0x4c ./ra/fsp/src/r_icu/r_icu.o
                0x020028f8                R_ICU_ExternalIrqClose
 .text.r_icu_isr
                0x02002944       0x78 ./ra/fsp/src/r_icu/r_icu.o
                0x02002944                r_icu_isr
 .text.r_gpt_call_callback
                0x020029bc       0x3c ./ra/fsp/src/r_gpt/r_gpt.o
 .text.R_GPT_InfoGet
                0x020029f8       0x88 ./ra/fsp/src/r_gpt/r_gpt.o
                0x020029f8                R_GPT_InfoGet
 .text.r_gpt_enable_irq
                0x02002a80       0x60 ./ra/fsp/src/r_gpt/r_gpt.o
 .text.R_GPT_Open
                0x02002ae0      0x138 ./ra/fsp/src/r_gpt/r_gpt.o
                0x02002ae0                R_GPT_Open
 .text.R_GPT_Close
                0x02002c18       0xa4 ./ra/fsp/src/r_gpt/r_gpt.o
                0x02002c18                R_GPT_Close
 .text.gpt_counter_overflow_isr
                0x02002cbc       0x90 ./ra/fsp/src/r_gpt/r_gpt.o
                0x02002cbc                gpt_counter_overflow_isr
 .text.R_GLCDC_Start
                0x02002d4c       0x3c ./ra/fsp/src/r_glcdc/r_glcdc.o
                0x02002d4c                R_GLCDC_Start
 .text.R_GLCDC_ClutUpdate
                0x02002d88       0x40 ./ra/fsp/src/r_glcdc/r_glcdc.o
                0x02002d88                R_GLCDC_ClutUpdate
 .text.R_GLCDC_Close
                0x02002dc8      0x134 ./ra/fsp/src/r_glcdc/r_glcdc.o
                0x02002dc8                R_GLCDC_Close
 .text.r_glcdc_graphics_layer_set
                0x02002efc      0x2d8 ./ra/fsp/src/r_glcdc/r_glcdc.o
 .text.R_GLCDC_Open
                0x020031d4      0x420 ./ra/fsp/src/r_glcdc/r_glcdc.o
                0x020031d4                R_GLCDC_Open
 .text.glcdc_line_detect_isr
                0x020035f4       0x80 ./ra/fsp/src/r_glcdc/r_glcdc.o
                0x020035f4                glcdc_line_detect_isr
 .text.SystemCoreClockUpdate
                0x02003674       0x8c ./ra/fsp/src/bsp/mcu/all/bsp_clocks.o
                0x02003674                SystemCoreClockUpdate
 .text.R_BSP_SubClockStabilizeWaitAfterReset
                0x02003700        0x4 ./ra/fsp/src/bsp/mcu/all/bsp_clocks.o
                0x02003700                R_BSP_SubClockStabilizeWaitAfterReset
 *fill*         0x02003704        0x4 ff
 .text.bsp_clock_init
                0x02003708      0x188 ./ra/fsp/src/bsp/mcu/all/bsp_clocks.o
                0x02003708                bsp_clock_init
 .text.R_BSP_Init_RTC
                0x02003890       0xb0 ./ra/fsp/src/bsp/mcu/all/bsp_clocks.o
                0x02003890                R_BSP_Init_RTC
 .text.R_FSP_VersionGet
                0x02003940        0xc ./ra/fsp/src/bsp/mcu/all/bsp_common.o
                0x02003940                R_FSP_VersionGet
 *fill*         0x0200394c        0x4 ff
 .text.bsp_prv_software_delay_loop
                0x02003950        0xc ./ra/fsp/src/bsp/mcu/all/bsp_delay.o
                0x02003950                bsp_prv_software_delay_loop
 .text.R_BSP_SoftwareDelay
                0x0200395c       0x80 ./ra/fsp/src/bsp/mcu/all/bsp_delay.o
                0x0200395c                R_BSP_SoftwareDelay
 .text.NMI_Handler
                0x020039dc       0x44 ./ra/fsp/src/bsp/mcu/all/bsp_group_irq.o
                0x020039dc                NMI_Handler
 .text.bsp_irq_cfg
                0x02003a20       0x2c ./ra/fsp/src/bsp/mcu/all/bsp_irq.o
                0x02003a20                bsp_irq_cfg
 .text.R_BSP_RegisterProtectEnable
                0x02003a4c       0x60 ./ra/fsp/src/bsp/mcu/all/bsp_register_protection.o
                0x02003a4c                R_BSP_RegisterProtectEnable
 .text.R_BSP_RegisterProtectDisable
                0x02003aac       0x54 ./ra/fsp/src/bsp/mcu/all/bsp_register_protection.o
                0x02003aac                R_BSP_RegisterProtectDisable
 .text.R_BSP_SdramInit
                0x02003b00       0xcc ./ra/fsp/src/bsp/mcu/all/bsp_sdram.o
                0x02003b00                R_BSP_SdramInit
 .text.Default_Handler
                0x02003bcc        0x4 ./ra/fsp/src/bsp/cmsis/Device/RENESAS/Source/startup.o
                0x02003bcc                DebugMon_Handler
                0x02003bcc                HardFault_Handler
                0x02003bcc                SysTick_Handler
                0x02003bcc                PendSV_Handler
                0x02003bcc                UsageFault_Handler
                0x02003bcc                SecureFault_Handler
                0x02003bcc                Default_Handler
                0x02003bcc                MemManage_Handler
                0x02003bcc                SVC_Handler
                0x02003bcc                BusFault_Handler
 .text.Reset_Handler
                0x02003bd0        0xc ./ra/fsp/src/bsp/cmsis/Device/RENESAS/Source/startup.o
                0x02003bd0                Reset_Handler
 *fill*         0x02003bdc        0x4 ff
 .text.SystemInit
                0x02003be0      0x1f0 ./ra/fsp/src/bsp/cmsis/Device/RENESAS/Source/system.o
                0x02003be0                SystemInit
 .text.bsp_init
                0x02003dd0        0x4 ./ra/board/ra8d1_ek/board_init.o
                0x02003dd0                bsp_init
 .text.memset   0x02003dd4       0x10 C:/Program Files (x86)/Arm GNU Toolchain arm-none-eabi/13.2 Rel1/bin/../lib/gcc/arm-none-eabi/13.2.1/thumb/v8-m.main+dp/hard\libg_nano.a(libc_a-memset.o)
                0x02003dd4                memset
 .text.memcpy   0x02003de4       0x1a C:/Program Files (x86)/Arm GNU Toolchain arm-none-eabi/13.2 Rel1/bin/../lib/gcc/arm-none-eabi/13.2.1/thumb/v8-m.main+dp/hard\libg_nano.a(libc_a-memcpy-stub.o)
                0x02003de4                memcpy
 *(.version)
 *fill*         0x02003dfe        0x2 ff
 .version       0x02003e00       0x50 ./ra/fsp/src/bsp/mcu/all/bsp_common.o
 *(.init)
 .init          0x02003e50        0x4 C:/Program Files (x86)/Arm GNU Toolchain arm-none-eabi/13.2 Rel1/bin/../lib/gcc/arm-none-eabi/13.2.1/thumb/v8-m.main+dp/hard/crti.o
                0x02003e50                _init
 .init          0x02003e54        0x8 C:/Program Files (x86)/Arm GNU Toolchain arm-none-eabi/13.2 Rel1/bin/../lib/gcc/arm-none-eabi/13.2.1/thumb/v8-m.main+dp/hard/crtn.o
 *(.fini)
 .fini          0x02003e5c        0x4 C:/Program Files (x86)/Arm GNU Toolchain arm-none-eabi/13.2 Rel1/bin/../lib/gcc/arm-none-eabi/13.2.1/thumb/v8-m.main+dp/hard/crti.o
                0x02003e5c                _fini
 .fini          0x02003e60        0x8 C:/Program Files (x86)/Arm GNU Toolchain arm-none-eabi/13.2 Rel1/bin/../lib/gcc/arm-none-eabi/13.2.1/thumb/v8-m.main+dp/hard/crtn.o
 *crtbegin.o(.ctors)
 *crtbegin?.o(.ctors)
 *(EXCLUDE_FILE(*crtend.o *crtend?.o) .ctors)
 *(SORT_BY_NAME(.ctors.*))
 *(.ctors)
 *crtbegin.o(.dtors)
 *crtbegin?.o(.dtors)
 *(EXCLUDE_FILE(*crtend.o *crtend?.o) .dtors)
 *(SORT_BY_NAME(.dtors.*))
 *(.dtors)
 *(.rodata*)
 .rodata._DoInit.str1.4
                0x02003e68      0x7a4 ./src/SEGGER_RTT/SEGGER_RTT.o
                                  0x9 (size before relaxing)
 *fill*         0x0200460c        0x4 ff
 .rodata._aInitStr.0
                0x02004610       0x11 ./src/SEGGER_RTT/SEGGER_RTT.o
 .rodata.SEGGER_RTT_vprintf.str1.4
                0x02004621        0x7 ./src/SEGGER_RTT/SEGGER_RTT_printf.o
 *fill*         0x02004621        0x7 ff
 .rodata._aV2C.0
                0x02004628       0x10 ./src/SEGGER_RTT/SEGGER_RTT_printf.o
 .rodata        0x02004638       0x20 ./src/graphics_rendering.o
 .rodata.handle_error.part.0.str1.4
                0x02004658       0xb3 ./src/mipi_dsi_ep.o
 .rodata.mipi_dsi_push_table.str1.4
                0x02004658       0x25 ./src/mipi_dsi_ep.o
 .rodata.mipi_dsi_start_display.str1.4
                0x02004658       0x6a ./src/mipi_dsi_ep.o
 .rodata.mipi_dsi_entry.str1.4
                0x02004658      0x648 ./src/mipi_dsi_ep.o
 .rodata.__FUNCTION__.0
                0x02004658        0xd ./src/mipi_dsi_ep.o
 *fill*         0x02004665        0x3 ff
 .rodata.g_lcd_init_focuslcd
                0x02004668      0x625 ./src/mipi_dsi_ep.o
                0x02004668                g_lcd_init_focuslcd
 *fill*         0x02004c8d        0x3 ff
 .rodata.g_ioport
                0x02004c90        0xc ./ra_gen/common_data.o
                0x02004c90                g_ioport
 .rodata.g_display_cfg
                0x02004c9c       0x88 ./ra_gen/common_data.o
                0x02004c9c                g_display_cfg
 .rodata.g_display_extend_cfg
                0x02004d24       0x10 ./ra_gen/common_data.o
                0x02004d24                g_display_extend_cfg
 .rodata.g_mipi_dsi0
                0x02004d34        0xc ./ra_gen/common_data.o
                0x02004d34                g_mipi_dsi0
 .rodata.g_mipi_dsi0_cfg
                0x02004d40       0x6c ./ra_gen/common_data.o
                0x02004d40                g_mipi_dsi0_cfg
 .rodata.g_mipi_dsi0_extended_cfg
                0x02004dac       0x24 ./ra_gen/common_data.o
                0x02004dac                g_mipi_dsi0_extended_cfg
 .rodata.g_mipi_dsi0_timing
                0x02004dd0       0x10 ./ra_gen/common_data.o
                0x02004dd0                g_mipi_dsi0_timing
 .rodata.g_mipi_phy0
                0x02004de0        0xc ./ra_gen/common_data.o
                0x02004de0                g_mipi_phy0
 .rodata.g_mipi_phy0_cfg
                0x02004dec        0xc ./ra_gen/common_data.o
                0x02004dec                g_mipi_phy0_cfg
 .rodata.g_mipi_phy0_timing
                0x02004df8       0x14 ./ra_gen/common_data.o
                0x02004df8                g_mipi_phy0_timing
 .rodata.g_external_irq_cfg
                0x02004e0c       0x14 ./ra_gen/common_data.o
                0x02004e0c                g_external_irq_cfg
 .rodata.g_i2c_master_cfg
                0x02004e20       0x28 ./ra_gen/hal_data.o
                0x02004e20                g_i2c_master_cfg
 .rodata.g_i2c_master_extend
                0x02004e48        0x8 ./ra_gen/hal_data.o
                0x02004e48                g_i2c_master_extend
 .rodata.g_timer0_cfg
                0x02004e50       0x20 ./ra_gen/hal_data.o
                0x02004e50                g_timer0_cfg
 .rodata.g_timer0_extend
                0x02004e70       0x3c ./ra_gen/hal_data.o
                0x02004e70                g_timer0_extend
 .rodata.g_bsp_pin_cfg
                0x02004eac        0xc ./ra_gen/pin_data.o
                0x02004eac                g_bsp_pin_cfg
 .rodata.g_bsp_pin_cfg_data
                0x02004eb8      0x4b0 ./ra_gen/pin_data.o
                0x02004eb8                g_bsp_pin_cfg_data
 .rodata.g_interrupt_event_link_select
                0x02005368       0xc0 ./ra_gen/vector_data.o
                0x02005368                g_interrupt_event_link_select
 .rodata.g_mipi_phy
                0x02005428        0x8 ./ra/fsp/src/r_mipi_phy/r_mipi_phy.o
                0x02005428                g_mipi_phy
 .rodata.g_mipi_dsi
                0x02005430       0x20 ./ra/fsp/src/r_mipi_dsi/r_mipi_dsi.o
                0x02005430                g_mipi_dsi
 .rodata.g_vbatt_pins_input
                0x02005450        0x6 ./ra/fsp/src/r_ioport/r_ioport.o
 *fill*         0x02005456        0x2 ff
 .rodata.g_ioport_on_ioport
                0x02005458       0x34 ./ra/fsp/src/r_ioport/r_ioport.o
                0x02005458                g_ioport_on_ioport
 .rodata.g_pdtha_lut
                0x0200548c        0x4 ./ra/fsp/src/r_glcdc/r_glcdc.o
 .rodata.g_outset_lut
                0x02005490        0x4 ./ra/fsp/src/r_glcdc/r_glcdc.o
 *fill*         0x02005494        0x4 ff
 .rodata.g_pixsize_lut
                0x02005498       0x10 ./ra/fsp/src/r_glcdc/r_glcdc.o
 .rodata.g_format_lut
                0x020054a8        0x8 ./ra/fsp/src/r_glcdc/r_glcdc.o
 .rodata.g_tcon_lut
                0x020054b0       0x10 ./ra/fsp/src/r_glcdc/r_glcdc.o
 .rodata.g_prcr_masks
                0x020054c0        0x8 ./ra/fsp/src/bsp/mcu/all/bsp_register_protection.o
                0x020054c8                        __usb_dev_descriptor_start_fs = .
 *(.usb_device_desc_fs*)
                0x020054c8                        __usb_cfg_descriptor_start_fs = .
 *(.usb_config_desc_fs*)
                0x020054c8                        __usb_interface_descriptor_start_fs = .
 *(.usb_interface_desc_fs*)
                0x020054c8                        __usb_descriptor_end_fs = .
                0x020054c8                        __usb_dev_descriptor_start_hs = .
 *(.usb_device_desc_hs*)
                0x020054c8                        __usb_cfg_descriptor_start_hs = .
 *(.usb_config_desc_hs*)
                0x020054c8                        __usb_interface_descriptor_start_hs = .
 *(.usb_interface_desc_hs*)
                0x020054c8                        __usb_descriptor_end_hs = .
 *(.eh_frame*)
 .eh_frame      0x020054c8        0x0 C:/Program Files (x86)/Arm GNU Toolchain arm-none-eabi/13.2 Rel1/bin/../lib/gcc/arm-none-eabi/13.2.1/thumb/v8-m.main+dp/hard/crtbegin.o
 .eh_frame      0x020054c8       0x28 C:/Program Files (x86)/Arm GNU Toolchain arm-none-eabi/13.2 Rel1/bin/../lib/gcc/arm-none-eabi/13.2.1/thumb/v8-m.main+dp/hard\libg_nano.a(libc_a-strlen.o)
 .eh_frame      0x020054f0        0x4 C:/Program Files (x86)/Arm GNU Toolchain arm-none-eabi/13.2 Rel1/bin/../lib/gcc/arm-none-eabi/13.2.1/thumb/v8-m.main+dp/hard/crtend.o
                0x020054f4                        __ROM_End = .
                0x000001c0                        __Vectors_Size = (__Vectors_End - __Vectors)

.glue_7         0x020054f4        0x0
 .glue_7        0x020054f4        0x0 linker stubs

.glue_7t        0x020054f4        0x0
 .glue_7t       0x020054f4        0x0 linker stubs

.vfp11_veneer   0x020054f4        0x0
 .vfp11_veneer  0x020054f4        0x0 linker stubs

.v4_bx          0x020054f4        0x0
 .v4_bx         0x020054f4        0x0 linker stubs

.iplt           0x020054f4        0x0
 .iplt          0x020054f4        0x0 C:/Program Files (x86)/Arm GNU Toolchain arm-none-eabi/13.2 Rel1/bin/../lib/gcc/arm-none-eabi/13.2.1/thumb/v8-m.main+dp/hard/crtbegin.o
                0x020054f4                        . = .
                0x020054f4                        __itcm_data_pre_location = .

.itcm_data      0x00000000        0x0 load address 0x02005500
                0x00000000                        __tz_ITCM_S = ABSOLUTE (ITCM_START)
                0x00000000                        __itcm_data_start = .
 *(.itcm_data*)
                0x00000000                        . = ALIGN (0x8)
                0x00000000                        __itcm_data_end = .
                0x00000000                        __tz_ITCM_N = DEFINED (ITCM_NS_START)?ABSOLUTE (ITCM_NS_START):ALIGN (__itcm_data_end, 0x2000)
                0x02005500                        __itcm_data_init_start = LOADADDR (.itcm_data)
                0x02005500                        __itcm_data_init_end = (LOADADDR (.itcm_data) + SIZEOF (.itcm_data))
                0x00000001                        ASSERT (((ORIGIN (ITCM) % 0x8) == 0x0), ITCM memory region origin must be aligned to 8 bytes.)
                0x00000001                        ASSERT (((LENGTH (ITCM) % 0x8) == 0x0), ITCM memory region length must be a multiple of 8 bytes.)
                0x00000001                        ASSERT (((LOADADDR (.itcm_data) % 0x10) == 0x0), .itcm_data section must be aligned to 16 bytes.)
                0x00000001                        ASSERT (((SIZEOF (.itcm_data) % 0x8) == 0x0), .itcm_data section size must be a multiple of 8 bytes.)
                0x020054f4                        . = (SIZEOF (.itcm_data) > 0x0)?__itcm_data_init_end:__itcm_data_pre_location
                0x020054f4                        __exidx_start = .

/DISCARD/
 *(.ARM.extab* .gnu.linkonce.armextab.*)
 *(.ARM.exidx* .gnu.linkonce.armexidx.*)
                0x020054f4                        __exidx_end = .
                0x020054f4                        __etext = .
                0x22000000                        __tz_RAM_S = ORIGIN (RAM)

.fsp_dtc_vector_table
                0x22000000        0x0
                0x22000000                        . = ORIGIN (RAM)
 *(.fsp_dtc_vector_table)

.data           0x22000000       0x54 load address 0x020054f4
                0x22000000                        __data_start__ = .
                0x22000000                        . = ALIGN (0x4)
                0x22000000                        __Code_In_RAM_Start = .
 *(.code_in_ram*)
                0x22000000                        __Code_In_RAM_End = .
 *(vtable)
 *(.data.*)
 .data.clut_cfg
                0x22000000        0x8 ./src/graphics_rendering.o
                0x22000000                clut_cfg
 .data.clut_8   0x22000008       0x40 ./src/graphics_rendering.o
                0x22000008                clut_8
 .data.g_clut_data_latched
                0x22000048        0x2 ./ra/fsp/src/r_glcdc/r_glcdc.o
 *(.data)
                0x2200004c                        . = ALIGN (0x4)
 *fill*         0x2200004a        0x2 
                0x2200004c                        PROVIDE (__preinit_array_start = .)
 *(.preinit_array)
                0x2200004c                        PROVIDE (__preinit_array_end = .)
                0x2200004c                        . = ALIGN (0x4)
                0x2200004c                        PROVIDE (__init_array_start = .)
 *(SORT_BY_NAME(.init_array.*))
 *(.init_array)
 .init_array    0x2200004c        0x4 C:/Program Files (x86)/Arm GNU Toolchain arm-none-eabi/13.2 Rel1/bin/../lib/gcc/arm-none-eabi/13.2.1/thumb/v8-m.main+dp/hard/crtbegin.o
                0x22000050                        PROVIDE (__init_array_end = .)
                0x22000050                        . = ALIGN (0x4)
                [!provide]                        PROVIDE (__fini_array_start = .)
 *(SORT_BY_NAME(.fini_array.*))
 *(.fini_array)
 .fini_array    0x22000050        0x4 C:/Program Files (x86)/Arm GNU Toolchain arm-none-eabi/13.2 Rel1/bin/../lib/gcc/arm-none-eabi/13.2.1/thumb/v8-m.main+dp/hard/crtbegin.o
                [!provide]                        PROVIDE (__fini_array_end = .)
 *(.jcr*)
                0x22000054                        . = ALIGN (0x4)
                0x22000054                        __data_end__ = .

.tm_clone_table
                0x22000054        0x0 load address 0x02005548
 .tm_clone_table
                0x22000054        0x0 C:/Program Files (x86)/Arm GNU Toolchain arm-none-eabi/13.2 Rel1/bin/../lib/gcc/arm-none-eabi/13.2.1/thumb/v8-m.main+dp/hard/crtbegin.o
 .tm_clone_table
                0x22000054        0x0 C:/Program Files (x86)/Arm GNU Toolchain arm-none-eabi/13.2 Rel1/bin/../lib/gcc/arm-none-eabi/13.2.1/thumb/v8-m.main+dp/hard/crtend.o

.igot.plt       0x22000054        0x0 load address 0x02005548
 .igot.plt      0x22000054        0x0 C:/Program Files (x86)/Arm GNU Toolchain arm-none-eabi/13.2 Rel1/bin/../lib/gcc/arm-none-eabi/13.2.1/thumb/v8-m.main+dp/hard/crtbegin.o
                0x22000054                        . = .
                0x02005548                        __dtcm_data_pre_location = (LOADADDR (.data) + SIZEOF (.data))

.dtcm_data      0x20000000        0x0 load address 0x02005550
                0x20000000                        __tz_DTCM_S = ABSOLUTE (DTCM_START)
                0x20000000                        __dtcm_data_start = .
 *(.dtcm_data*)
                0x20000000                        . = ALIGN (0x8)
                0x20000000                        __dtcm_data_end = .
                0x20000000                        . = __dtcm_data_end

.dtcm_bss       0x20000000        0x0
                0x20000000                        __dtcm_bss_start = .
 *(.dtcm_bss*)
                0x20000000                        . = ALIGN (0x8)
                0x20000000                        __dtcm_bss_end = .
                0x20000000                        __tz_DTCM_N = DEFINED (DTCM_NS_START)?ABSOLUTE (DTCM_NS_START):ALIGN (__dtcm_bss_end, 0x2000)
                0x02005550                        __dtcm_data_init_start = LOADADDR (.dtcm_data)
                0x02005550                        __dtcm_data_init_end = (LOADADDR (.dtcm_data) + SIZEOF (.dtcm_data))
                0x00000001                        ASSERT (((ORIGIN (DTCM) % 0x8) == 0x0), DTCM memory region origin must be aligned to 8 bytes.)
                0x00000001                        ASSERT (((LENGTH (DTCM) % 0x8) == 0x0), DTCM memory region length must be a multiple of 8 bytes.)
                0x00000001                        ASSERT ((LOADADDR (.dtcm_bss) == ADDR (.dtcm_bss)), .dtcm_bss has (VMA != LMA) but should be NOLOAD (VMA == LMA).)
                0x00000001                        ASSERT (((LOADADDR (.dtcm_data) % 0x10) == 0x0), .dtcm_data section must be aligned to 16 bytes.)
                0x00000001                        ASSERT (((SIZEOF (.dtcm_data) % 0x8) == 0x0), .dtcm_data section size must be a multiple of 8 bytes.)
                0x00000001                        ASSERT (((LOADADDR (.dtcm_bss) % 0x8) == 0x0), .dtcm_bss section must be aligned to 8 bytes.)
                0x00000001                        ASSERT (((SIZEOF (.dtcm_bss) % 0x8) == 0x0), .dtcm_bss section size must be a multiple of 8 bytes.)
                0x00000001                        ASSERT ((__dtcm_bss_start == __dtcm_data_end), .dtcm_bss section is not adjacent to .dtcm_data section.)
                0x02005548                        . = (SIZEOF (.dtcm_data) > 0x0)?__dtcm_data_init_end:__dtcm_data_pre_location
                0x02005548                        sgstubs_pre_location = .
                0x02005800                        SGSTUBS_LOC = (DEFINED (PROJECT_SECURE) && DEFINED (FLASH_NSC_START))?ABSOLUTE (FLASH_NSC_START):ALIGN (0x400)

.gnu.sgstubs    0x02005800        0x0
                0x02005800                        __FLASH_NSC_START = DEFINED (FLASH_NSC_START)?ABSOLUTE (FLASH_NSC_START):__RESERVE_NS_RAM?ABSOLUTE ((FLASH_START + FLASH_LENGTH)):ALIGN (0x400)
                0x02005800                        _start_sg = .
 *(.gnu.sgstubs*)
                0x02005800                        . = ALIGN (0x20)
                0x02005800                        _end_sg = .
                0x02008000                        __tz_FLASH_N = DEFINED (FLASH_NS_START)?ABSOLUTE (FLASH_NS_START):__RESERVE_NS_RAM?ABSOLUTE ((FLASH_START + FLASH_LENGTH)):(FLASH_LENGTH < 0x8000)?FLASH_LENGTH:ALIGN (0x8000)
                0x02008000                        FLASH_NS_IMAGE_START = DEFINED (FLASH_NS_IMAGE_START)?FLASH_NS_IMAGE_START:__tz_FLASH_N
                0x60000000                        __tz_QSPI_FLASH_S = ORIGIN (QSPI_FLASH)

.qspi_flash     0x60000000        0x0
                0x60000000                        __qspi_flash_start__ = .
 *(.qspi_flash*)
 *(.code_in_qspi*)
                0x60000000                        __qspi_flash_end__ = .
                0x00000000                        __qspi_flash_code_size__ = (__qspi_flash_end__ - __qspi_flash_start__)
                0x02005548                        __qspi_flash_code_addr__ = sgstubs_pre_location

.qspi_non_retentive
                0x60000000        0x0 load address 0x02005548
                0x60000000                        __qspi_non_retentive_start__ = .
 *(.qspi_non_retentive*)
                0x60000000                        __qspi_non_retentive_end__ = .
                0x00000000                        __qspi_non_retentive_size__ = (__qspi_non_retentive_end__ - __qspi_non_retentive_start__)
                0x04000000                        __qspi_region_max_size__ = 0x4000000
                0x60000000                        __qspi_region_start_address__ = __qspi_flash_start__
                0x64000000                        __qspi_region_end_address__ = (__qspi_flash_start__ + __qspi_region_max_size__)
                0x60000000                        __tz_QSPI_FLASH_N = __qspi_non_retentive_end__

.OSPI_DEVICE_0_NO_LOAD
                0x80000000        0x0
                0x80000000                        . = ALIGN (0x4)
                0x80000000                        __ospi_device_0_start__ = .
 *(.ospi_device_0_no_load*)
                0x80000000                        . = ALIGN (0x4)
                0x80000000                        __ospi_device_0_end__ = .

.OSPI_DEVICE_1_NO_LOAD
                0x90000000        0x0
                0x90000000                        . = ALIGN (0x4)
                0x90000000                        __ospi_device_1_start__ = .
 *(.ospi_device_1_no_load*)
                0x90000000                        . = ALIGN (0x4)
                0x90000000                        __ospi_device_1_end__ = .
                0x80000000                        __tz_OSPI_DEVICE_0_S = ORIGIN (OSPI_DEVICE_0)

.OSPI_DEVICE_0  0x80000000        0x0
                0x80000000                        __ospi_device_0_start__ = .
 *(.ospi_device_0*)
 *(.code_in_ospi_device_0*)
                0x80000000                        __ospi_device_0_end__ = .
                0x00000000                        __ospi_device_0_code_size__ = (__ospi_device_0_end__ - __ospi_device_0_start__)
                0x02005548                        __ospi_device_0_code_addr__ = (sgstubs_pre_location + SIZEOF (.qspi_non_retentive))

.ospi_device_0_non_retentive
                0x80000000        0x0 load address 0x02005548
                0x80000000                        __ospi_device_0_non_retentive_start__ = .
 *(.ospi_device_0_non_retentive*)
                0x80000000                        __ospi_device_0_non_retentive_end__ = .
                0x00000000                        __ospi_device_0_non_retentive_size__ = (__ospi_device_0_non_retentive_end__ - __ospi_device_0_non_retentive_start__)
                0x08000000                        __ospi_device_0_region_max_size__ = 0x8000000
                0x80000000                        __ospi_device_0_region_start_address__ = __ospi_device_0_start__
                0x88000000                        __ospi_device_0_region_end_address__ = (__ospi_device_0_start__ + __ospi_device_0_region_max_size__)
                0x80000000                        __tz_OSPI_DEVICE_0_N = __ospi_device_0_non_retentive_end__
                0x90000000                        __tz_OSPI_DEVICE_1_S = ORIGIN (OSPI_DEVICE_1)

.OSPI_DEVICE_1  0x90000000        0x0
                0x90000000                        __ospi_device_1_start__ = .
 *(.ospi_device_1*)
 *(.code_in_ospi_device_1*)
                0x90000000                        __ospi_device_1_end__ = .
                0x00000000                        __ospi_device_1_code_size__ = (__ospi_device_1_end__ - __ospi_device_1_start__)
                0x02005548                        __ospi_device_1_code_addr__ = (sgstubs_pre_location + (SIZEOF (.qspi_non_retentive) + SIZEOF (.ospi_device_0_non_retentive)))

.ospi_device_1_non_retentive
                0x90000000        0x0 load address 0x02005548
                0x90000000                        __ospi_device_1_non_retentive_start__ = .
 *(.ospi_device_1_non_retentive*)
                0x90000000                        __ospi_device_1_non_retentive_end__ = .
                0x00000000                        __ospi_device_1_non_retentive_size__ = (__ospi_device_1_non_retentive_end__ - __ospi_device_1_non_retentive_start__)
                0x10000000                        __ospi_device_1_region_max_size__ = 0x10000000
                0x90000000                        __ospi_device_1_region_start_address__ = __ospi_device_1_start__
                0xa0000000                        __ospi_device_1_region_end_address__ = (__ospi_device_1_start__ + __ospi_device_1_region_max_size__)
                0x90000000                        __tz_OSPI_DEVICE_1_N = __ospi_device_1_non_retentive_end__

.noinit         0x22000054       0x2c
                0x22000054                        . = ALIGN (0x4)
                0x22000054                        __noinit_start = .
 *(.noinit*)
 .noinit        0x22000054       0x2c ./ra/fsp/src/bsp/mcu/all/bsp_clocks.o
                0x22000080                        . = ALIGN (0x8)
 *(.heap.*)
                0x22000080                        __noinit_end = .
                0x22000080                        . = .
                0x22000080                        __nocache_pre_location = .

.nocache        0x22000080        0x0
                0x22000080                        __nocache_start = .
 *(.nocache)
                0x22000080                        . = ALIGN (0x20)
                0x22000080                        __nocache_end = .
                0x22000080                        . = (SIZEOF (.nocache) > 0x0)?__nocache_end:__nocache_pre_location

.bss            0x22000080    0xd63dc
                0x22000080                        . = ALIGN (0x4)
                0x22000080                        __bss_start__ = .
 *(.bss*)
 .bss.completed.1
                0x22000080        0x1 C:/Program Files (x86)/Arm GNU Toolchain arm-none-eabi/13.2 Rel1/bin/../lib/gcc/arm-none-eabi/13.2.1/thumb/v8-m.main+dp/hard/crtbegin.o
 *fill*         0x22000081        0x3 
 .bss.object.0  0x22000084       0x18 C:/Program Files (x86)/Arm GNU Toolchain arm-none-eabi/13.2 Rel1/bin/../lib/gcc/arm-none-eabi/13.2.1/thumb/v8-m.main+dp/hard/crtbegin.o
 *fill*         0x2200009c        0x4 
 .bss._acDownBuffer
                0x220000a0       0x10 ./src/SEGGER_RTT/SEGGER_RTT.o
 .bss._acUpBuffer
                0x220000b0      0x800 ./src/SEGGER_RTT/SEGGER_RTT.o
 .bss._SEGGER_RTT
                0x220008b0       0xa8 ./src/SEGGER_RTT/SEGGER_RTT.o
                0x220008b0                _SEGGER_RTT
 .bss.g_hstride1
                0x22000958        0x4 ./src/graphics_rendering.o
                0x22000958                g_hstride1
 .bss.g_buffer_size1
                0x2200095c        0x4 ./src/graphics_rendering.o
                0x2200095c                g_buffer_size1
 .bss.g_vr_size1
                0x22000960        0x2 ./src/graphics_rendering.o
                0x22000960                g_vr_size1
 .bss.g_hz_size1
                0x22000962        0x2 ./src/graphics_rendering.o
                0x22000962                g_hz_size1
 .bss.gp_double_buffer
                0x22000964        0x4 ./src/graphics_rendering.o
                0x22000964                gp_double_buffer
 .bss.gp_single_buffer
                0x22000968        0x4 ./src/graphics_rendering.o
                0x22000968                gp_single_buffer
 .bss.g_hstride
                0x2200096c        0x4 ./src/graphics_rendering.o
                0x2200096c                g_hstride
 .bss.g_buffer_size
                0x22000970        0x4 ./src/graphics_rendering.o
                0x22000970                g_buffer_size
 .bss.g_vr_size
                0x22000974        0x2 ./src/graphics_rendering.o
                0x22000974                g_vr_size
 .bss.g_hz_size
                0x22000976        0x2 ./src/graphics_rendering.o
                0x22000976                g_hz_size
 .bss.g_i2c_master_event
                0x22000978        0x1 ./src/gt911.o
                0x22000978                g_i2c_master_event
 .bss.g_timer_overflow
                0x22000979        0x1 ./src/mipi_dsi_ep.o
                0x22000979                g_timer_overflow
 .bss.g_irq_state
                0x2200097a        0x1 ./src/mipi_dsi_ep.o
                0x2200097a                g_irq_state
 .bss.g_message_sent
                0x2200097b        0x1 ./src/mipi_dsi_ep.o
                0x2200097b                g_message_sent
 .bss.g_vsync_flag
                0x2200097c        0x1 ./src/mipi_dsi_ep.o
                0x2200097c                g_vsync_flag
 *fill*         0x2200097d        0x3 
 .bss.timer_info
                0x22000980        0xc ./src/mipi_dsi_ep.o
                0x22000980                timer_info
 .bss.g_phy_status
                0x2200098c        0x4 ./src/mipi_dsi_ep.o
                0x2200098c                g_phy_status
 *fill*         0x22000990       0x30 
 .bss           0x220009c0    0xd5800 ./ra_gen/common_data.o
                0x220009c0                fb_foreground
 .bss.g_ioport_ctrl
                0x220d61c0        0x8 ./ra_gen/common_data.o
                0x220d61c0                g_ioport_ctrl
 .bss.g_display_ctrl
                0x220d61c8       0x10 ./ra_gen/common_data.o
                0x220d61c8                g_display_ctrl
 .bss.g_mipi_dsi0_ctrl
                0x220d61d8       0x18 ./ra_gen/common_data.o
                0x220d61d8                g_mipi_dsi0_ctrl
 .bss.g_mipi_phy0_ctrl
                0x220d61f0        0x8 ./ra_gen/common_data.o
                0x220d61f0                g_mipi_phy0_ctrl
 .bss.g_external_irq_ctrl
                0x220d61f8       0x10 ./ra_gen/common_data.o
                0x220d61f8                g_external_irq_ctrl
 .bss.g_i2c_master_ctrl
                0x220d6208       0x40 ./ra_gen/hal_data.o
                0x220d6208                g_i2c_master_ctrl
 .bss.g_timer0_ctrl
                0x220d6248       0x20 ./ra_gen/hal_data.o
                0x220d6248                g_timer0_ctrl
 .bss.g_video_started
                0x220d6268        0x1 ./ra/fsp/src/r_mipi_dsi/r_mipi_dsi.o
 .bss.g_clock_state
                0x220d6269        0x1 ./ra/fsp/src/r_mipi_dsi/r_mipi_dsi.o
 *fill*         0x220d626a        0x2 
 .bss.g_frame_ctr
                0x220d626c        0x4 ./ra/fsp/src/r_glcdc/r_glcdc.o
 .bss.g_fade_pending
                0x220d6270        0x8 ./ra/fsp/src/r_glcdc/r_glcdc.o
 .bss.g_ctrl_blk
                0x220d6278        0xc ./ra/fsp/src/r_glcdc/r_glcdc.o
 *fill*         0x220d6284        0x4 
 .bss.g_bsp_group_irq_sources
                0x220d6288       0x40 ./ra/fsp/src/bsp/mcu/all/bsp_group_irq.o
                0x220d6288                g_bsp_group_irq_sources
 .bss.g_protect_pfswe_counter
                0x220d62c8        0x4 ./ra/fsp/src/bsp/mcu/all/bsp_io.o
                0x220d62c8                g_protect_pfswe_counter
 *fill*         0x220d62cc        0x4 
 .bss.gp_renesas_isr_context
                0x220d62d0      0x180 ./ra/fsp/src/bsp/mcu/all/bsp_irq.o
                0x220d62d0                gp_renesas_isr_context
 .bss.g_protect_counters
                0x220d6450        0x8 ./ra/fsp/src/bsp/mcu/all/bsp_register_protection.o
                0x220d6450                g_protect_counters
 .bss.SystemCoreClock
                0x220d6458        0x4 ./ra/fsp/src/bsp/cmsis/Device/RENESAS/Source/system.o
                0x220d6458                SystemCoreClock
 *(COMMON)
                0x220d645c                        . = ALIGN (0x4)
                0x220d645c                        __bss_end__ = .

.heap           0x220d645c        0x4
                0x220d6460                        . = ALIGN (0x8)
 *fill*         0x220d645c        0x4 
                0x220d6460                        __HeapBase = .
 *(.heap)
                0x220d6460                        __HeapLimit = .

.stack_dummy    0x220d6460      0x400
                0x220d6460                        . = ALIGN (0x8)
                0x220d6460                        __StackLimit = .
 *(.stack)
 .stack         0x220d6460      0x400 ./ra/fsp/src/bsp/cmsis/Device/RENESAS/Source/startup.o
                0x220d6860                        __StackTop = .
 *(.stack*)
                0x220d6860                        __StackTopAll = .
                0x220d6860                        PROVIDE (__stack = __StackTopAll)
                0x220d6860                        __RAM_segment_used_end__ = ALIGN (__StackTopAll, 0x4)
                0x220d6c00                        __RAM_NSC_START = DEFINED (RAM_NSC_START)?ABSOLUTE ((RAM_NSC_START - RAM_NS_BUFFER_BLOCK_LENGTH)):__RESERVE_NS_RAM?ABSOLUTE (RAM_NS_BUFFER_BLOCK_START):ALIGN (__RAM_segment_used_end__, 0x400)
                0x220d8000                        __tz_RAM_N = DEFINED (FLASH_BOOTLOADER_LENGTH)?((RAM_START + RAM_LENGTH) - RAM_APPLICATION_NS_LENGTH):DEFINED (RAM_NS_START)?ABSOLUTE ((RAM_NS_START - RAM_NS_BUFFER_BLOCK_LENGTH)):__RESERVE_NS_RAM?ABSOLUTE (RAM_NS_BUFFER_BLOCK_START):ALIGN (__RAM_NSC_START, 0x2000)

.ns_buffer      0x220d6860        0x0
                0x220d6860                        . = __RESERVE_NS_RAM?ABSOLUTE ((RAM_NS_BUFFER_START & 0xffffffe0)):.
 *(.ns_buffer*)

.data_flash     0x27000000        0x0
                0x27000000                        . = ORIGIN (DATA_FLASH)
                0x27000000                        __tz_DATA_FLASH_S = .
                0x27000000                        __Data_Flash_Start = .
 *(.data_flash*)
                0x27000000                        __Data_Flash_End = .
                0x27000000                        __tz_DATA_FLASH_N = DEFINED (DATA_FLASH_NS_START)?ABSOLUTE (DATA_FLASH_NS_START):__RESERVE_NS_RAM?ABSOLUTE ((DATA_FLASH_START + DATA_FLASH_LENGTH)):ALIGN (0x400)
                0x68000000                        __tz_SDRAM_S = ORIGIN (SDRAM)

.sdram          0x68000000   0x320a00
                0x68000000                        __SDRAM_Start = .
 *(.sdram*)
 .sdram         0x68000000   0x320a00 ./ra_gen/common_data.o
                0x68000000                fb_background
 *(.frame*)
                0x68320a00                        __SDRAM_End = .
                0x68320a00                        . = .
                0x68320a00                        __nocache_sdram_pre_location = .

.nocache_sdram  0x68320a00        0x0
                0x68320a00                        __nocache_sdram_start = .
 *(.nocache_sdram)
                0x68320a00                        . = ALIGN (0x20)
                0x68320a00                        __nocache_sdram_end = .
                0x68320a00                        . = (SIZEOF (.nocache_sdram) > 0x0)?__nocache_sdram_end:__nocache_sdram_pre_location
                0x68320a00                        __tz_SDRAM_N = __SDRAM_End
                0x00000000                        __tz_ID_CODE_S = ORIGIN (ID_CODE)
                0x00000000                        __tz_ID_CODE_N = __tz_ID_CODE_S

.id_code        0x00000000        0x0
                0x00000000                        __ID_Code_Start = .
 *(.id_code*)
                0x00000000                        __ID_Code_End = .
                0x0300a100                        __tz_OPTION_SETTING_S = ORIGIN (OPTION_SETTING_OFS)

.option_setting_ofs
                0x0300a100       0x14
                0x0300a100                        __OPTION_SETTING_OFS_Start = .
 *(.option_setting_ofs0)
 .option_setting_ofs0
                0x0300a100        0x4 ./ra/fsp/src/bsp/mcu/all/bsp_rom_registers.o
                0x0300a104                        . = PROJECT_SECURE_OR_FLAT?(__OPTION_SETTING_OFS_Start + 0x4):__OPTION_SETTING_OFS_Start
 *(.option_setting_ofs2)
 .option_setting_ofs2
                0x0300a104        0x4 ./ra/fsp/src/bsp/mcu/all/bsp_rom_registers.o
                0x0300a110                        . = PROJECT_SECURE_OR_FLAT?(__OPTION_SETTING_OFS_Start + 0x10):__OPTION_SETTING_OFS_Start
 *fill*         0x0300a108        0x8 ff
 *(.option_setting_dualsel)
 .option_setting_dualsel
                0x0300a110        0x4 ./ra/fsp/src/bsp/mcu/all/bsp_rom_registers.o
                0x0300a114                        __OPTION_SETTING_OFS_End = .

.option_setting_sas
                0x0300a134        0x4
                0x0300a134                        __OPTION_SETTING_SAS_Start = .
 *(.option_setting_sas)
 .option_setting_sas
                0x0300a134        0x4 ./ra/fsp/src/bsp/mcu/all/bsp_rom_registers.o
                0x0300a138                        __OPTION_SETTING_SAS_End = .
                0x0300a180                        __tz_OPTION_SETTING_N = ABSOLUTE (OPTION_SETTING_START_NS)

.option_setting_ns
                0x0300a100        0x0
                0x0300a100                        __OPTION_SETTING_NS_Start = .
 *(.option_setting_ofs1)
                0x0300a100                        . = USE_OPTION_SETTING_NS?(__OPTION_SETTING_NS_Start + 0x4):__OPTION_SETTING_NS_Start
 *(.option_setting_ofs3)
                0x0300a100                        . = USE_OPTION_SETTING_NS?(__OPTION_SETTING_NS_Start + 0x10):__OPTION_SETTING_NS_Start
 *(.option_setting_banksel)
                0x0300a100                        . = USE_OPTION_SETTING_NS?(__OPTION_SETTING_NS_Start + 0x40):__OPTION_SETTING_NS_Start
 *(.option_setting_bps0)
                0x0300a100                        . = USE_OPTION_SETTING_NS?(__OPTION_SETTING_NS_Start + 0x44):__OPTION_SETTING_NS_Start
 *(.option_setting_bps1)
                0x0300a100                        . = USE_OPTION_SETTING_NS?(__OPTION_SETTING_NS_Start + 0x48):__OPTION_SETTING_NS_Start
 *(.option_setting_bps2)
                0x0300a100                        . = USE_OPTION_SETTING_NS?(__OPTION_SETTING_NS_Start + 0x4c):__OPTION_SETTING_NS_Start
 *(.option_setting_bps3)
                0x0300a100                        . = USE_OPTION_SETTING_NS?(__OPTION_SETTING_NS_Start + 0x60):__OPTION_SETTING_NS_Start
 *(.option_setting_pbps0)
                0x0300a100                        . = USE_OPTION_SETTING_NS?(__OPTION_SETTING_NS_Start + 0x64):__OPTION_SETTING_NS_Start
 *(.option_setting_pbps1)
                0x0300a100                        . = USE_OPTION_SETTING_NS?(__OPTION_SETTING_NS_Start + 0x68):__OPTION_SETTING_NS_Start
 *(.option_setting_pbps2)
                0x0300a100                        . = USE_OPTION_SETTING_NS?(__OPTION_SETTING_NS_Start + 0x6c):__OPTION_SETTING_NS_Start
 *(.option_setting_pbps3)
                0x0300a100                        __OPTION_SETTING_NS_End = .
                0x0300a200                        __tz_OPTION_SETTING_S_S = ORIGIN (OPTION_SETTING_S)

.option_setting_s
                0x0300a200       0xd0
                0x0300a200                        __OPTION_SETTING_S_Start = .
 *(.option_setting_ofs1_sec)
 .option_setting_ofs1_sec
                0x0300a200        0x4 ./ra/fsp/src/bsp/mcu/all/bsp_rom_registers.o
                0x0300a204                        . = PROJECT_SECURE_OR_FLAT?(__OPTION_SETTING_S_Start + 0x4):__OPTION_SETTING_S_Start
 *(.option_setting_ofs3_sec)
                0x0300a210                        . = PROJECT_SECURE_OR_FLAT?(__OPTION_SETTING_S_Start + 0x10):__OPTION_SETTING_S_Start
 *fill*         0x0300a204        0xc ff
 *(.option_setting_banksel_sec)
 .option_setting_banksel_sec
                0x0300a210        0x4 ./ra/fsp/src/bsp/mcu/all/bsp_rom_registers.o
                0x0300a240                        . = PROJECT_SECURE_OR_FLAT?(__OPTION_SETTING_S_Start + 0x40):__OPTION_SETTING_S_Start
 *fill*         0x0300a214       0x2c ff
 *(.option_setting_bps_sec0)
 .option_setting_bps_sec0
                0x0300a240        0x4 ./ra/fsp/src/bsp/mcu/all/bsp_rom_registers.o
                0x0300a244                        . = PROJECT_SECURE_OR_FLAT?(__OPTION_SETTING_S_Start + 0x44):__OPTION_SETTING_S_Start
 *(.option_setting_bps_sec1)
 .option_setting_bps_sec1
                0x0300a244        0x4 ./ra/fsp/src/bsp/mcu/all/bsp_rom_registers.o
                0x0300a248                        . = PROJECT_SECURE_OR_FLAT?(__OPTION_SETTING_S_Start + 0x48):__OPTION_SETTING_S_Start
 *(.option_setting_bps_sec2)
 .option_setting_bps_sec2
                0x0300a248        0x4 ./ra/fsp/src/bsp/mcu/all/bsp_rom_registers.o
                0x0300a24c                        . = PROJECT_SECURE_OR_FLAT?(__OPTION_SETTING_S_Start + 0x4c):__OPTION_SETTING_S_Start
 *(.option_setting_bps_sec3)
 .option_setting_bps_sec3
                0x0300a24c        0x4 ./ra/fsp/src/bsp/mcu/all/bsp_rom_registers.o
                0x0300a260                        . = PROJECT_SECURE_OR_FLAT?(__OPTION_SETTING_S_Start + 0x60):__OPTION_SETTING_S_Start
 *fill*         0x0300a250       0x10 ff
 *(.option_setting_pbps_sec0)
 .option_setting_pbps_sec0
                0x0300a260        0x4 ./ra/fsp/src/bsp/mcu/all/bsp_rom_registers.o
                0x0300a264                        . = PROJECT_SECURE_OR_FLAT?(__OPTION_SETTING_S_Start + 0x64):__OPTION_SETTING_S_Start
 *(.option_setting_pbps_sec1)
 .option_setting_pbps_sec1
                0x0300a264        0x4 ./ra/fsp/src/bsp/mcu/all/bsp_rom_registers.o
                0x0300a268                        . = PROJECT_SECURE_OR_FLAT?(__OPTION_SETTING_S_Start + 0x68):__OPTION_SETTING_S_Start
 *(.option_setting_pbps_sec2)
 .option_setting_pbps_sec2
                0x0300a268        0x4 ./ra/fsp/src/bsp/mcu/all/bsp_rom_registers.o
                0x0300a26c                        . = PROJECT_SECURE_OR_FLAT?(__OPTION_SETTING_S_Start + 0x6c):__OPTION_SETTING_S_Start
 *(.option_setting_pbps_sec3)
 .option_setting_pbps_sec3
                0x0300a26c        0x4 ./ra/fsp/src/bsp/mcu/all/bsp_rom_registers.o
                0x0300a280                        . = PROJECT_SECURE_OR_FLAT?(__OPTION_SETTING_S_Start + 0x80):__OPTION_SETTING_S_Start
 *fill*         0x0300a270       0x10 ff
 *(.option_setting_ofs1_sel)
 .option_setting_ofs1_sel
                0x0300a280        0x4 ./ra/fsp/src/bsp/mcu/all/bsp_rom_registers.o
                0x0300a284                        . = PROJECT_SECURE_OR_FLAT?(__OPTION_SETTING_S_Start + 0x84):__OPTION_SETTING_S_Start
 *(.option_setting_ofs3_sel)
                0x0300a290                        . = PROJECT_SECURE_OR_FLAT?(__OPTION_SETTING_S_Start + 0x90):__OPTION_SETTING_S_Start
 *fill*         0x0300a284        0xc ff
 *(.option_setting_banksel_sel)
 .option_setting_banksel_sel
                0x0300a290        0x4 ./ra/fsp/src/bsp/mcu/all/bsp_rom_registers.o
                0x0300a2c0                        . = PROJECT_SECURE_OR_FLAT?(__OPTION_SETTING_S_Start + 0xc0):__OPTION_SETTING_S_Start
 *fill*         0x0300a294       0x2c ff
 *(.option_setting_bps_sel0)
 .option_setting_bps_sel0
                0x0300a2c0        0x4 ./ra/fsp/src/bsp/mcu/all/bsp_rom_registers.o
                0x0300a2c4                        . = PROJECT_SECURE_OR_FLAT?(__OPTION_SETTING_S_Start + 0xc4):__OPTION_SETTING_S_Start
 *(.option_setting_bps_sel1)
 .option_setting_bps_sel1
                0x0300a2c4        0x4 ./ra/fsp/src/bsp/mcu/all/bsp_rom_registers.o
                0x0300a2c8                        . = PROJECT_SECURE_OR_FLAT?(__OPTION_SETTING_S_Start + 0xc8):__OPTION_SETTING_S_Start
 *(.option_setting_bps_sel2)
 .option_setting_bps_sel2
                0x0300a2c8        0x4 ./ra/fsp/src/bsp/mcu/all/bsp_rom_registers.o
                0x0300a2cc                        . = PROJECT_SECURE_OR_FLAT?(__OPTION_SETTING_S_Start + 0xcc):__OPTION_SETTING_S_Start
 *(.option_setting_bps_sel3)
 .option_setting_bps_sel3
                0x0300a2cc        0x4 ./ra/fsp/src/bsp/mcu/all/bsp_rom_registers.o
                0x0300a2d0                        __OPTION_SETTING_S_End = .
                0x0300a2d0                        __tz_OPTION_SETTING_S_N = __OPTION_SETTING_S_End
                0x27030080                        __tz_OPTION_SETTING_DATA_FLASH_S_S = ORIGIN (OPTION_SETTING_DATA_FLASH_S)

.option_setting_data_flash_s
                0x27030080      0x2e0
                0x27030080                        __OPTION_SETTING_DATA_FLASH_S_Start = .
 *(.option_setting_data_flash_fsblctrl0)
 .option_setting_data_flash_fsblctrl0
                0x27030080        0x4 ./ra/fsp/src/bsp/mcu/all/bsp_rom_registers.o
                0x27030084                        . = USE_OPTION_SETTING_DATA_FLASH?(__OPTION_SETTING_DATA_FLASH_S_Start + 0x4):__OPTION_SETTING_DATA_FLASH_S_Start
 *(.option_setting_data_flash_fsblctrl1)
 .option_setting_data_flash_fsblctrl1
                0x27030084        0x4 ./ra/fsp/src/bsp/mcu/all/bsp_rom_registers.o
                0x27030088                        . = USE_OPTION_SETTING_DATA_FLASH?(__OPTION_SETTING_DATA_FLASH_S_Start + 0x8):__OPTION_SETTING_DATA_FLASH_S_Start
 *(.option_setting_data_flash_fsblctrl2)
 .option_setting_data_flash_fsblctrl2
                0x27030088        0x4 ./ra/fsp/src/bsp/mcu/all/bsp_rom_registers.o
                0x2703008c                        . = USE_OPTION_SETTING_DATA_FLASH?(__OPTION_SETTING_DATA_FLASH_S_Start + 0xc):__OPTION_SETTING_DATA_FLASH_S_Start
 *(.option_setting_data_flash_sacc0)
 .option_setting_data_flash_sacc0
                0x2703008c        0x4 ./ra/fsp/src/bsp/mcu/all/bsp_rom_registers.o
                0x27030090                        . = USE_OPTION_SETTING_DATA_FLASH?(__OPTION_SETTING_DATA_FLASH_S_Start + 0x10):__OPTION_SETTING_DATA_FLASH_S_Start
 *(.option_setting_data_flash_sacc1)
 .option_setting_data_flash_sacc1
                0x27030090        0x4 ./ra/fsp/src/bsp/mcu/all/bsp_rom_registers.o
                0x27030094                        . = USE_OPTION_SETTING_DATA_FLASH?(__OPTION_SETTING_DATA_FLASH_S_Start + 0x14):__OPTION_SETTING_DATA_FLASH_S_Start
 *(.option_setting_data_flash_samr)
 .option_setting_data_flash_samr
                0x27030094        0x4 ./ra/fsp/src/bsp/mcu/all/bsp_rom_registers.o
                0x27030360                        . = USE_OPTION_SETTING_DATA_FLASH?(__OPTION_SETTING_DATA_FLASH_S_Start + 0x2e0):__OPTION_SETTING_DATA_FLASH_S_Start
 *fill*         0x27030098      0x2c8 ff
 *(.option_setting_data_flash_hoemrtpk)
                0x27030360                        __OPTION_SETTING_DATA_FLASH_S_End = .
                0x27030360                        __tz_OPTION_SETTING_DATA_FLASH_S_N = __OPTION_SETTING_DATA_FLASH_S_End
OUTPUT(mipi_dsi_ek_ra8d1_CLUT_ep.elf elf32-littlearm)
LOAD linker stubs

.rel.dyn        0x27030360        0x0
 .rel.iplt      0x27030360        0x0 C:/Program Files (x86)/Arm GNU Toolchain arm-none-eabi/13.2 Rel1/bin/../lib/gcc/arm-none-eabi/13.2.1/thumb/v8-m.main+dp/hard/crtbegin.o

.ARM.attributes
                0x00000000       0x3a
 .ARM.attributes
                0x00000000       0x24 C:/Program Files (x86)/Arm GNU Toolchain arm-none-eabi/13.2 Rel1/bin/../lib/gcc/arm-none-eabi/13.2.1/thumb/v8-m.main+dp/hard/crti.o
 .ARM.attributes
                0x00000024       0x36 C:/Program Files (x86)/Arm GNU Toolchain arm-none-eabi/13.2 Rel1/bin/../lib/gcc/arm-none-eabi/13.2.1/thumb/v8-m.main+dp/hard/crtbegin.o
 .ARM.attributes
                0x0000005a       0x3e ./src/SEGGER_RTT/SEGGER_RTT.o
 .ARM.attributes
                0x00000098       0x3e ./src/SEGGER_RTT/SEGGER_RTT_printf.o
 .ARM.attributes
                0x000000d6       0x3e ./src/graphics_rendering.o
 .ARM.attributes
                0x00000114       0x3e ./src/gt911.o
 .ARM.attributes
                0x00000152       0x3e ./src/hal_entry.o
 .ARM.attributes
                0x00000190       0x3e ./src/mipi_dsi_ep.o
 .ARM.attributes
                0x000001ce       0x3e ./ra_gen/common_data.o
 .ARM.attributes
                0x0000020c       0x3e ./ra_gen/hal_data.o
 .ARM.attributes
                0x0000024a       0x3e ./ra_gen/main.o
 .ARM.attributes
                0x00000288       0x3e ./ra_gen/pin_data.o
 .ARM.attributes
                0x000002c6       0x3e ./ra_gen/vector_data.o
 .ARM.attributes
                0x00000304       0x3e ./ra/fsp/src/r_mipi_phy/r_mipi_phy.o
 .ARM.attributes
                0x00000342       0x3e ./ra/fsp/src/r_mipi_dsi/r_mipi_dsi.o
 .ARM.attributes
                0x00000380       0x3e ./ra/fsp/src/r_ioport/r_ioport.o
 .ARM.attributes
                0x000003be       0x3e ./ra/fsp/src/r_iic_master/r_iic_master.o
 .ARM.attributes
                0x000003fc       0x3e ./ra/fsp/src/r_icu/r_icu.o
 .ARM.attributes
                0x0000043a       0x3e ./ra/fsp/src/r_gpt/r_gpt.o
 .ARM.attributes
                0x00000478       0x3e ./ra/fsp/src/r_glcdc/r_glcdc.o
 .ARM.attributes
                0x000004b6       0x3e ./ra/fsp/src/bsp/mcu/all/bsp_clocks.o
 .ARM.attributes
                0x000004f4       0x3e ./ra/fsp/src/bsp/mcu/all/bsp_common.o
 .ARM.attributes
                0x00000532       0x3e ./ra/fsp/src/bsp/mcu/all/bsp_delay.o
 .ARM.attributes
                0x00000570       0x3e ./ra/fsp/src/bsp/mcu/all/bsp_group_irq.o
 .ARM.attributes
                0x000005ae       0x3e ./ra/fsp/src/bsp/mcu/all/bsp_io.o
 .ARM.attributes
                0x000005ec       0x3e ./ra/fsp/src/bsp/mcu/all/bsp_irq.o
 .ARM.attributes
                0x0000062a       0x3e ./ra/fsp/src/bsp/mcu/all/bsp_register_protection.o
 .ARM.attributes
                0x00000668       0x3e ./ra/fsp/src/bsp/mcu/all/bsp_rom_registers.o
 .ARM.attributes
                0x000006a6       0x3e ./ra/fsp/src/bsp/mcu/all/bsp_sdram.o
 .ARM.attributes
                0x000006e4       0x3e ./ra/fsp/src/bsp/cmsis/Device/RENESAS/Source/startup.o
 .ARM.attributes
                0x00000722       0x3e ./ra/fsp/src/bsp/cmsis/Device/RENESAS/Source/system.o
 .ARM.attributes
                0x00000760       0x3e ./ra/board/ra8d1_ek/board_init.o
 .ARM.attributes
                0x0000079e       0x36 C:/Program Files (x86)/Arm GNU Toolchain arm-none-eabi/13.2 Rel1/bin/../lib/gcc/arm-none-eabi/13.2.1/thumb/v8-m.main+dp/hard\libg_nano.a(libc_a-memset.o)
 .ARM.attributes
                0x000007d4       0x36 C:/Program Files (x86)/Arm GNU Toolchain arm-none-eabi/13.2 Rel1/bin/../lib/gcc/arm-none-eabi/13.2.1/thumb/v8-m.main+dp/hard\libg_nano.a(libc_a-memcpy-stub.o)
 .ARM.attributes
                0x0000080a       0x22 C:/Program Files (x86)/Arm GNU Toolchain arm-none-eabi/13.2 Rel1/bin/../lib/gcc/arm-none-eabi/13.2.1/thumb/v8-m.main+dp/hard\libg_nano.a(libc_a-strlen.o)
 .ARM.attributes
                0x0000082c       0x36 C:/Program Files (x86)/Arm GNU Toolchain arm-none-eabi/13.2 Rel1/bin/../lib/gcc/arm-none-eabi/13.2.1/thumb/v8-m.main+dp/hard/crtend.o
 .ARM.attributes
                0x00000862       0x24 C:/Program Files (x86)/Arm GNU Toolchain arm-none-eabi/13.2 Rel1/bin/../lib/gcc/arm-none-eabi/13.2.1/thumb/v8-m.main+dp/hard/crtn.o

.comment        0x00000000       0x44
 .comment       0x00000000       0x44 ./src/SEGGER_RTT/SEGGER_RTT.o
                                 0x45 (size before relaxing)
 .comment       0x00000044       0x45 ./src/SEGGER_RTT/SEGGER_RTT_printf.o
 .comment       0x00000044       0x45 ./src/graphics_rendering.o
 .comment       0x00000044       0x45 ./src/gt911.o
 .comment       0x00000044       0x45 ./src/hal_entry.o
 .comment       0x00000044       0x45 ./src/mipi_dsi_ep.o
 .comment       0x00000044       0x45 ./ra_gen/common_data.o
 .comment       0x00000044       0x45 ./ra_gen/hal_data.o
 .comment       0x00000044       0x45 ./ra_gen/main.o
 .comment       0x00000044       0x45 ./ra_gen/pin_data.o
 .comment       0x00000044       0x45 ./ra_gen/vector_data.o
 .comment       0x00000044       0x45 ./ra/fsp/src/r_mipi_phy/r_mipi_phy.o
 .comment       0x00000044       0x45 ./ra/fsp/src/r_mipi_dsi/r_mipi_dsi.o
 .comment       0x00000044       0x45 ./ra/fsp/src/r_ioport/r_ioport.o
 .comment       0x00000044       0x45 ./ra/fsp/src/r_iic_master/r_iic_master.o
 .comment       0x00000044       0x45 ./ra/fsp/src/r_icu/r_icu.o
 .comment       0x00000044       0x45 ./ra/fsp/src/r_gpt/r_gpt.o
 .comment       0x00000044       0x45 ./ra/fsp/src/r_glcdc/r_glcdc.o
 .comment       0x00000044       0x45 ./ra/fsp/src/bsp/mcu/all/bsp_clocks.o
 .comment       0x00000044       0x45 ./ra/fsp/src/bsp/mcu/all/bsp_common.o
 .comment       0x00000044       0x45 ./ra/fsp/src/bsp/mcu/all/bsp_delay.o
 .comment       0x00000044       0x45 ./ra/fsp/src/bsp/mcu/all/bsp_group_irq.o
 .comment       0x00000044       0x45 ./ra/fsp/src/bsp/mcu/all/bsp_io.o
 .comment       0x00000044       0x45 ./ra/fsp/src/bsp/mcu/all/bsp_irq.o
 .comment       0x00000044       0x45 ./ra/fsp/src/bsp/mcu/all/bsp_register_protection.o
 .comment       0x00000044       0x45 ./ra/fsp/src/bsp/mcu/all/bsp_rom_registers.o
 .comment       0x00000044       0x45 ./ra/fsp/src/bsp/mcu/all/bsp_sdram.o
 .comment       0x00000044       0x45 ./ra/fsp/src/bsp/cmsis/Device/RENESAS/Source/startup.o
 .comment       0x00000044       0x45 ./ra/fsp/src/bsp/cmsis/Device/RENESAS/Source/system.o
 .comment       0x00000044       0x45 ./ra/board/ra8d1_ek/board_init.o

.debug_info     0x00000000    0x8b06e
 .debug_info    0x00000000     0x2399 ./src/SEGGER_RTT/SEGGER_RTT.o
 .debug_info    0x00002399      0x6f0 ./src/SEGGER_RTT/SEGGER_RTT_printf.o
 .debug_info    0x00002a89     0x150b ./src/graphics_rendering.o
 .debug_info    0x00003f94     0x88c1 ./src/gt911.o
 .debug_info    0x0000c855     0x12cd ./src/hal_entry.o
 .debug_info    0x0000db22     0x76b1 ./src/mipi_dsi_ep.o
 .debug_info    0x000151d3     0x3719 ./ra_gen/common_data.o
 .debug_info    0x000188ec     0x58a9 ./ra_gen/hal_data.o
 .debug_info    0x0001e195       0xb0 ./ra_gen/main.o
 .debug_info    0x0001e245      0xa3c ./ra_gen/pin_data.o
 .debug_info    0x0001ec81      0x9c9 ./ra_gen/vector_data.o
 .debug_info    0x0001f64a     0x76c0 ./ra/fsp/src/r_mipi_phy/r_mipi_phy.o
 .debug_info    0x00026d0a    0x12513 ./ra/fsp/src/r_mipi_dsi/r_mipi_dsi.o
 .debug_info    0x0003921d     0xaadb ./ra/fsp/src/r_ioport/r_ioport.o
 .debug_info    0x00043cf8     0xb9d9 ./ra/fsp/src/r_iic_master/r_iic_master.o
 .debug_info    0x0004f6d1     0x2165 ./ra/fsp/src/r_icu/r_icu.o
 .debug_info    0x00051836     0xdc34 ./ra/fsp/src/r_gpt/r_gpt.o
 .debug_info    0x0005f46a     0x78b1 ./ra/fsp/src/r_glcdc/r_glcdc.o
 .debug_info    0x00066d1b     0x8cae ./ra/fsp/src/bsp/mcu/all/bsp_clocks.o
 .debug_info    0x0006f9c9      0x955 ./ra/fsp/src/bsp/mcu/all/bsp_common.o
 .debug_info    0x0007031e      0x20c ./ra/fsp/src/bsp/mcu/all/bsp_delay.o
 .debug_info    0x0007052a     0x12e6 ./ra/fsp/src/bsp/mcu/all/bsp_group_irq.o
 .debug_info    0x00071810       0xb1 ./ra/fsp/src/bsp/mcu/all/bsp_io.o
 .debug_info    0x000718c1     0x1374 ./ra/fsp/src/bsp/mcu/all/bsp_irq.o
 .debug_info    0x00072c35     0x68b3 ./ra/fsp/src/bsp/mcu/all/bsp_register_protection.o
 .debug_info    0x000794e8      0x26a ./ra/fsp/src/bsp/mcu/all/bsp_rom_registers.o
 .debug_info    0x00079752     0x89d6 ./ra/fsp/src/bsp/mcu/all/bsp_sdram.o
 .debug_info    0x00082128      0x167 ./ra/fsp/src/bsp/cmsis/Device/RENESAS/Source/startup.o
 .debug_info    0x0008228f     0x8d3b ./ra/fsp/src/bsp/cmsis/Device/RENESAS/Source/system.o
 .debug_info    0x0008afca       0xa4 ./ra/board/ra8d1_ek/board_init.o

.debug_abbrev   0x00000000     0x5680
 .debug_abbrev  0x00000000      0x370 ./src/SEGGER_RTT/SEGGER_RTT.o
 .debug_abbrev  0x00000370      0x2af ./src/SEGGER_RTT/SEGGER_RTT_printf.o
 .debug_abbrev  0x0000061f      0x2c4 ./src/graphics_rendering.o
 .debug_abbrev  0x000008e3      0x49f ./src/gt911.o
 .debug_abbrev  0x00000d82      0x194 ./src/hal_entry.o
 .debug_abbrev  0x00000f16      0x513 ./src/mipi_dsi_ep.o
 .debug_abbrev  0x00001429      0x309 ./ra_gen/common_data.o
 .debug_abbrev  0x00001732      0x2bf ./ra_gen/hal_data.o
 .debug_abbrev  0x000019f1       0x64 ./ra_gen/main.o
 .debug_abbrev  0x00001a55      0x109 ./ra_gen/pin_data.o
 .debug_abbrev  0x00001b5e       0xba ./ra_gen/vector_data.o
 .debug_abbrev  0x00001c18      0x2ff ./ra/fsp/src/r_mipi_phy/r_mipi_phy.o
 .debug_abbrev  0x00001f17      0x6e0 ./ra/fsp/src/r_mipi_dsi/r_mipi_dsi.o
 .debug_abbrev  0x000025f7      0x480 ./ra/fsp/src/r_ioport/r_ioport.o
 .debug_abbrev  0x00002a77      0x635 ./ra/fsp/src/r_iic_master/r_iic_master.o
 .debug_abbrev  0x000030ac      0x4bb ./ra/fsp/src/r_icu/r_icu.o
 .debug_abbrev  0x00003567      0x63d ./ra/fsp/src/r_gpt/r_gpt.o
 .debug_abbrev  0x00003ba4      0x62a ./ra/fsp/src/r_glcdc/r_glcdc.o
 .debug_abbrev  0x000041ce      0x3b2 ./ra/fsp/src/bsp/mcu/all/bsp_clocks.o
 .debug_abbrev  0x00004580      0x183 ./ra/fsp/src/bsp/mcu/all/bsp_common.o
 .debug_abbrev  0x00004703      0x10f ./ra/fsp/src/bsp/mcu/all/bsp_delay.o
 .debug_abbrev  0x00004812      0x25d ./ra/fsp/src/bsp/mcu/all/bsp_group_irq.o
 .debug_abbrev  0x00004a6f       0x5e ./ra/fsp/src/bsp/mcu/all/bsp_io.o
 .debug_abbrev  0x00004acd      0x1b6 ./ra/fsp/src/bsp/mcu/all/bsp_irq.o
 .debug_abbrev  0x00004c83      0x268 ./ra/fsp/src/bsp/mcu/all/bsp_register_protection.o
 .debug_abbrev  0x00004eeb       0x4d ./ra/fsp/src/bsp/mcu/all/bsp_rom_registers.o
 .debug_abbrev  0x00004f38      0x26a ./ra/fsp/src/bsp/mcu/all/bsp_sdram.o
 .debug_abbrev  0x000051a2       0xf9 ./ra/fsp/src/bsp/cmsis/Device/RENESAS/Source/startup.o
 .debug_abbrev  0x0000529b      0x389 ./ra/fsp/src/bsp/cmsis/Device/RENESAS/Source/system.o
 .debug_abbrev  0x00005624       0x5c ./ra/board/ra8d1_ek/board_init.o

.debug_loc      0x00000000     0xd134
 .debug_loc     0x00000000     0x2eed ./src/SEGGER_RTT/SEGGER_RTT.o
 .debug_loc     0x00002eed      0x968 ./src/SEGGER_RTT/SEGGER_RTT_printf.o
 .debug_loc     0x00003855      0x2a8 ./src/graphics_rendering.o
 .debug_loc     0x00003afd      0x654 ./src/gt911.o
 .debug_loc     0x00004151       0x2b ./src/hal_entry.o
 .debug_loc     0x0000417c      0x4dd ./src/mipi_dsi_ep.o
 .debug_loc     0x00004659      0x169 ./ra/fsp/src/r_mipi_phy/r_mipi_phy.o
 .debug_loc     0x000047c2     0x1e65 ./ra/fsp/src/r_mipi_dsi/r_mipi_dsi.o
 .debug_loc     0x00006627      0xbe8 ./ra/fsp/src/r_ioport/r_ioport.o
 .debug_loc     0x0000720f     0x1920 ./ra/fsp/src/r_iic_master/r_iic_master.o
 .debug_loc     0x00008b2f      0x535 ./ra/fsp/src/r_icu/r_icu.o
 .debug_loc     0x00009064     0x1370 ./ra/fsp/src/r_gpt/r_gpt.o
 .debug_loc     0x0000a3d4     0x202d ./ra/fsp/src/r_glcdc/r_glcdc.o
 .debug_loc     0x0000c401      0x767 ./ra/fsp/src/bsp/mcu/all/bsp_clocks.o
 .debug_loc     0x0000cb68       0x22 ./ra/fsp/src/bsp/mcu/all/bsp_common.o
 .debug_loc     0x0000cb8a      0x26b ./ra/fsp/src/bsp/mcu/all/bsp_delay.o
 .debug_loc     0x0000cdf5       0xb1 ./ra/fsp/src/bsp/mcu/all/bsp_group_irq.o
 .debug_loc     0x0000cea6       0x23 ./ra/fsp/src/bsp/mcu/all/bsp_irq.o
 .debug_loc     0x0000cec9      0x10b ./ra/fsp/src/bsp/mcu/all/bsp_register_protection.o
 .debug_loc     0x0000cfd4       0x52 ./ra/fsp/src/bsp/mcu/all/bsp_sdram.o
 .debug_loc     0x0000d026      0x10e ./ra/fsp/src/bsp/cmsis/Device/RENESAS/Source/system.o

.debug_aranges  0x00000000      0x888
 .debug_aranges
                0x00000000      0x128 ./src/SEGGER_RTT/SEGGER_RTT.o
 .debug_aranges
                0x00000128       0x38 ./src/SEGGER_RTT/SEGGER_RTT_printf.o
 .debug_aranges
                0x00000160       0x28 ./src/graphics_rendering.o
 .debug_aranges
                0x00000188       0x38 ./src/gt911.o
 .debug_aranges
                0x000001c0       0x28 ./src/hal_entry.o
 .debug_aranges
                0x000001e8       0x68 ./src/mipi_dsi_ep.o
 .debug_aranges
                0x00000250       0x20 ./ra_gen/common_data.o
 .debug_aranges
                0x00000270       0x20 ./ra_gen/hal_data.o
 .debug_aranges
                0x00000290       0x20 ./ra_gen/main.o
 .debug_aranges
                0x000002b0       0x18 ./ra_gen/pin_data.o
 .debug_aranges
                0x000002c8       0x18 ./ra_gen/vector_data.o
 .debug_aranges
                0x000002e0       0x28 ./ra/fsp/src/r_mipi_phy/r_mipi_phy.o
 .debug_aranges
                0x00000308       0x90 ./ra/fsp/src/r_mipi_dsi/r_mipi_dsi.o
 .debug_aranges
                0x00000398       0x90 ./ra/fsp/src/r_ioport/r_ioport.o
 .debug_aranges
                0x00000428       0x90 ./ra/fsp/src/r_iic_master/r_iic_master.o
 .debug_aranges
                0x000004b8       0x48 ./ra/fsp/src/r_icu/r_icu.o
 .debug_aranges
                0x00000500       0xe0 ./ra/fsp/src/r_gpt/r_gpt.o
 .debug_aranges
                0x000005e0       0x90 ./ra/fsp/src/r_glcdc/r_glcdc.o
 .debug_aranges
                0x00000670       0x80 ./ra/fsp/src/bsp/mcu/all/bsp_clocks.o
 .debug_aranges
                0x000006f0       0x30 ./ra/fsp/src/bsp/mcu/all/bsp_common.o
 .debug_aranges
                0x00000720       0x28 ./ra/fsp/src/bsp/mcu/all/bsp_delay.o
 .debug_aranges
                0x00000748       0x28 ./ra/fsp/src/bsp/mcu/all/bsp_group_irq.o
 .debug_aranges
                0x00000770       0x18 ./ra/fsp/src/bsp/mcu/all/bsp_io.o
 .debug_aranges
                0x00000788       0x20 ./ra/fsp/src/bsp/mcu/all/bsp_irq.o
 .debug_aranges
                0x000007a8       0x28 ./ra/fsp/src/bsp/mcu/all/bsp_register_protection.o
 .debug_aranges
                0x000007d0       0x18 ./ra/fsp/src/bsp/mcu/all/bsp_rom_registers.o
 .debug_aranges
                0x000007e8       0x30 ./ra/fsp/src/bsp/mcu/all/bsp_sdram.o
 .debug_aranges
                0x00000818       0x28 ./ra/fsp/src/bsp/cmsis/Device/RENESAS/Source/startup.o
 .debug_aranges
                0x00000840       0x28 ./ra/fsp/src/bsp/cmsis/Device/RENESAS/Source/system.o
 .debug_aranges
                0x00000868       0x20 ./ra/board/ra8d1_ek/board_init.o

.debug_ranges   0x00000000     0x2920
 .debug_ranges  0x00000000      0x598 ./src/SEGGER_RTT/SEGGER_RTT.o
 .debug_ranges  0x00000598       0x70 ./src/SEGGER_RTT/SEGGER_RTT_printf.o
 .debug_ranges  0x00000608       0x68 ./src/graphics_rendering.o
 .debug_ranges  0x00000670      0x130 ./src/gt911.o
 .debug_ranges  0x000007a0       0x18 ./src/hal_entry.o
 .debug_ranges  0x000007b8      0x158 ./src/mipi_dsi_ep.o
 .debug_ranges  0x00000910       0x10 ./ra_gen/common_data.o
 .debug_ranges  0x00000920       0x10 ./ra_gen/hal_data.o
 .debug_ranges  0x00000930       0x10 ./ra_gen/main.o
 .debug_ranges  0x00000940       0x40 ./ra/fsp/src/r_mipi_phy/r_mipi_phy.o
 .debug_ranges  0x00000980      0x8b0 ./ra/fsp/src/r_mipi_dsi/r_mipi_dsi.o
 .debug_ranges  0x00001230      0x158 ./ra/fsp/src/r_ioport/r_ioport.o
 .debug_ranges  0x00001388      0x748 ./ra/fsp/src/r_iic_master/r_iic_master.o
 .debug_ranges  0x00001ad0      0x118 ./ra/fsp/src/r_icu/r_icu.o
 .debug_ranges  0x00001be8      0x398 ./ra/fsp/src/r_gpt/r_gpt.o
 .debug_ranges  0x00001f80      0x620 ./ra/fsp/src/r_glcdc/r_glcdc.o
 .debug_ranges  0x000025a0      0x168 ./ra/fsp/src/bsp/mcu/all/bsp_clocks.o
 .debug_ranges  0x00002708       0x20 ./ra/fsp/src/bsp/mcu/all/bsp_common.o
 .debug_ranges  0x00002728       0x50 ./ra/fsp/src/bsp/mcu/all/bsp_delay.o
 .debug_ranges  0x00002778       0x58 ./ra/fsp/src/bsp/mcu/all/bsp_group_irq.o
 .debug_ranges  0x000027d0       0x28 ./ra/fsp/src/bsp/mcu/all/bsp_irq.o
 .debug_ranges  0x000027f8       0x48 ./ra/fsp/src/bsp/mcu/all/bsp_register_protection.o
 .debug_ranges  0x00002840       0x20 ./ra/fsp/src/bsp/mcu/all/bsp_sdram.o
 .debug_ranges  0x00002860       0x18 ./ra/fsp/src/bsp/cmsis/Device/RENESAS/Source/startup.o
 .debug_ranges  0x00002878       0x98 ./ra/fsp/src/bsp/cmsis/Device/RENESAS/Source/system.o
 .debug_ranges  0x00002910       0x10 ./ra/board/ra8d1_ek/board_init.o

.debug_line     0x00000000     0xed66
 .debug_line    0x00000000     0x17b2 ./src/SEGGER_RTT/SEGGER_RTT.o
 .debug_line    0x000017b2      0x79d ./src/SEGGER_RTT/SEGGER_RTT_printf.o
 .debug_line    0x00001f4f      0x61b ./src/graphics_rendering.o
 .debug_line    0x0000256a      0x807 ./src/gt911.o
 .debug_line    0x00002d71      0x2fe ./src/hal_entry.o
 .debug_line    0x0000306f      0x8de ./src/mipi_dsi_ep.o
 .debug_line    0x0000394d      0x331 ./ra_gen/common_data.o
 .debug_line    0x00003c7e      0x31d ./ra_gen/hal_data.o
 .debug_line    0x00003f9b       0x5e ./ra_gen/main.o
 .debug_line    0x00003ff9      0x213 ./ra_gen/pin_data.o
 .debug_line    0x0000420c      0x141 ./ra_gen/vector_data.o
 .debug_line    0x0000434d      0x4b3 ./ra/fsp/src/r_mipi_phy/r_mipi_phy.o
 .debug_line    0x00004800     0x1d3e ./ra/fsp/src/r_mipi_dsi/r_mipi_dsi.o
 .debug_line    0x0000653e      0xb98 ./ra/fsp/src/r_ioport/r_ioport.o
 .debug_line    0x000070d6     0x1a05 ./ra/fsp/src/r_iic_master/r_iic_master.o
 .debug_line    0x00008adb      0x7f3 ./ra/fsp/src/r_icu/r_icu.o
 .debug_line    0x000092ce     0x1206 ./ra/fsp/src/r_gpt/r_gpt.o
 .debug_line    0x0000a4d4     0x1a38 ./ra/fsp/src/r_glcdc/r_glcdc.o
 .debug_line    0x0000bf0c      0xde9 ./ra/fsp/src/bsp/mcu/all/bsp_clocks.o
 .debug_line    0x0000ccf5      0x296 ./ra/fsp/src/bsp/mcu/all/bsp_common.o
 .debug_line    0x0000cf8b      0x2d7 ./ra/fsp/src/bsp/mcu/all/bsp_delay.o
 .debug_line    0x0000d262      0x379 ./ra/fsp/src/bsp/mcu/all/bsp_group_irq.o
 .debug_line    0x0000d5db      0x175 ./ra/fsp/src/bsp/mcu/all/bsp_io.o
 .debug_line    0x0000d750      0x2b9 ./ra/fsp/src/bsp/mcu/all/bsp_irq.o
 .debug_line    0x0000da09      0x3c3 ./ra/fsp/src/bsp/mcu/all/bsp_register_protection.o
 .debug_line    0x0000ddcc      0x129 ./ra/fsp/src/bsp/mcu/all/bsp_rom_registers.o
 .debug_line    0x0000def5      0x467 ./ra/fsp/src/bsp/mcu/all/bsp_sdram.o
 .debug_line    0x0000e35c      0x1e1 ./ra/fsp/src/bsp/cmsis/Device/RENESAS/Source/startup.o
 .debug_line    0x0000e53d      0x7cf ./ra/fsp/src/bsp/cmsis/Device/RENESAS/Source/system.o
 .debug_line    0x0000ed0c       0x5a ./ra/board/ra8d1_ek/board_init.o

.debug_str      0x00000000    0x17a92
 .debug_str     0x00000000    0x17a92 ./src/SEGGER_RTT/SEGGER_RTT.o
                                0x709 (size before relaxing)
 .debug_str     0x00017a92      0x319 ./src/SEGGER_RTT/SEGGER_RTT_printf.o
 .debug_str     0x00017a92     0x26da ./src/graphics_rendering.o
 .debug_str     0x00017a92     0x4e8f ./src/gt911.o
 .debug_str     0x00017a92     0x33c6 ./src/hal_entry.o
 .debug_str     0x00017a92     0x7e5e ./src/mipi_dsi_ep.o
 .debug_str     0x00017a92     0x69c0 ./ra_gen/common_data.o
 .debug_str     0x00017a92     0x4e12 ./ra_gen/hal_data.o
 .debug_str     0x00017a92      0x1d9 ./ra_gen/main.o
 .debug_str     0x00017a92     0x1d92 ./ra_gen/pin_data.o
 .debug_str     0x00017a92     0x2218 ./ra_gen/vector_data.o
 .debug_str     0x00017a92     0x44e2 ./ra/fsp/src/r_mipi_phy/r_mipi_phy.o
 .debug_str     0x00017a92     0x83af ./ra/fsp/src/r_mipi_dsi/r_mipi_dsi.o