Archive member included to satisfy reference by file (symbol)

C:/Program Files (x86)/Arm GNU Toolchain arm-none-eabi/13.2 Rel1/bin/../lib/gcc/arm-none-eabi/13.2.1/thumb/v8-m.main+dp/hard\libg_nano.a(libc_a-exit.o)
                              C:/Program Files (x86)/Arm GNU Toolchain arm-none-eabi/13.2 Rel1/bin/../lib/gcc/arm-none-eabi/13.2.1/thumb/v8-m.main+dp/hard/rdimon-crt0.o (exit)
C:/Program Files (x86)/Arm GNU Toolchain arm-none-eabi/13.2 Rel1/bin/../lib/gcc/arm-none-eabi/13.2.1/thumb/v8-m.main+dp/hard\libg_nano.a(libc_a-findfp.o)
                              C:/Program Files (x86)/Arm GNU Toolchain arm-none-eabi/13.2 Rel1/bin/../lib/gcc/arm-none-eabi/13.2.1/thumb/v8-m.main+dp/hard\libg_nano.a(libc_a-exit.o) (__stdio_exit_handler)
C:/Program Files (x86)/Arm GNU Toolchain arm-none-eabi/13.2 Rel1/bin/../lib/gcc/arm-none-eabi/13.2.1/thumb/v8-m.main+dp/hard\libg_nano.a(libc_a-fwalk.o)
                              C:/Program Files (x86)/Arm GNU Toolchain arm-none-eabi/13.2 Rel1/bin/../lib/gcc/arm-none-eabi/13.2.1/thumb/v8-m.main+dp/hard\libg_nano.a(libc_a-findfp.o) (_fwalk_sglue)
C:/Program Files (x86)/Arm GNU Toolchain arm-none-eabi/13.2 Rel1/bin/../lib/gcc/arm-none-eabi/13.2.1/thumb/v8-m.main+dp/hard\libg_nano.a(libc_a-stdio.o)
                              C:/Program Files (x86)/Arm GNU Toolchain arm-none-eabi/13.2 Rel1/bin/../lib/gcc/arm-none-eabi/13.2.1/thumb/v8-m.main+dp/hard\libg_nano.a(libc_a-findfp.o) (__sread)
C:/Program Files (x86)/Arm GNU Toolchain arm-none-eabi/13.2 Rel1/bin/../lib/gcc/arm-none-eabi/13.2.1/thumb/v8-m.main+dp/hard\libg_nano.a(libc_a-memset.o)
                              C:/Program Files (x86)/Arm GNU Toolchain arm-none-eabi/13.2 Rel1/bin/../lib/gcc/arm-none-eabi/13.2.1/thumb/v8-m.main+dp/hard/rdimon-crt0.o (memset)
C:/Program Files (x86)/Arm GNU Toolchain arm-none-eabi/13.2 Rel1/bin/../lib/gcc/arm-none-eabi/13.2.1/thumb/v8-m.main+dp/hard\libg_nano.a(libc_a-closer.o)
                              C:/Program Files (x86)/Arm GNU Toolchain arm-none-eabi/13.2 Rel1/bin/../lib/gcc/arm-none-eabi/13.2.1/thumb/v8-m.main+dp/hard\libg_nano.a(libc_a-stdio.o) (_close_r)
C:/Program Files (x86)/Arm GNU Toolchain arm-none-eabi/13.2 Rel1/bin/../lib/gcc/arm-none-eabi/13.2.1/thumb/v8-m.main+dp/hard\libg_nano.a(libc_a-reent.o)
                              C:/Program Files (x86)/Arm GNU Toolchain arm-none-eabi/13.2 Rel1/bin/../lib/gcc/arm-none-eabi/13.2.1/thumb/v8-m.main+dp/hard\libg_nano.a(libc_a-closer.o) (errno)
C:/Program Files (x86)/Arm GNU Toolchain arm-none-eabi/13.2 Rel1/bin/../lib/gcc/arm-none-eabi/13.2.1/thumb/v8-m.main+dp/hard\libg_nano.a(libc_a-impure.o)
                              C:/Program Files (x86)/Arm GNU Toolchain arm-none-eabi/13.2 Rel1/bin/../lib/gcc/arm-none-eabi/13.2.1/thumb/v8-m.main+dp/hard\libg_nano.a(libc_a-reent.o) (_impure_ptr)
C:/Program Files (x86)/Arm GNU Toolchain arm-none-eabi/13.2 Rel1/bin/../lib/gcc/arm-none-eabi/13.2.1/thumb/v8-m.main+dp/hard\libg_nano.a(libc_a-lseekr.o)
                              C:/Program Files (x86)/Arm GNU Toolchain arm-none-eabi/13.2 Rel1/bin/../lib/gcc/arm-none-eabi/13.2.1/thumb/v8-m.main+dp/hard\libg_nano.a(libc_a-stdio.o) (_lseek_r)
C:/Program Files (x86)/Arm GNU Toolchain arm-none-eabi/13.2 Rel1/bin/../lib/gcc/arm-none-eabi/13.2.1/thumb/v8-m.main+dp/hard\libg_nano.a(libc_a-readr.o)
                              C:/Program Files (x86)/Arm GNU Toolchain arm-none-eabi/13.2 Rel1/bin/../lib/gcc/arm-none-eabi/13.2.1/thumb/v8-m.main+dp/hard\libg_nano.a(libc_a-stdio.o) (_read_r)
C:/Program Files (x86)/Arm GNU Toolchain arm-none-eabi/13.2 Rel1/bin/../lib/gcc/arm-none-eabi/13.2.1/thumb/v8-m.main+dp/hard\libg_nano.a(libc_a-writer.o)
                              C:/Program Files (x86)/Arm GNU Toolchain arm-none-eabi/13.2 Rel1/bin/../lib/gcc/arm-none-eabi/13.2.1/thumb/v8-m.main+dp/hard\libg_nano.a(libc_a-stdio.o) (_write_r)
C:/Program Files (x86)/Arm GNU Toolchain arm-none-eabi/13.2 Rel1/bin/../lib/gcc/arm-none-eabi/13.2.1/thumb/v8-m.main+dp/hard\libg_nano.a(libc_a-errno.o)
                              ./ra/fsp/src/bsp/mcu/all/bsp_sbrk.o (__errno)
C:/Program Files (x86)/Arm GNU Toolchain arm-none-eabi/13.2 Rel1/bin/../lib/gcc/arm-none-eabi/13.2.1/thumb/v8-m.main+dp/hard\libg_nano.a(libc_a-init.o)
                              C:/Program Files (x86)/Arm GNU Toolchain arm-none-eabi/13.2 Rel1/bin/../lib/gcc/arm-none-eabi/13.2.1/thumb/v8-m.main+dp/hard/rdimon-crt0.o (__libc_init_array)
C:/Program Files (x86)/Arm GNU Toolchain arm-none-eabi/13.2 Rel1/bin/../lib/gcc/arm-none-eabi/13.2.1/thumb/v8-m.main+dp/hard\libg_nano.a(libc_a-lock.o)
                              C:/Program Files (x86)/Arm GNU Toolchain arm-none-eabi/13.2 Rel1/bin/../lib/gcc/arm-none-eabi/13.2.1/thumb/v8-m.main+dp/hard\libg_nano.a(libc_a-findfp.o) (__retarget_lock_init_recursive)
C:/Program Files (x86)/Arm GNU Toolchain arm-none-eabi/13.2 Rel1/bin/../lib/gcc/arm-none-eabi/13.2.1/thumb/v8-m.main+dp/hard\libg_nano.a(libc_a-memcpy-stub.o)
[...]
Memory Configuration

Name             Origin             Length             Attributes
ITCM             0x00000000         0x00010000         xr
DTCM             0x20000000         0x00010000         xrw
FLASH            0x02000000         0x001f8000         xr
RAM              0x22000000         0x000e0000         xrw
DATA_FLASH       0x27000000         0x00003000         xr
QSPI_FLASH       0x60000000         0x00000000         xr
OSPI_DEVICE_0    0x80000000         0x10000000         xr
OSPI_DEVICE_1    0x90000000         0x10000000         xr
OSPI_DEVICE_0_RAM 0x80000000         0x10000000         xrw
OSPI_DEVICE_1_RAM 0x90000000         0x10000000         xrw
SDRAM            0x68000000         0x08000000         xrw
OPTION_SETTING   0x0300a100         0x00000100         r
OPTION_SETTING_OFS 0x0300a100         0x00000018         r
OPTION_SETTING_SAS 0x0300a134         0x000000cc         r
OPTION_SETTING_S 0x0300a200         0x00000100         r
OPTION_SETTING_DATA_FLASH_S 0x27030080         0x00000800         r
ID_CODE          0x00000000         0x00000000         xr
*default*        0x00000000         0xffffffff

Linker script and memory map

LOAD C:/Program Files (x86)/Arm GNU Toolchain arm-none-eabi/13.2 Rel1/bin/../lib/gcc/arm-none-eabi/13.2.1/thumb/v8-m.main+dp/hard/crti.o
LOAD C:/Program Files (x86)/Arm GNU Toolchain arm-none-eabi/13.2 Rel1/bin/../lib/gcc/arm-none-eabi/13.2.1/thumb/v8-m.main+dp/hard/crtbegin.o
LOAD C:/Program Files (x86)/Arm GNU Toolchain arm-none-eabi/13.2 Rel1/bin/../lib/gcc/arm-none-eabi/13.2.1/thumb/v8-m.main+dp/hard/rdimon-crt0.o
START GROUP
LOAD ./src/time_counter/time_counter.o
LOAD ./src/SEGGER_RTT/SEGGER_RTT.o
LOAD ./src/SEGGER_RTT/SEGGER_RTT_printf.o
LOAD ./src/graphics_rendering.o
LOAD ./src/gt911.o
LOAD ./src/hal_entry.o
LOAD ./src/mipi_dsi_ep.o
LOAD ./ra_gen/common_data.o
LOAD ./ra_gen/hal_data.o
LOAD ./ra_gen/main.o
LOAD ./ra_gen/pin_data.o
LOAD ./ra_gen/vector_data.o
LOAD ./ra/fsp/src/r_mipi_phy/r_mipi_phy.o
LOAD ./ra/fsp/src/r_mipi_dsi/r_mipi_dsi.o
LOAD ./ra/fsp/src/r_ioport/r_ioport.o
LOAD ./ra/fsp/src/r_iic_master/r_iic_master.o
LOAD ./ra/fsp/src/r_icu/r_icu.o
LOAD ./ra/fsp/src/r_gpt/r_gpt.o
LOAD ./ra/fsp/src/r_glcdc/r_glcdc.o
LOAD ./ra/fsp/src/bsp/mcu/all/bsp_clocks.o
LOAD ./ra/fsp/src/bsp/mcu/all/bsp_common.o
LOAD ./ra/fsp/src/bsp/mcu/all/bsp_delay.o
LOAD ./ra/fsp/src/bsp/mcu/all/bsp_group_irq.o
LOAD ./ra/fsp/src/bsp/mcu/all/bsp_guard.o
LOAD ./ra/fsp/src/bsp/mcu/all/bsp_io.o
LOAD ./ra/fsp/src/bsp/mcu/all/bsp_irq.o
LOAD ./ra/fsp/src/bsp/mcu/all/bsp_macl.o
LOAD ./ra/fsp/src/bsp/mcu/all/bsp_register_protection.o
LOAD ./ra/fsp/src/bsp/mcu/all/bsp_rom_registers.o
LOAD ./ra/fsp/src/bsp/mcu/all/bsp_sbrk.o
LOAD ./ra/fsp/src/bsp/mcu/all/bsp_sdram.o
LOAD ./ra/fsp/src/bsp/mcu/all/bsp_security.o
LOAD ./ra/fsp/src/bsp/cmsis/Device/RENESAS/Source/startup.o
LOAD ./ra/fsp/src/bsp/cmsis/Device/RENESAS/Source/system.o
LOAD ./ra/board/ra8d1_ek/board_init.o
LOAD ./ra/board/ra8d1_ek/board_leds.o
END GROUP
START GROUP
LOAD C:/Program Files (x86)/Arm GNU Toolchain arm-none-eabi/13.2 Rel1/bin/../lib/gcc/arm-none-eabi/13.2.1/thumb/v8-m.main+dp/hard\libgcc.a
LOAD C:/Program Files (x86)/Arm GNU Toolchain arm-none-eabi/13.2 Rel1/bin/../lib/gcc/arm-none-eabi/13.2.1/thumb/v8-m.main+dp/hard\libg_nano.a
LOAD C:/Program Files (x86)/Arm GNU Toolchain arm-none-eabi/13.2 Rel1/bin/../lib/gcc/arm-none-eabi/13.2.1/thumb/v8-m.main+dp/hard\libc_nano.a
END GROUP
START GROUP
LOAD C:/Program Files (x86)/Arm GNU Toolchain arm-none-eabi/13.2 Rel1/bin/../lib/gcc/arm-none-eabi/13.2.1/thumb/v8-m.main+dp/hard\libgcc.a
LOAD C:/Program Files (x86)/Arm GNU Toolchain arm-none-eabi/13.2 Rel1/bin/../lib/gcc/arm-none-eabi/13.2.1/thumb/v8-m.main+dp/hard\libc_nano.a
LOAD C:/Program Files (x86)/Arm GNU Toolchain arm-none-eabi/13.2 Rel1/bin/../lib/gcc/arm-none-eabi/13.2.1/thumb/v8-m.main+dp/hard\librdimon_nano.a
END GROUP
START GROUP
LOAD C:/Program Files (x86)/Arm GNU Toolchain arm-none-eabi/13.2 Rel1/bin/../lib/gcc/arm-none-eabi/13.2.1/thumb/v8-m.main+dp/hard\libgcc.a
LOAD C:/Program Files (x86)/Arm GNU Toolchain arm-none-eabi/13.2 Rel1/bin/../lib/gcc/arm-none-eabi/13.2.1/thumb/v8-m.main+dp/hard\libc_nano.a
LOAD C:/Program Files (x86)/Arm GNU Toolchain arm-none-eabi/13.2 Rel1/bin/../lib/gcc/arm-none-eabi/13.2.1/thumb/v8-m.main+dp/hard\librdimon_nano.a
END GROUP
LOAD C:/Program Files (x86)/Arm GNU Toolchain arm-none-eabi/13.2 Rel1/bin/../lib/gcc/arm-none-eabi/13.2.1/thumb/v8-m.main+dp/hard/crtend.o
LOAD C:/Program Files (x86)/Arm GNU Toolchain arm-none-eabi/13.2 Rel1/bin/../lib/gcc/arm-none-eabi/13.2.1/thumb/v8-m.main+dp/hard/crtn.o
                0x22000000                        RAM_START = 0x22000000
                0x000e0000                        RAM_LENGTH = 0xe0000
                0x02000000                        FLASH_START = 0x2000000
                0x001f8000                        FLASH_LENGTH = 0x1f8000
                0x27000000                        DATA_FLASH_START = 0x27000000
                0x00003000                        DATA_FLASH_LENGTH = 0x3000
                0x0300a100                        OPTION_SETTING_START = 0x300a100
                0x00000100                        OPTION_SETTING_LENGTH = 0x100
                0x0300a200                        OPTION_SETTING_S_START = 0x300a200
                0x00000100                        OPTION_SETTING_S_LENGTH = 0x100
                0x27030080                        OPTION_SETTING_DATA_FLASH_S_START = 0x27030080
                0x00000800                        OPTION_SETTING_DATA_FLASH_S_LENGTH = 0x800
                0x00000000                        ID_CODE_START = 0x0
                0x00000000                        ID_CODE_LENGTH = 0x0
                0x68000000                        SDRAM_START = 0x68000000
                0x08000000                        SDRAM_LENGTH = 0x8000000
                0x60000000                        QSPI_FLASH_START = 0x60000000
                0x00000000                        QSPI_FLASH_LENGTH = 0x0
                0x80000000                        OSPI_DEVICE_0_START = 0x80000000
                0x10000000                        OSPI_DEVICE_0_LENGTH = 0x10000000
                0x90000000                        OSPI_DEVICE_1_START = 0x90000000
                0x10000000                        OSPI_DEVICE_1_LENGTH = 0x10000000
                0x00000000                        ITCM_START = 0x0
                0x00010000                        ITCM_LENGTH = 0x10000
                0x20000000                        DTCM_START = 0x20000000
                0x00010000                        DTCM_LENGTH = 0x10000
                0x10000000                        NS_OFFSET_START = 0x10000000
                0x00000000                        NS_OFFSET_LENGTH = 0x0
                0x00000000                        QSPI_FLASH_PRV_LENGTH = DEFINED (QSPI_FLASH_SIZE)?ABSOLUTE (QSPI_FLASH_SIZE):ABSOLUTE (QSPI_FLASH_LENGTH)
                0x10000000                        OSPI_DEVICE_0_PRV_LENGTH = DEFINED (OSPI_DEVICE_0_SIZE)?ABSOLUTE (OSPI_DEVICE_0_SIZE):ABSOLUTE (OSPI_DEVICE_0_LENGTH)
                0x10000000                        OSPI_DEVICE_1_PRV_LENGTH = DEFINED (OSPI_DEVICE_1_SIZE)?ABSOLUTE (OSPI_DEVICE_1_SIZE):ABSOLUTE (OSPI_DEVICE_1_LENGTH)
                0x00000000                        __RESERVE_NS_RAM = ((! (DEFINED (PROJECT_NONSECURE)) && DEFINED (RAM_NS_BUFFER_LENGTH)) && (OPTION_SETTING_S_LENGTH != 0x0))
                0x00000000                        ITCM_START = DEFINED (ITCM_START)?ITCM_START:0x0
                0x00010000                        ITCM_LENGTH = DEFINED (ITCM_LENGTH)?ITCM_LENGTH:0x0
                0x20000000                        DTCM_START = DEFINED (DTCM_START)?DTCM_START:0x0
                0x00010000                        DTCM_LENGTH = DEFINED (DTCM_LENGTH)?DTCM_LENGTH:0x0
                0x00000000                        RAM_NS_BUFFER_BLOCK_LENGTH = DEFINED (RAM_NS_BUFFER_LENGTH)?ALIGN (RAM_NS_BUFFER_LENGTH, 0x2000):0x0
                0x00000000                        RAM_NS_BUFFER_LENGTH = DEFINED (RAM_NS_BUFFER_LENGTH)?RAM_NS_BUFFER_LENGTH:0x0
                0x220e0000                        RAM_NS_BUFFER_START = ((RAM_START + RAM_LENGTH) - RAM_NS_BUFFER_LENGTH)
                0x220e0000                        RAM_NS_BUFFER_BLOCK_START = ((RAM_START + RAM_LENGTH) - RAM_NS_BUFFER_BLOCK_LENGTH)
                0x0300a180                        OPTION_SETTING_START_NS = DEFINED (PROJECT_NONSECURE)?OPTION_SETTING_START:(OPTION_SETTING_START + 0x80)
                0x27030080                        OPTION_SETTING_DATA_FLASH_S_START = DEFINED (OPTION_SETTING_DATA_FLASH_S_START)?OPTION_SETTING_DATA_FLASH_S_START:0x0
                0x00000800                        OPTION_SETTING_DATA_FLASH_S_LENGTH = DEFINED (OPTION_SETTING_DATA_FLASH_S_LENGTH)?OPTION_SETTING_DATA_FLASH_S_LENGTH:0x0
                0x00000001                        __bl_FSP_BOOTABLE_IMAGE = 0x1
                0x00000001                        __bln_FSP_BOOTABLE_IMAGE = 0x1
                0x00000001                        PROJECT_SECURE_OR_FLAT = (((! (DEFINED (PROJECT_NONSECURE)) || DEFINED (PROJECT_SECURE)) && OPTION_SETTING_LENGTH) && ! (DEFINED (FSP_BOOTABLE_IMAGE)))
                0x00000000                        USE_OPTION_SETTING_NS = (DEFINED (PROJECT_NONSECURE) && ! (DEFINED (FSP_BOOTABLE_IMAGE)))
                0x00000001                        USE_OPTION_SETTING_DATA_FLASH = (PROJECT_SECURE_OR_FLAT && (OPTION_SETTING_DATA_FLASH_S_LENGTH != 0x0))
                0x00000000                        __bl_FLASH_IMAGE_START = ! (DEFINED (FLASH_BOOTLOADER_LENGTH))?0x0:(FLASH_APPLICATION_IMAGE_NUMBER == 0x1)?((FLASH_START + FLASH_BOOTLOADER_LENGTH) + FLASH_BOOTLOADER_HEADER_LENGTH):(DEFINED (BOOTLOADER_SECONDARY_USE_QSPI) || DEFINED (BOOTLOADER_SECONDARY_USE_OSPI_B))?(((FLASH_START + FLASH_BOOTLOADER_LENGTH) + FLASH_BOOTLOADER_SCRATCH_LENGTH) + FLASH_BOOTLOADER_HEADER_LENGTH):((((FLASH_START + FLASH_BOOTLOADER_LENGTH) + FLASH_BOOTLOADER_SCRATCH_LENGTH) + FLASH_APPLICATION_S_LENGTH) + FLASH_BOOTLOADER_HEADER_LENGTH)
                0x00000000                        __bl_FLASH_IMAGE_LENGTH = ! (DEFINED (FLASH_BOOTLOADER_LENGTH))?0x0:(FLASH_APPLICATION_S_LENGTH - FLASH_BOOTLOADER_HEADER_LENGTH)
                0x00000000                        __bl_FLASH_IMAGE_END = (__bl_FLASH_IMAGE_START + __bl_FLASH_IMAGE_LENGTH)
                0x00000000                        __bl_XIP_SECONDARY_FLASH_IMAGE_START = ! (DEFINED (FLASH_BOOTLOADER_LENGTH))?0x0:(((FLASH_START + FLASH_BOOTLOADER_LENGTH) + FLASH_APPLICATION_S_LENGTH) + FLASH_BOOTLOADER_HEADER_LENGTH)
                0x00000000                        __bl_XIP_SECONDARY_FLASH_IMAGE_END = (__bl_XIP_SECONDARY_FLASH_IMAGE_START + __bl_FLASH_IMAGE_LENGTH)
                0x00000000                        __bl_FLASH_IMAGE_START_FROM_MMF_REGION = DEFINED (BOOT_IMAGE_FROM_MMF_REGION)?BOOT_IMAGE_FROM_MMF_REGION:0x0
                0x00000000                        __bl_MEMORY_MIRROR_REGION_START = DEFINED (MMF_REGION_START_ADDR)?MMF_REGION_START_ADDR:0x0
                0x00000000                        __bl_FLASH_NS_START = ! (DEFINED (FLASH_BOOTLOADER_LENGTH))?0x0:(FLASH_APPLICATION_NS_LENGTH == 0x0)?__bl_FLASH_IMAGE_END:((__bl_FLASH_IMAGE_START - FLASH_BOOTLOADER_HEADER_LENGTH) + FLASH_APPLICATION_S_LENGTH)
                0x00000000                        __bl_FLASH_NSC_START = ! (DEFINED (FLASH_BOOTLOADER_LENGTH))?0x0:(FLASH_APPLICATION_NS_LENGTH == 0x0)?__bl_FLASH_IMAGE_END:(__bl_FLASH_IMAGE_END - FLASH_APPLICATION_NSC_LENGTH)
                0x00000000                        __bl_RAM_NS_START = ! (DEFINED (FLASH_BOOTLOADER_LENGTH))?0x0:(FLASH_APPLICATION_NS_LENGTH == 0x0)?(RAM_START + RAM_LENGTH):((RAM_START + RAM_LENGTH) - RAM_APPLICATION_NS_LENGTH)
                0x00000000                        __bl_RAM_NSC_START = ! (DEFINED (FLASH_BOOTLOADER_LENGTH))?0x0:(FLASH_APPLICATION_NS_LENGTH == 0x0)?(RAM_START + RAM_LENGTH):(__bl_RAM_NS_START - RAM_APPLICATION_NSC_LENGTH)
                0x00000000                        __bl_FLASH_NS_IMAGE_START = ! (DEFINED (FLASH_BOOTLOADER_LENGTH))?0x0:(FLASH_APPLICATION_NS_LENGTH == 0x0)?__bl_FLASH_IMAGE_END:(__bl_FLASH_NS_START + FLASH_BOOTLOADER_HEADER_LENGTH_2)
                0x10000000                        __bln_FLASH_IMAGE_START = (__bl_FLASH_NS_IMAGE_START | ! (DEFINED (NS_OFFSET_START))?0x0:NS_OFFSET_START)
                0x00000000                        __bln_FLASH_IMAGE_LENGTH = ! (DEFINED (FLASH_BOOTLOADER_LENGTH))?0x0:(FLASH_APPLICATION_NS_LENGTH == 0x0)?__bl_FLASH_IMAGE_END:(FLASH_APPLICATION_NS_LENGTH - FLASH_BOOTLOADER_HEADER_LENGTH_2)
                0x00000000                        XIP_SECONDARY_SLOT_IMAGE = DEFINED (XIP_SECONDARY_SLOT_IMAGE)?XIP_SECONDARY_SLOT_IMAGE:0x0
                0x00000000                        FLASH_IMAGE_START_FROM_MMF_REGION = ! (DEFINED (FLASH_IMAGE_START_FROM_MMF_REGION))?0x0:FLASH_IMAGE_START_FROM_MMF_REGION
                0x00000000                        MEMORY_MIRROR_REGION_START = ! (DEFINED (MEMORY_MIRROR_REGION_START))?0x0:MEMORY_MIRROR_REGION_START
                0x02000000                        FLASH_ORIGIN = ! (DEFINED (FLASH_IMAGE_START))?FLASH_START:(XIP_SECONDARY_SLOT_IMAGE == 0x1)?XIP_SECONDARY_FLASH_IMAGE_START:(FLASH_IMAGE_START_FROM_MMF_REGION == 0x1)?MEMORY_MIRROR_REGION_START:FLASH_IMAGE_START
                0x001f8000                        LIMITED_FLASH_LENGTH = DEFINED (FLASH_IMAGE_LENGTH)?FLASH_IMAGE_LENGTH:DEFINED (FLASH_BOOTLOADER_LENGTH)?FLASH_BOOTLOADER_LENGTH:FLASH_LENGTH
                0x00000034                        OPTION_SETTING_SAS_SIZE = 0x34
                0x000000cc                        OPTION_SETTING_SAS_LENGTH = ! (DEFINED (OPTION_SETTING_LENGTH))?0x0:(OPTION_SETTING_LENGTH == 0x0)?0x0:(OPTION_SETTING_LENGTH - OPTION_SETTING_SAS_SIZE)
START GROUP
LOAD C:/Program Files (x86)/Arm GNU Toolchain arm-none-eabi/13.2 Rel1/bin/../lib/gcc/arm-none-eabi/13.2.1/thumb/v8-m.main+dp/hard\libgcc.a
LOAD C:/Program Files (x86)/Arm GNU Toolchain arm-none-eabi/13.2 Rel1/bin/../lib/gcc/arm-none-eabi/13.2.1/thumb/v8-m.main+dp/hard\libc.a
LOAD C:/Program Files (x86)/Arm GNU Toolchain arm-none-eabi/13.2 Rel1/bin/../lib/gcc/arm-none-eabi/13.2.1/thumb/v8-m.main+dp/hard\libm.a
END GROUP

.text           0x02000000     0x56bc
                0x02000000                        __tz_FLASH_S = ABSOLUTE (FLASH_START)
                0x02000000                        __ROM_Start = .
 *(.fixed_vectors*)
 .fixed_vectors
                0x02000000       0x40 ./ra/fsp/src/bsp/cmsis/Device/RENESAS/Source/startup.o
                0x02000000                __Vectors
 *(.application_vectors*)
 .application_vectors
                0x02000040      0x180 ./ra_gen/vector_data.o
                0x02000040                g_vector_table
                0x020001c0                        __Vectors_End = .
 *(.flash_gap*)
                0x020001c0                        . = (OPTION_SETTING_LENGTH > 0x0)?.:(__ROM_Start + 0x400)
 *(.rom_registers*)
 *(.mcuboot_sce9_key*)
 *(.text*)
 .text.deregister_tm_clones
                0x020001c0       0x1c C:/Program Files (x86)/Arm GNU Toolchain arm-none-eabi/13.2 Rel1/bin/../lib/gcc/arm-none-eabi/13.2.1/thumb/v8-m.main+dp/hard/crtbegin.o
 .text.register_tm_clones
                0x020001dc       0x28 C:/Program Files (x86)/Arm GNU Toolchain arm-none-eabi/13.2 Rel1/bin/../lib/gcc/arm-none-eabi/13.2.1/thumb/v8-m.main+dp/hard/crtbegin.o
 .text.__do_global_dtors_aux
                0x02000204       0x28 C:/Program Files (x86)/Arm GNU Toolchain arm-none-eabi/13.2 Rel1/bin/../lib/gcc/arm-none-eabi/13.2.1/thumb/v8-m.main+dp/hard/crtbegin.o
 .text.frame_dummy
                0x0200022c       0x24 C:/Program Files (x86)/Arm GNU Toolchain arm-none-eabi/13.2 Rel1/bin/../lib/gcc/arm-none-eabi/13.2.1/thumb/v8-m.main+dp/hard/crtbegin.o
 .text.TimeCounter_Init
                0x02000250       0x28 ./src/time_counter/time_counter.o
                0x02000250                TimeCounter_Init
 .text.TimeCounter_Stop
                0x02000278       0x10 ./src/time_counter/time_counter.o
                0x02000278                TimeCounter_Stop
 .text.TimeCounter_Start
                0x02000288       0x10 ./src/time_counter/time_counter.o
                0x02000288                TimeCounter_Start
 .text.TimeCounter_CountReset
                0x02000298       0x2c ./src/time_counter/time_counter.o
                0x02000298                TimeCounter_CountReset
 .text.TimeCounter_CurrentCountGet
                0x020002c4        0xc ./src/time_counter/time_counter.o
                0x020002c4                TimeCounter_CurrentCountGet
 .text.TimeCounter_CurrentCountRegGet
                0x020002d0       0x18 ./src/time_counter/time_counter.o
                0x020002d0                TimeCounter_CurrentCountRegGet
 .text.time_counter_callback
                0x020002e8       0x14 ./src/time_counter/time_counter.o
                0x020002e8                time_counter_callback
 .text._WriteNoCheck
                0x020002fc       0x38 ./src/SEGGER_RTT/SEGGER_RTT.o
 .text._WriteBlocking
                0x02000334       0x60 ./src/SEGGER_RTT/SEGGER_RTT.o
 .text._DoInit  0x02000394       0x6c ./src/SEGGER_RTT/SEGGER_RTT.o
 .text.SEGGER_RTT_WriteNoLock
                0x02000400       0x7c ./src/SEGGER_RTT/SEGGER_RTT.o
                0x02000400                SEGGER_RTT_WriteNoLock
 .text.SEGGER_RTT_Write
                0x0200047c       0x34 ./src/SEGGER_RTT/SEGGER_RTT.o
                0x0200047c                SEGGER_RTT_Write
 .text._StoreChar
                0x020004b0       0x40 ./src/SEGGER_RTT/SEGGER_RTT_printf.o
 .text._PrintUnsigned
                0x020004f0       0xf4 ./src/SEGGER_RTT/SEGGER_RTT_printf.o
 .text.SEGGER_RTT_vprintf
                0x020005e4      0x39c ./src/SEGGER_RTT/SEGGER_RTT_printf.o
                0x020005e4                SEGGER_RTT_vprintf
 .text.SEGGER_RTT_printf
                0x02000980       0x20 ./src/SEGGER_RTT/SEGGER_RTT_printf.o
                0x02000980                SEGGER_RTT_printf
 .text.CLUT_init
                0x020009a0      0x138 ./src/graphics_rendering.o
                0x020009a0                CLUT_init
 .text.RGB_init
                0x02000ad8      0x138 ./src/graphics_rendering.o
                0x02000ad8                RGB_init
 .text.i2c_master_callback
                0x02000c10       0x10 ./src/gt911.o
                0x02000c10                i2c_master_callback
 .text.hal_entry
                0x02000c20       0x7c ./src/hal_entry.o
                0x02000c20                hal_entry
 .text.R_BSP_WarmStart
                0x02000c9c       0x18 ./src/hal_entry.o
                0x02000c9c                R_BSP_WarmStart
 .text.handle_error.part.0
                0x02000cb4       0xf0 ./src/mipi_dsi_ep.o
 .text.mipi_dsi_push_table
                0x02000da4       0x84 ./src/mipi_dsi_ep.o
                0x02000da4                mipi_dsi_push_table
 .text.mipi_dsi_start_display
                0x02000e28       0x64 ./src/mipi_dsi_ep.o
                0x02000e28                mipi_dsi_start_display
 .text.external_irq_callback
                0x02000e8c       0x1c ./src/mipi_dsi_ep.o
                0x02000e8c                external_irq_callback
 .text.touch_screen_reset
                0x02000ea8       0x7c ./src/mipi_dsi_ep.o
                0x02000ea8                touch_screen_reset
 .text.glcdc_callback
                0x02000f24       0x14 ./src/mipi_dsi_ep.o
                0x02000f24                glcdc_callback
 .text.mipi_dsi_callback
                0x02000f38       0x30 ./src/mipi_dsi_ep.o
                0x02000f38                mipi_dsi_callback
 .text.mipi_dsi_entry
                0x02000f68       0xa0 ./src/mipi_dsi_ep.o
                0x02000f68                mipi_dsi_entry
 .text.startup.main
                0x02001008        0xc ./ra_gen/main.o
                0x02001008                main
 .text.r_mipi_phy_close
                0x02001014       0x28 ./ra/fsp/src/r_mipi_phy/r_mipi_phy.o
                0x02001014                r_mipi_phy_close
 .text.r_mipi_phy_open
                0x0200103c       0xec ./ra/fsp/src/r_mipi_phy/r_mipi_phy.o
                0x0200103c                r_mipi_phy_open
 .text.R_MIPI_DSI_UlpsEnter
                0x02001128       0x58 ./ra/fsp/src/r_mipi_dsi/r_mipi_dsi.o
                0x02001128                R_MIPI_DSI_UlpsEnter
 .text.R_MIPI_DSI_UlpsExit
                0x02001180       0x50 ./ra/fsp/src/r_mipi_dsi/r_mipi_dsi.o
                0x02001180                R_MIPI_DSI_UlpsExit
 .text.R_MIPI_DSI_StatusGet
                0x020011d0       0x24 ./ra/fsp/src/r_mipi_dsi/r_mipi_dsi.o
                0x020011d0                R_MIPI_DSI_StatusGet
 .text.dsi_call_callback
                0x020011f4       0x3c ./ra/fsp/src/r_mipi_dsi/r_mipi_dsi.o
 .text.R_MIPI_DSI_Start
                0x02001230       0x68 ./ra/fsp/src/r_mipi_dsi/r_mipi_dsi.o
                0x02001230                R_MIPI_DSI_Start
 .text.R_MIPI_DSI_Command
                0x02001298      0x114 ./ra/fsp/src/r_mipi_dsi/r_mipi_dsi.o
                0x02001298                R_MIPI_DSI_Command
 .text.R_MIPI_DSI_Stop
                0x020013ac       0x40 ./ra/fsp/src/r_mipi_dsi/r_mipi_dsi.o
                0x020013ac                R_MIPI_DSI_Stop
 .text.R_MIPI_DSI_Open
                0x020013ec      0x554 ./ra/fsp/src/r_mipi_dsi/r_mipi_dsi.o
                0x020013ec                R_MIPI_DSI_Open
 .text.R_MIPI_DSI_Close
                0x02001940      0x194 ./ra/fsp/src/r_mipi_dsi/r_mipi_dsi.o
                0x02001940                R_MIPI_DSI_Close
 .text.mipi_dsi_seq0_isr
                0x02001ad4       0x54 ./ra/fsp/src/r_mipi_dsi/r_mipi_dsi.o
                0x02001ad4                mipi_dsi_seq0_isr
 .text.mipi_dsi_seq1_isr
                0x02001b28       0x54 ./ra/fsp/src/r_mipi_dsi/r_mipi_dsi.o
                0x02001b28                mipi_dsi_seq1_isr
 .text.mipi_dsi_vin1_isr
                0x02001b7c       0xe4 ./ra/fsp/src/r_mipi_dsi/r_mipi_dsi.o
                0x02001b7c                mipi_dsi_vin1_isr
 .text.mipi_dsi_rcv_isr
                0x02001c60       0x64 ./ra/fsp/src/r_mipi_dsi/r_mipi_dsi.o
                0x02001c60                mipi_dsi_rcv_isr
 .text.mipi_dsi_ferr_isr
                0x02001cc4       0x54 ./ra/fsp/src/r_mipi_dsi/r_mipi_dsi.o
                0x02001cc4                mipi_dsi_ferr_isr
 .text.mipi_dsi_ppi_isr
                0x02001d18       0x78 ./ra/fsp/src/r_mipi_dsi/r_mipi_dsi.o
                0x02001d18                mipi_dsi_ppi_isr
 .text.R_IOPORT_Close
                0x02001d90        0xc ./ra/fsp/src/r_ioport/r_ioport.o
                0x02001d90                R_IOPORT_Close
 .text.R_IOPORT_PinRead
                0x02001d9c       0x24 ./ra/fsp/src/r_ioport/r_ioport.o
                0x02001d9c                R_IOPORT_PinRead
 .text.R_IOPORT_PortRead
                0x02001dc0       0x14 ./ra/fsp/src/r_ioport/r_ioport.o
                0x02001dc0                R_IOPORT_PortRead
 .text.R_IOPORT_PortWrite
                0x02001dd4       0x1c ./ra/fsp/src/r_ioport/r_ioport.o
                0x02001dd4                R_IOPORT_PortWrite
 .text.R_IOPORT_PinWrite
                0x02001df0       0x28 ./ra/fsp/src/r_ioport/r_ioport.o
                0x02001df0                R_IOPORT_PinWrite
 .text.R_IOPORT_PortDirectionSet
                0x02001e18       0x2c ./ra/fsp/src/r_ioport/r_ioport.o
                0x02001e18                R_IOPORT_PortDirectionSet
 .text.R_IOPORT_PortEventInputRead
                0x02001e44       0x18 ./ra/fsp/src/r_ioport/r_ioport.o
                0x02001e44                R_IOPORT_PortEventInputRead
 .text.R_IOPORT_PinEventInputRead
                0x02001e5c       0x34 ./ra/fsp/src/r_ioport/r_ioport.o
                0x02001e5c                R_IOPORT_PinEventInputRead
 .text.R_IOPORT_PortEventOutputWrite
                0x02001e90       0x1c ./ra/fsp/src/r_ioport/r_ioport.o
                0x02001e90                R_IOPORT_PortEventOutputWrite
 .text.R_IOPORT_PinEventOutputWrite
                0x02001eac       0x34 ./ra/fsp/src/r_ioport/r_ioport.o
                0x02001eac                R_IOPORT_PinEventOutputWrite
 .text.bsp_vbatt_init
                0x02001ee0       0xec ./ra/fsp/src/r_ioport/r_ioport.o
 .text.r_ioport_pins_config
                0x02001fcc       0xb4 ./ra/fsp/src/r_ioport/r_ioport.o
 .text.R_IOPORT_Open
                0x02002080       0x14 ./ra/fsp/src/r_ioport/r_ioport.o
                0x02002080                R_IOPORT_Open
 .text.R_IOPORT_PinsCfg
                0x02002094        0xc ./ra/fsp/src/r_ioport/r_ioport.o
                0x02002094                R_IOPORT_PinsCfg
 .text.R_IOPORT_PinCfg
                0x020020a0       0xa8 ./ra/fsp/src/r_ioport/r_ioport.o
                0x020020a0                R_IOPORT_PinCfg
 .text.iic_master_notify
                0x02002148       0x3c ./ra/fsp/src/r_iic_master/r_iic_master.o
 .text.iic_master_open_hw_master
                0x02002184      0x218 ./ra/fsp/src/r_iic_master/r_iic_master.o
 .text.R_IIC_MASTER_Open
                0x0200239c       0x84 ./ra/fsp/src/r_iic_master/r_iic_master.o
                0x0200239c                R_IIC_MASTER_Open
 .text.R_IIC_MASTER_Close
                0x02002420       0xe0 ./ra/fsp/src/r_iic_master/r_iic_master.o
                0x02002420                R_IIC_MASTER_Close
 .text.iic_master_rxi_isr
                0x02002500      0x180 ./ra/fsp/src/r_iic_master/r_iic_master.o
                0x02002500                iic_master_rxi_isr
 .text.iic_master_txi_isr
                0x02002680      0x10c ./ra/fsp/src/r_iic_master/r_iic_master.o
                0x02002680                iic_master_txi_isr
 .text.iic_master_tei_isr
                0x0200278c       0xdc ./ra/fsp/src/r_iic_master/r_iic_master.o
                0x0200278c                iic_master_tei_isr
 .text.iic_master_eri_isr
                0x02002868      0x134 ./ra/fsp/src/r_iic_master/r_iic_master.o
                0x02002868                iic_master_eri_isr
 .text.R_ICU_ExternalIrqOpen
                0x0200299c       0x84 ./ra/fsp/src/r_icu/r_icu.o
                0x0200299c                R_ICU_ExternalIrqOpen
 .text.R_ICU_ExternalIrqEnable
                0x02002a20       0x44 ./ra/fsp/src/r_icu/r_icu.o
                0x02002a20                R_ICU_ExternalIrqEnable
 .text.R_ICU_ExternalIrqClose
                0x02002a64       0x4c ./ra/fsp/src/r_icu/r_icu.o
                0x02002a64                R_ICU_ExternalIrqClose
 .text.r_icu_isr
                0x02002ab0       0x78 ./ra/fsp/src/r_icu/r_icu.o
                0x02002ab0                r_icu_isr
 .text.R_GPT_Stop
                0x02002b28        0xc ./ra/fsp/src/r_gpt/r_gpt.o
                0x02002b28                R_GPT_Stop
 .text.R_GPT_Start
                0x02002b34        0xc ./ra/fsp/src/r_gpt/r_gpt.o
                0x02002b34                R_GPT_Start
 .text.R_GPT_Reset
                0x02002b40        0xc ./ra/fsp/src/r_gpt/r_gpt.o
                0x02002b40                R_GPT_Reset
 .text.R_GPT_Enable
                0x02002b4c       0x30 ./ra/fsp/src/r_gpt/r_gpt.o
                0x02002b4c                R_GPT_Enable
 .text.R_GPT_Disable
                0x02002b7c       0x18 ./ra/fsp/src/r_gpt/r_gpt.o
                0x02002b7c                R_GPT_Disable
 .text.R_GPT_PeriodSet
                0x02002b94       0x18 ./ra/fsp/src/r_gpt/r_gpt.o
                0x02002b94                R_GPT_PeriodSet
 .text.R_GPT_DutyCycleSet
                0x02002bac        0x4 ./ra/fsp/src/r_gpt/r_gpt.o
                0x02002bac                R_GPT_DutyCycleSet
 .text.R_GPT_CompareMatchSet
                0x02002bb0       0x14 ./ra/fsp/src/r_gpt/r_gpt.o
                0x02002bb0                R_GPT_CompareMatchSet
 .text.R_GPT_StatusGet
                0x02002bc4       0x14 ./ra/fsp/src/r_gpt/r_gpt.o
                0x02002bc4                R_GPT_StatusGet
 .text.R_GPT_CallbackSet
                0x02002bd8       0x10 ./ra/fsp/src/r_gpt/r_gpt.o
                0x02002bd8                R_GPT_CallbackSet
 .text.r_gpt_call_callback
                0x02002be8       0x3c ./ra/fsp/src/r_gpt/r_gpt.o
 .text.R_GPT_InfoGet
                0x02002c24       0x88 ./ra/fsp/src/r_gpt/r_gpt.o
                0x02002c24                R_GPT_InfoGet
 .text.r_gpt_enable_irq
                0x02002cac       0x60 ./ra/fsp/src/r_gpt/r_gpt.o
 .text.R_GPT_Open
                0x02002d0c      0x138 ./ra/fsp/src/r_gpt/r_gpt.o
                0x02002d0c                R_GPT_Open
 .text.R_GPT_Close
                0x02002e44       0xa4 ./ra/fsp/src/r_gpt/r_gpt.o
                0x02002e44                R_GPT_Close
 .text.gpt_counter_overflow_isr
                0x02002ee8       0x90 ./ra/fsp/src/r_gpt/r_gpt.o
                0x02002ee8                gpt_counter_overflow_isr
 .text.R_GLCDC_Start
                0x02002f78       0x3c ./ra/fsp/src/r_glcdc/r_glcdc.o
                0x02002f78                R_GLCDC_Start
 .text.R_GLCDC_ClutUpdate
                0x02002fb4       0x40 ./ra/fsp/src/r_glcdc/r_glcdc.o
                0x02002fb4                R_GLCDC_ClutUpdate
 .text.R_GLCDC_Close
                0x02002ff4      0x134 ./ra/fsp/src/r_glcdc/r_glcdc.o
                0x02002ff4                R_GLCDC_Close
 .text.r_glcdc_graphics_layer_set
                0x02003128      0x2d8 ./ra/fsp/src/r_glcdc/r_glcdc.o
 .text.R_GLCDC_Open
                0x02003400      0x420 ./ra/fsp/src/r_glcdc/r_glcdc.o
                0x02003400                R_GLCDC_Open
 .text.glcdc_line_detect_isr
                0x02003820       0x80 ./ra/fsp/src/r_glcdc/r_glcdc.o
                0x02003820                glcdc_line_detect_isr
 .text.SystemCoreClockUpdate
                0x020038a0       0x8c ./ra/fsp/src/bsp/mcu/all/bsp_clocks.o
                0x020038a0                SystemCoreClockUpdate
 .text.R_BSP_SubClockStabilizeWaitAfterReset
                0x0200392c        0x4 ./ra/fsp/src/bsp/mcu/all/bsp_clocks.o
                0x0200392c                R_BSP_SubClockStabilizeWaitAfterReset
 .text.bsp_clock_init
                0x02003930      0x188 ./ra/fsp/src/bsp/mcu/all/bsp_clocks.o
                0x02003930                bsp_clock_init
 .text.R_BSP_Init_RTC
                0x02003ab8       0xb0 ./ra/fsp/src/bsp/mcu/all/bsp_clocks.o
                0x02003ab8                R_BSP_Init_RTC
 .text.R_FSP_VersionGet
                0x02003b68        0xc ./ra/fsp/src/bsp/mcu/all/bsp_common.o
                0x02003b68                R_FSP_VersionGet
 *fill*         0x02003b74        0x4 ff
 .text.bsp_prv_software_delay_loop
                0x02003b78        0xc ./ra/fsp/src/bsp/mcu/all/bsp_delay.o
                0x02003b78                bsp_prv_software_delay_loop
 .text.R_BSP_SoftwareDelay
                0x02003b84       0x80 ./ra/fsp/src/bsp/mcu/all/bsp_delay.o
                0x02003b84                R_BSP_SoftwareDelay
 .text.NMI_Handler
                0x02003c04       0x44 ./ra/fsp/src/bsp/mcu/all/bsp_group_irq.o
                0x02003c04                NMI_Handler
 .text.bsp_irq_cfg
                0x02003c48       0x2c ./ra/fsp/src/bsp/mcu/all/bsp_irq.o
                0x02003c48                bsp_irq_cfg
 .text.R_BSP_RegisterProtectEnable
                0x02003c74       0x60 ./ra/fsp/src/bsp/mcu/all/bsp_register_protection.o
                0x02003c74                R_BSP_RegisterProtectEnable
 .text.R_BSP_RegisterProtectDisable
                0x02003cd4       0x54 ./ra/fsp/src/bsp/mcu/all/bsp_register_protection.o
                0x02003cd4                R_BSP_RegisterProtectDisable
 .text.R_BSP_SdramInit
                0x02003d28       0xcc ./ra/fsp/src/bsp/mcu/all/bsp_sdram.o
                0x02003d28                R_BSP_SdramInit
 .text.Default_Handler
                0x02003df4        0x4 ./ra/fsp/src/bsp/cmsis/Device/RENESAS/Source/startup.o
                0x02003df4                DebugMon_Handler
                0x02003df4                HardFault_Handler
                0x02003df4                SysTick_Handler
                0x02003df4                PendSV_Handler
                0x02003df4                UsageFault_Handler
                0x02003df4                SecureFault_Handler
                0x02003df4                Default_Handler
                0x02003df4                MemManage_Handler
                0x02003df4                SVC_Handler
                0x02003df4                BusFault_Handler
 .text.Reset_Handler
                0x02003df8        0xc ./ra/fsp/src/bsp/cmsis/Device/RENESAS/Source/startup.o
                0x02003df8                Reset_Handler
 *fill*         0x02003e04        0x4 ff
 .text.SystemInit
                0x02003e08      0x1f0 ./ra/fsp/src/bsp/cmsis/Device/RENESAS/Source/system.o
                0x02003e08                SystemInit
 .text.bsp_init
                0x02003ff8        0x4 ./ra/board/ra8d1_ek/board_init.o
                0x02003ff8                bsp_init
 .text.memset   0x02003ffc       0x10 C:/Program Files (x86)/Arm GNU Toolchain arm-none-eabi/13.2 Rel1/bin/../lib/gcc/arm-none-eabi/13.2.1/thumb/v8-m.main+dp/hard\libg_nano.a(libc_a-memset.o)
                0x02003ffc                memset
 .text.memcpy   0x0200400c       0x1a C:/Program Files (x86)/Arm GNU Toolchain arm-none-eabi/13.2 Rel1/bin/../lib/gcc/arm-none-eabi/13.2.1/thumb/v8-m.main+dp/hard\libg_nano.a(libc_a-memcpy-stub.o)
                0x0200400c                memcpy
 *(.version)
 *fill*         0x02004026        0x2 ff
 .version       0x02004028       0x50 ./ra/fsp/src/bsp/mcu/all/bsp_common.o
 *(.init)
 .init          0x02004078        0x4 C:/Program Files (x86)/Arm GNU Toolchain arm-none-eabi/13.2 Rel1/bin/../lib/gcc/arm-none-eabi/13.2.1/thumb/v8-m.main+dp/hard/crti.o
                0x02004078                _init
 .init          0x0200407c        0x8 C:/Program Files (x86)/Arm GNU Toolchain arm-none-eabi/13.2 Rel1/bin/../lib/gcc/arm-none-eabi/13.2.1/thumb/v8-m.main+dp/hard/crtn.o
 *(.fini)
 .fini          0x02004084        0x4 C:/Program Files (x86)/Arm GNU Toolchain arm-none-eabi/13.2 Rel1/bin/../lib/gcc/arm-none-eabi/13.2.1/thumb/v8-m.main+dp/hard/crti.o
                0x02004084                _fini
 .fini          0x02004088        0x8 C:/Program Files (x86)/Arm GNU Toolchain arm-none-eabi/13.2 Rel1/bin/../lib/gcc/arm-none-eabi/13.2.1/thumb/v8-m.main+dp/hard/crtn.o
 *crtbegin.o(.ctors)
 *crtbegin?.o(.ctors)
 *(EXCLUDE_FILE(*crtend.o *crtend?.o) .ctors)
 *(SORT_BY_NAME(.ctors.*))
 *(.ctors)
 *crtbegin.o(.dtors)
 *crtbegin?.o(.dtors)
 *(EXCLUDE_FILE(*crtend.o *crtend?.o) .dtors)
 *(SORT_BY_NAME(.dtors.*))
 *(.dtors)
 *(.rodata*)
 .rodata._DoInit.str1.4
                0x02004090      0x704 ./src/SEGGER_RTT/SEGGER_RTT.o
                                  0x9 (size before relaxing)
 *fill*         0x02004794        0x4 ff
 .rodata._aInitStr.0
                0x02004798       0x11 ./src/SEGGER_RTT/SEGGER_RTT.o
 .rodata.SEGGER_RTT_vprintf.str1.4
                0x020047a9        0x7 ./src/SEGGER_RTT/SEGGER_RTT_printf.o
 *fill*         0x020047a9        0x7 ff
 .rodata._aV2C.0
                0x020047b0       0x10 ./src/SEGGER_RTT/SEGGER_RTT_printf.o
 .rodata.CLUT_init.str1.4
                0x020047c0       0x1d ./src/graphics_rendering.o
 .rodata.RGB_init.str1.4
                0x020047c0       0x1f ./src/graphics_rendering.o
 .rodata        0x020047c0       0x20 ./src/graphics_rendering.o
 .rodata.hal_entry.str1.4
                0x020047e0      0x4ca ./src/hal_entry.o
 .rodata.handle_error.part.0.str1.4
                0x020047e0       0xb3 ./src/mipi_dsi_ep.o
 .rodata.mipi_dsi_push_table.str1.4
                0x020047e0       0x25 ./src/mipi_dsi_ep.o
 .rodata.mipi_dsi_start_display.str1.4
                0x020047e0       0x6a ./src/mipi_dsi_ep.o
 .rodata.mipi_dsi_entry.str1.4
                0x020047e0       0x98 ./src/mipi_dsi_ep.o
 .rodata.__FUNCTION__.0
                0x020047e0        0xd ./src/mipi_dsi_ep.o
 *fill*         0x020047ed        0x3 ff
 .rodata.g_lcd_init_focuslcd
                0x020047f0      0x625 ./src/mipi_dsi_ep.o
                0x020047f0                g_lcd_init_focuslcd
 *fill*         0x02004e15        0x3 ff
 .rodata.g_ioport
                0x02004e18        0xc ./ra_gen/common_data.o
                0x02004e18                g_ioport
 .rodata.g_display_cfg
                0x02004e24       0x88 ./ra_gen/common_data.o
                0x02004e24                g_display_cfg
 .rodata.g_display_extend_cfg
                0x02004eac       0x10 ./ra_gen/common_data.o
                0x02004eac                g_display_extend_cfg
 .rodata.g_mipi_dsi0
                0x02004ebc        0xc ./ra_gen/common_data.o
                0x02004ebc                g_mipi_dsi0
 .rodata.g_mipi_dsi0_cfg
                0x02004ec8       0x6c ./ra_gen/common_data.o
                0x02004ec8                g_mipi_dsi0_cfg
 .rodata.g_mipi_dsi0_extended_cfg
                0x02004f34       0x24 ./ra_gen/common_data.o
                0x02004f34                g_mipi_dsi0_extended_cfg
 .rodata.g_mipi_dsi0_timing
                0x02004f58       0x10 ./ra_gen/common_data.o
                0x02004f58                g_mipi_dsi0_timing
 .rodata.g_mipi_phy0
                0x02004f68        0xc ./ra_gen/common_data.o
                0x02004f68                g_mipi_phy0
 .rodata.g_mipi_phy0_cfg
                0x02004f74        0xc ./ra_gen/common_data.o
                0x02004f74                g_mipi_phy0_cfg
 .rodata.g_mipi_phy0_timing
                0x02004f80       0x14 ./ra_gen/common_data.o
                0x02004f80                g_mipi_phy0_timing
 .rodata.g_external_irq_cfg
                0x02004f94       0x14 ./ra_gen/common_data.o
                0x02004f94                g_external_irq_cfg
 .rodata.g_i2c_master_cfg
                0x02004fa8       0x28 ./ra_gen/hal_data.o
                0x02004fa8                g_i2c_master_cfg
 .rodata.g_i2c_master_extend
                0x02004fd0        0x8 ./ra_gen/hal_data.o
                0x02004fd0                g_i2c_master_extend
 .rodata.g_time_counter
                0x02004fd8        0xc ./ra_gen/hal_data.o
                0x02004fd8                g_time_counter
 .rodata.g_time_counter_cfg
                0x02004fe4       0x20 ./ra_gen/hal_data.o
                0x02004fe4                g_time_counter_cfg
 .rodata.g_time_counter_extend
                0x02005004       0x3c ./ra_gen/hal_data.o
                0x02005004                g_time_counter_extend
 .rodata.g_bsp_pin_cfg
                0x02005040        0xc ./ra_gen/pin_data.o
                0x02005040                g_bsp_pin_cfg
 .rodata.g_bsp_pin_cfg_data
                0x0200504c      0x4b0 ./ra_gen/pin_data.o
                0x0200504c                g_bsp_pin_cfg_data
 *fill*         0x020054fc        0x4 ff
 .rodata.g_interrupt_event_link_select
                0x02005500       0xc0 ./ra_gen/vector_data.o
                0x02005500                g_interrupt_event_link_select
 .rodata.g_mipi_phy
                0x020055c0        0x8 ./ra/fsp/src/r_mipi_phy/r_mipi_phy.o
                0x020055c0                g_mipi_phy
 .rodata.g_mipi_dsi
                0x020055c8       0x20 ./ra/fsp/src/r_mipi_dsi/r_mipi_dsi.o
                0x020055c8                g_mipi_dsi
 .rodata.g_vbatt_pins_input
                0x020055e8        0x6 ./ra/fsp/src/r_ioport/r_ioport.o
 *fill*         0x020055ee        0x2 ff
 .rodata.g_ioport_on_ioport
                0x020055f0       0x34 ./ra/fsp/src/r_ioport/r_ioport.o
                0x020055f0                g_ioport_on_ioport
 .rodata.g_timer_on_gpt
                0x02005624       0x34 ./ra/fsp/src/r_gpt/r_gpt.o
                0x02005624                g_timer_on_gpt
 .rodata.g_pdtha_lut
                0x02005658        0x4 ./ra/fsp/src/r_glcdc/r_glcdc.o
 .rodata.g_outset_lut
                0x0200565c        0x4 ./ra/fsp/src/r_glcdc/r_glcdc.o
 .rodata.g_pixsize_lut
                0x02005660       0x10 ./ra/fsp/src/r_glcdc/r_glcdc.o
 .rodata.g_format_lut
                0x02005670        0x8 ./ra/fsp/src/r_glcdc/r_glcdc.o
 .rodata.g_tcon_lut
                0x02005678       0x10 ./ra/fsp/src/r_glcdc/r_glcdc.o
 .rodata.g_prcr_masks
                0x02005688        0x8 ./ra/fsp/src/bsp/mcu/all/bsp_register_protection.o
                0x02005690                        __usb_dev_descriptor_start_fs = .
 *(.usb_device_desc_fs*)
                0x02005690                        __usb_cfg_descriptor_start_fs = .
 *(.usb_config_desc_fs*)
                0x02005690                        __usb_interface_descriptor_start_fs = .
 *(.usb_interface_desc_fs*)
                0x02005690                        __usb_descriptor_end_fs = .
                0x02005690                        __usb_dev_descriptor_start_hs = .
 *(.usb_device_desc_hs*)
                0x02005690                        __usb_cfg_descriptor_start_hs = .
 *(.usb_config_desc_hs*)
                0x02005690                        __usb_interface_descriptor_start_hs = .
 *(.usb_interface_desc_hs*)
                0x02005690                        __usb_descriptor_end_hs = .
 *(.eh_frame*)
 .eh_frame      0x02005690        0x0 C:/Program Files (x86)/Arm GNU Toolchain arm-none-eabi/13.2 Rel1/bin/../lib/gcc/arm-none-eabi/13.2.1/thumb/v8-m.main+dp/hard/crtbegin.o
 .eh_frame      0x02005690       0x28 C:/Program Files (x86)/Arm GNU Toolchain arm-none-eabi/13.2 Rel1/bin/../lib/gcc/arm-none-eabi/13.2.1/thumb/v8-m.main+dp/hard\libg_nano.a(libc_a-strlen.o)
 .eh_frame      0x020056b8        0x4 C:/Program Files (x86)/Arm GNU Toolchain arm-none-eabi/13.2 Rel1/bin/../lib/gcc/arm-none-eabi/13.2.1/thumb/v8-m.main+dp/hard/crtend.o
                0x020056bc                        __ROM_End = .
                0x000001c0                        __Vectors_Size = (__Vectors_End - __Vectors)

.glue_7         0x020056bc        0x0
 .glue_7        0x020056bc        0x0 linker stubs

.glue_7t        0x020056bc        0x0
 .glue_7t       0x020056bc        0x0 linker stubs

.vfp11_veneer   0x020056bc        0x0
 .vfp11_veneer  0x020056bc        0x0 linker stubs

.v4_bx          0x020056bc        0x0
 .v4_bx         0x020056bc        0x0 linker stubs

.iplt           0x020056bc        0x0
 .iplt          0x020056bc        0x0 C:/Program Files (x86)/Arm GNU Toolchain arm-none-eabi/13.2 Rel1/bin/../lib/gcc/arm-none-eabi/13.2.1/thumb/v8-m.main+dp/hard/crtbegin.o
                0x020056bc                        . = .
                0x020056bc                        __itcm_data_pre_location = .

.itcm_data      0x00000000        0x0 load address 0x020056c0
                0x00000000                        __tz_ITCM_S = ABSOLUTE (ITCM_START)
                0x00000000                        __itcm_data_start = .
 *(.itcm_data*)
                0x00000000                        . = ALIGN (0x8)
                0x00000000                        __itcm_data_end = .
                0x00000000                        __tz_ITCM_N = DEFINED (ITCM_NS_START)?ABSOLUTE (ITCM_NS_START):ALIGN (__itcm_data_end, 0x2000)
                0x020056c0                        __itcm_data_init_start = LOADADDR (.itcm_data)
                0x020056c0                        __itcm_data_init_end = (LOADADDR (.itcm_data) + SIZEOF (.itcm_data))
                0x00000001                        ASSERT (((ORIGIN (ITCM) % 0x8) == 0x0), ITCM memory region origin must be aligned to 8 bytes.)
                0x00000001                        ASSERT (((LENGTH (ITCM) % 0x8) == 0x0), ITCM memory region length must be a multiple of 8 bytes.)
                0x00000001                        ASSERT (((LOADADDR (.itcm_data) % 0x10) == 0x0), .itcm_data section must be aligned to 16 bytes.)
                0x00000001                        ASSERT (((SIZEOF (.itcm_data) % 0x8) == 0x0), .itcm_data section size must be a multiple of 8 bytes.)
                0x020056bc                        . = (SIZEOF (.itcm_data) > 0x0)?__itcm_data_init_end:__itcm_data_pre_location
                0x020056bc                        __exidx_start = .

/DISCARD/
 *(.ARM.extab* .gnu.linkonce.armextab.*)
 *(.ARM.exidx* .gnu.linkonce.armexidx.*)
                0x020056bc                        __exidx_end = .
                0x020056bc                        __etext = .
                0x22000000                        __tz_RAM_S = ORIGIN (RAM)

.fsp_dtc_vector_table
                0x22000000        0x0
                0x22000000                        . = ORIGIN (RAM)
 *(.fsp_dtc_vector_table)

.data           0x22000000       0x54 load address 0x020056bc
                0x22000000                        __data_start__ = .
                0x22000000                        . = ALIGN (0x4)
                0x22000000                        __Code_In_RAM_Start = .
 *(.code_in_ram*)
                0x22000000                        __Code_In_RAM_End = .
 *(vtable)
 *(.data.*)
 .data.clut_cfg
                0x22000000        0x8 ./src/graphics_rendering.o
                0x22000000                clut_cfg
 .data.clut_8   0x22000008       0x40 ./src/graphics_rendering.o
                0x22000008                clut_8
 .data.g_clut_data_latched
                0x22000048        0x2 ./ra/fsp/src/r_glcdc/r_glcdc.o
 *(.data)
                0x2200004c                        . = ALIGN (0x4)
 *fill*         0x2200004a        0x2 
                0x2200004c                        PROVIDE (__preinit_array_start = .)
 *(.preinit_array)
                0x2200004c                        PROVIDE (__preinit_array_end = .)
                0x2200004c                        . = ALIGN (0x4)
                0x2200004c                        PROVIDE (__init_array_start = .)
 *(SORT_BY_NAME(.init_array.*))
 *(.init_array)
 .init_array    0x2200004c        0x4 C:/Program Files (x86)/Arm GNU Toolchain arm-none-eabi/13.2 Rel1/bin/../lib/gcc/arm-none-eabi/13.2.1/thumb/v8-m.main+dp/hard/crtbegin.o
                0x22000050                        PROVIDE (__init_array_end = .)
                0x22000050                        . = ALIGN (0x4)
                [!provide]                        PROVIDE (__fini_array_start = .)
 *(SORT_BY_NAME(.fini_array.*))
 *(.fini_array)
 .fini_array    0x22000050        0x4 C:/Program Files (x86)/Arm GNU Toolchain arm-none-eabi/13.2 Rel1/bin/../lib/gcc/arm-none-eabi/13.2.1/thumb/v8-m.main+dp/hard/crtbegin.o
                [!provide]                        PROVIDE (__fini_array_end = .)
 *(.jcr*)
                0x22000054                        . = ALIGN (0x4)
                0x22000054                        __data_end__ = .

.tm_clone_table
                0x22000054        0x0 load address 0x02005710
 .tm_clone_table
                0x22000054        0x0 C:/Program Files (x86)/Arm GNU Toolchain arm-none-eabi/13.2 Rel1/bin/../lib/gcc/arm-none-eabi/13.2.1/thumb/v8-m.main+dp/hard/crtbegin.o
 .tm_clone_table
                0x22000054        0x0 C:/Program Files (x86)/Arm GNU Toolchain arm-none-eabi/13.2 Rel1/bin/../lib/gcc/arm-none-eabi/13.2.1/thumb/v8-m.main+dp/hard/crtend.o

.igot.plt       0x22000054        0x0 load address 0x02005710
 .igot.plt      0x22000054        0x0 C:/Program Files (x86)/Arm GNU Toolchain arm-none-eabi/13.2 Rel1/bin/../lib/gcc/arm-none-eabi/13.2.1/thumb/v8-m.main+dp/hard/crtbegin.o
                0x22000054                        . = .
                0x02005710                        __dtcm_data_pre_location = (LOADADDR (.data) + SIZEOF (.data))

.dtcm_data      0x20000000        0x0 load address 0x02005710
                0x20000000                        __tz_DTCM_S = ABSOLUTE (DTCM_START)
                0x20000000                        __dtcm_data_start = .
 *(.dtcm_data*)
                0x20000000                        . = ALIGN (0x8)
                0x20000000                        __dtcm_data_end = .
                0x20000000                        . = __dtcm_data_end

.dtcm_bss       0x20000000        0x0
                0x20000000                        __dtcm_bss_start = .
 *(.dtcm_bss*)
                0x20000000                        . = ALIGN (0x8)
                0x20000000                        __dtcm_bss_end = .
                0x20000000                        __tz_DTCM_N = DEFINED (DTCM_NS_START)?ABSOLUTE (DTCM_NS_START):ALIGN (__dtcm_bss_end, 0x2000)
                0x02005710                        __dtcm_data_init_start = LOADADDR (.dtcm_data)
                0x02005710                        __dtcm_data_init_end = (LOADADDR (.dtcm_data) + SIZEOF (.dtcm_data))
                0x00000001                        ASSERT (((ORIGIN (DTCM) % 0x8) == 0x0), DTCM memory region origin must be aligned to 8 bytes.)
                0x00000001                        ASSERT (((LENGTH (DTCM) % 0x8) == 0x0), DTCM memory region length must be a multiple of 8 bytes.)
                0x00000001                        ASSERT ((LOADADDR (.dtcm_bss) == ADDR (.dtcm_bss)), .dtcm_bss has (VMA != LMA) but should be NOLOAD (VMA == LMA).)
                0x00000001                        ASSERT (((LOADADDR (.dtcm_data) % 0x10) == 0x0), .dtcm_data section must be aligned to 16 bytes.)
                0x00000001                        ASSERT (((SIZEOF (.dtcm_data) % 0x8) == 0x0), .dtcm_data section size must be a multiple of 8 bytes.)
                0x00000001                        ASSERT (((LOADADDR (.dtcm_bss) % 0x8) == 0x0), .dtcm_bss section must be aligned to 8 bytes.)
                0x00000001                        ASSERT (((SIZEOF (.dtcm_bss) % 0x8) == 0x0), .dtcm_bss section size must be a multiple of 8 bytes.)
                0x00000001                        ASSERT ((__dtcm_bss_start == __dtcm_data_end), .dtcm_bss section is not adjacent to .dtcm_data section.)
                0x02005710                        . = (SIZEOF (.dtcm_data) > 0x0)?__dtcm_data_init_end:__dtcm_data_pre_location
                0x02005710                        sgstubs_pre_location = .
                0x02005800                        SGSTUBS_LOC = (DEFINED (PROJECT_SECURE) && DEFINED (FLASH_NSC_START))?ABSOLUTE (FLASH_NSC_START):ALIGN (0x400)

.gnu.sgstubs    0x02005800        0x0
                0x02005800                        __FLASH_NSC_START = DEFINED (FLASH_NSC_START)?ABSOLUTE (FLASH_NSC_START):__RESERVE_NS_RAM?ABSOLUTE ((FLASH_START + FLASH_LENGTH)):ALIGN (0x400)
                0x02005800                        _start_sg = .
 *(.gnu.sgstubs*)
                0x02005800                        . = ALIGN (0x20)
                0x02005800                        _end_sg = .
                0x02008000                        __tz_FLASH_N = DEFINED (FLASH_NS_START)?ABSOLUTE (FLASH_NS_START):__RESERVE_NS_RAM?ABSOLUTE ((FLASH_START + FLASH_LENGTH)):(FLASH_LENGTH < 0x8000)?FLASH_LENGTH:ALIGN (0x8000)
                0x02008000                        FLASH_NS_IMAGE_START = DEFINED (FLASH_NS_IMAGE_START)?FLASH_NS_IMAGE_START:__tz_FLASH_N
                0x60000000                        __tz_QSPI_FLASH_S = ORIGIN (QSPI_FLASH)

.qspi_flash     0x60000000        0x0
                0x60000000                        __qspi_flash_start__ = .
 *(.qspi_flash*)
 *(.code_in_qspi*)
                0x60000000                        __qspi_flash_end__ = .
                0x00000000                        __qspi_flash_code_size__ = (__qspi_flash_end__ - __qspi_flash_start__)
                0x02005710                        __qspi_flash_code_addr__ = sgstubs_pre_location

.qspi_non_retentive
                0x60000000        0x0 load address 0x02005710
                0x60000000                        __qspi_non_retentive_start__ = .
 *(.qspi_non_retentive*)
                0x60000000                        __qspi_non_retentive_end__ = .
                0x00000000                        __qspi_non_retentive_size__ = (__qspi_non_retentive_end__ - __qspi_non_retentive_start__)
                0x04000000                        __qspi_region_max_size__ = 0x4000000
                0x60000000                        __qspi_region_start_address__ = __qspi_flash_start__
                0x64000000                        __qspi_region_end_address__ = (__qspi_flash_start__ + __qspi_region_max_size__)
                0x60000000                        __tz_QSPI_FLASH_N = __qspi_non_retentive_end__

.OSPI_DEVICE_0_NO_LOAD
                0x80000000        0x0
                0x80000000                        . = ALIGN (0x4)
                0x80000000                        __ospi_device_0_start__ = .
 *(.ospi_device_0_no_load*)
                0x80000000                        . = ALIGN (0x4)
                0x80000000                        __ospi_device_0_end__ = .

.OSPI_DEVICE_1_NO_LOAD
                0x90000000        0x0
                0x90000000                        . = ALIGN (0x4)
                0x90000000                        __ospi_device_1_start__ = .
 *(.ospi_device_1_no_load*)
                0x90000000                        . = ALIGN (0x4)
                0x90000000                        __ospi_device_1_end__ = .
                0x80000000                        __tz_OSPI_DEVICE_0_S = ORIGIN (OSPI_DEVICE_0)

.OSPI_DEVICE_0  0x80000000        0x0
                0x80000000                        __ospi_device_0_start__ = .
 *(.ospi_device_0*)
 *(.code_in_ospi_device_0*)
                0x80000000                        __ospi_device_0_end__ = .
                0x00000000                        __ospi_device_0_code_size__ = (__ospi_device_0_end__ - __ospi_device_0_start__)
                0x02005710                        __ospi_device_0_code_addr__ = (sgstubs_pre_location + SIZEOF (.qspi_non_retentive))

.ospi_device_0_non_retentive
                0x80000000        0x0 load address 0x02005710
                0x80000000                        __ospi_device_0_non_retentive_start__ = .
 *(.ospi_device_0_non_retentive*)
                0x80000000                        __ospi_device_0_non_retentive_end__ = .
                0x00000000                        __ospi_device_0_non_retentive_size__ = (__ospi_device_0_non_retentive_end__ - __ospi_device_0_non_retentive_start__)
                0x08000000                        __ospi_device_0_region_max_size__ = 0x8000000
                0x80000000                        __ospi_device_0_region_start_address__ = __ospi_device_0_start__
                0x88000000                        __ospi_device_0_region_end_address__ = (__ospi_device_0_start__ + __ospi_device_0_region_max_size__)
                0x80000000                        __tz_OSPI_DEVICE_0_N = __ospi_device_0_non_retentive_end__
                0x90000000                        __tz_OSPI_DEVICE_1_S = ORIGIN (OSPI_DEVICE_1)

.OSPI_DEVICE_1  0x90000000        0x0
                0x90000000                        __ospi_device_1_start__ = .
 *(.ospi_device_1*)
 *(.code_in_ospi_device_1*)
                0x90000000                        __ospi_device_1_end__ = .
                0x00000000                        __ospi_device_1_code_size__ = (__ospi_device_1_end__ - __ospi_device_1_start__)
                0x02005710                        __ospi_device_1_code_addr__ = (sgstubs_pre_location + (SIZEOF (.qspi_non_retentive) + SIZEOF (.ospi_device_0_non_retentive)))

.ospi_device_1_non_retentive
                0x90000000        0x0 load address 0x02005710
                0x90000000                        __ospi_device_1_non_retentive_start__ = .
 *(.ospi_device_1_non_retentive*)
                0x90000000                        __ospi_device_1_non_retentive_end__ = .
                0x00000000                        __ospi_device_1_non_retentive_size__ = (__ospi_device_1_non_retentive_end__ - __ospi_device_1_non_retentive_start__)
                0x10000000                        __ospi_device_1_region_max_size__ = 0x10000000
                0x90000000                        __ospi_device_1_region_start_address__ = __ospi_device_1_start__
                0xa0000000                        __ospi_device_1_region_end_address__ = (__ospi_device_1_start__ + __ospi_device_1_region_max_size__)
                0x90000000                        __tz_OSPI_DEVICE_1_N = __ospi_device_1_non_retentive_end__

.noinit         0x22000054       0x2c
                0x22000054                        . = ALIGN (0x4)
                0x22000054                        __noinit_start = .
 *(.noinit*)
 .noinit        0x22000054       0x2c ./ra/fsp/src/bsp/mcu/all/bsp_clocks.o
                0x22000080                        . = ALIGN (0x8)
 *(.heap.*)
                0x22000080                        __noinit_end = .
                0x22000080                        . = .
                0x22000080                        __nocache_pre_location = .

.nocache        0x22000080        0x0
                0x22000080                        __nocache_start = .
 *(.nocache)
                0x22000080                        . = ALIGN (0x20)
                0x22000080                        __nocache_end = .
                0x22000080                        . = (SIZEOF (.nocache) > 0x0)?__nocache_end:__nocache_pre_location

.bss            0x22000080    0xd63dc
                0x22000080                        . = ALIGN (0x4)
                0x22000080                        __bss_start__ = .
 *(.bss*)
 .bss.completed.1
                0x22000080        0x1 C:/Program Files (x86)/Arm GNU Toolchain arm-none-eabi/13.2 Rel1/bin/../lib/gcc/arm-none-eabi/13.2.1/thumb/v8-m.main+dp/hard/crtbegin.o
 *fill*         0x22000081        0x3 
 .bss.object.0  0x22000084       0x18 C:/Program Files (x86)/Arm GNU Toolchain arm-none-eabi/13.2 Rel1/bin/../lib/gcc/arm-none-eabi/13.2.1/thumb/v8-m.main+dp/hard/crtbegin.o
 .bss.timer_count
                0x2200009c        0x4 ./src/time_counter/time_counter.o
 .bss._acDownBuffer
                0x220000a0       0x10 ./src/SEGGER_RTT/SEGGER_RTT.o
 .bss._acUpBuffer
                0x220000b0      0x800 ./src/SEGGER_RTT/SEGGER_RTT.o
 .bss._SEGGER_RTT
                0x220008b0       0xa8 ./src/SEGGER_RTT/SEGGER_RTT.o
                0x220008b0                _SEGGER_RTT
 .bss.g_hstride1
                0x22000958        0x4 ./src/graphics_rendering.o
                0x22000958                g_hstride1
 .bss.g_buffer_size1
                0x2200095c        0x4 ./src/graphics_rendering.o
                0x2200095c                g_buffer_size1
 .bss.g_vr_size1
                0x22000960        0x2 ./src/graphics_rendering.o
                0x22000960                g_vr_size1
 .bss.g_hz_size1
                0x22000962        0x2 ./src/graphics_rendering.o
                0x22000962                g_hz_size1
 .bss.gp_double_buffer
                0x22000964        0x4 ./src/graphics_rendering.o
                0x22000964                gp_double_buffer
 .bss.gp_single_buffer
                0x22000968        0x4 ./src/graphics_rendering.o
                0x22000968                gp_single_buffer
 .bss.g_hstride
                0x2200096c        0x4 ./src/graphics_rendering.o
                0x2200096c                g_hstride
 .bss.g_buffer_size
                0x22000970        0x4 ./src/graphics_rendering.o
                0x22000970                g_buffer_size
 .bss.g_vr_size
                0x22000974        0x2 ./src/graphics_rendering.o
                0x22000974                g_vr_size
 .bss.g_hz_size
                0x22000976        0x2 ./src/graphics_rendering.o
                0x22000976                g_hz_size
 .bss.g_i2c_master_event
                0x22000978        0x1 ./src/gt911.o
                0x22000978                g_i2c_master_event
 .bss.g_irq_state
                0x22000979        0x1 ./src/mipi_dsi_ep.o
                0x22000979                g_irq_state
 .bss.g_message_sent
                0x2200097a        0x1 ./src/mipi_dsi_ep.o
                0x2200097a                g_message_sent
 .bss.g_vsync_flag
                0x2200097b        0x1 ./src/mipi_dsi_ep.o
                0x2200097b                g_vsync_flag
 .bss.timer_info
                0x2200097c        0xc ./src/mipi_dsi_ep.o
                0x2200097c                timer_info
 .bss.g_phy_status
                0x22000988        0x4 ./src/mipi_dsi_ep.o
                0x22000988                g_phy_status
 *fill*         0x2200098c       0x34 
 .bss           0x220009c0    0xd5800 ./ra_gen/common_data.o
                0x220009c0                fb_foreground
 .bss.g_ioport_ctrl
                0x220d61c0        0x8 ./ra_gen/common_data.o
                0x220d61c0                g_ioport_ctrl
 .bss.g_display_ctrl
                0x220d61c8       0x10 ./ra_gen/common_data.o
                0x220d61c8                g_display_ctrl
 .bss.g_mipi_dsi0_ctrl
                0x220d61d8       0x18 ./ra_gen/common_data.o
                0x220d61d8                g_mipi_dsi0_ctrl
 .bss.g_mipi_phy0_ctrl
                0x220d61f0        0x8 ./ra_gen/common_data.o
                0x220d61f0                g_mipi_phy0_ctrl
 .bss.g_external_irq_ctrl
                0x220d61f8       0x10 ./ra_gen/common_data.o
                0x220d61f8                g_external_irq_ctrl
 .bss.g_i2c_master_ctrl
                0x220d6208       0x40 ./ra_gen/hal_data.o
                0x220d6208                g_i2c_master_ctrl
 .bss.g_time_counter_ctrl
                0x220d6248       0x20 ./ra_gen/hal_data.o
                0x220d6248                g_time_counter_ctrl
 .bss.g_video_started
                0x220d6268        0x1 ./ra/fsp/src/r_mipi_dsi/r_mipi_dsi.o
 .bss.g_clock_state
                0x220d6269        0x1 ./ra/fsp/src/r_mipi_dsi/r_mipi_dsi.o
 *fill*         0x220d626a        0x2 
 .bss.g_frame_ctr
                0x220d626c        0x4 ./ra/fsp/src/r_glcdc/r_glcdc.o
 .bss.g_fade_pending
                0x220d6270        0x8 ./ra/fsp/src/r_glcdc/r_glcdc.o
 .bss.g_ctrl_blk
                0x220d6278        0xc ./ra/fsp/src/r_glcdc/r_glcdc.o
 *fill*         0x220d6284        0x4 
 .bss.g_bsp_group_irq_sources
                0x220d6288       0x40 ./ra/fsp/src/bsp/mcu/all/bsp_group_irq.o
                0x220d6288                g_bsp_group_irq_sources
 .bss.g_protect_pfswe_counter
                0x220d62c8        0x4 ./ra/fsp/src/bsp/mcu/all/bsp_io.o
                0x220d62c8                g_protect_pfswe_counter
 *fill*         0x220d62cc        0x4 
 .bss.gp_renesas_isr_context
                0x220d62d0      0x180 ./ra/fsp/src/bsp/mcu/all/bsp_irq.o
                0x220d62d0                gp_renesas_isr_context
 .bss.g_protect_counters
                0x220d6450        0x8 ./ra/fsp/src/bsp/mcu/all/bsp_register_protection.o
                0x220d6450                g_protect_counters
 .bss.SystemCoreClock
                0x220d6458        0x4 ./ra/fsp/src/bsp/cmsis/Device/RENESAS/Source/system.o
                0x220d6458                SystemCoreClock
 *(COMMON)
                0x220d645c                        . = ALIGN (0x4)
                0x220d645c                        __bss_end__ = .

.heap           0x220d645c        0x4
                0x220d6460                        . = ALIGN (0x8)
 *fill*         0x220d645c        0x4 
                0x220d6460                        __HeapBase = .
 *(.heap)
                0x220d6460                        __HeapLimit = .

.stack_dummy    0x220d6460      0x400
                0x220d6460                        . = ALIGN (0x8)
                0x220d6460                        __StackLimit = .
 *(.stack)
 .stack         0x220d6460      0x400 ./ra/fsp/src/bsp/cmsis/Device/RENESAS/Source/startup.o
                0x220d6860                        __StackTop = .
 *(.stack*)
                0x220d6860                        __StackTopAll = .
                0x220d6860                        PROVIDE (__stack = __StackTopAll)
                0x220d6860                        __RAM_segment_used_end__ = ALIGN (__StackTopAll, 0x4)
                0x220d6c00                        __RAM_NSC_START = DEFINED (RAM_NSC_START)?ABSOLUTE ((RAM_NSC_START - RAM_NS_BUFFER_BLOCK_LENGTH)):__RESERVE_NS_RAM?ABSOLUTE (RAM_NS_BUFFER_BLOCK_START):ALIGN (__RAM_segment_used_end__, 0x400)
                0x220d8000                        __tz_RAM_N = DEFINED (FLASH_BOOTLOADER_LENGTH)?((RAM_START + RAM_LENGTH) - RAM_APPLICATION_NS_LENGTH):DEFINED (RAM_NS_START)?ABSOLUTE ((RAM_NS_START - RAM_NS_BUFFER_BLOCK_LENGTH)):__RESERVE_NS_RAM?ABSOLUTE (RAM_NS_BUFFER_BLOCK_START):ALIGN (__RAM_NSC_START, 0x2000)

.ns_buffer      0x220d6860        0x0
                0x220d6860                        . = __RESERVE_NS_RAM?ABSOLUTE ((RAM_NS_BUFFER_START & 0xffffffe0)):.
 *(.ns_buffer*)

.data_flash     0x27000000        0x0
                0x27000000                        . = ORIGIN (DATA_FLASH)
                0x27000000                        __tz_DATA_FLASH_S = .
                0x27000000                        __Data_Flash_Start = .
 *(.data_flash*)
                0x27000000                        __Data_Flash_End = .
                0x27000000                        __tz_DATA_FLASH_N = DEFINED (DATA_FLASH_NS_START)?ABSOLUTE (DATA_FLASH_NS_START):__RESERVE_NS_RAM?ABSOLUTE ((DATA_FLASH_START + DATA_FLASH_LENGTH)):ALIGN (0x400)
                0x68000000                        __tz_SDRAM_S = ORIGIN (SDRAM)

.sdram          0x68000000   0x320a00
                0x68000000                        __SDRAM_Start = .
 *(.sdram*)
 .sdram         0x68000000   0x320a00 ./ra_gen/common_data.o
                0x68000000                fb_background
 *(.frame*)
                0x68320a00                        __SDRAM_End = .
                0x68320a00                        . = .
                0x68320a00                        __nocache_sdram_pre_location = .

.nocache_sdram  0x68320a00        0x0
                0x68320a00                        __nocache_sdram_start = .
 *(.nocache_sdram)
                0x68320a00                        . = ALIGN (0x20)
                0x68320a00                        __nocache_sdram_end = .
                0x68320a00                        . = (SIZEOF (.nocache_sdram) > 0x0)?__nocache_sdram_end:__nocache_sdram_pre_location
                0x68320a00                        __tz_SDRAM_N = __SDRAM_End
                0x00000000                        __tz_ID_CODE_S = ORIGIN (ID_CODE)
                0x00000000                        __tz_ID_CODE_N = __tz_ID_CODE_S

.id_code        0x00000000        0x0
                0x00000000                        __ID_Code_Start = .
 *(.id_code*)
                0x00000000                        __ID_Code_End = .
                0x0300a100                        __tz_OPTION_SETTING_S = ORIGIN (OPTION_SETTING_OFS)

.option_setting_ofs
                0x0300a100       0x14
                0x0300a100                        __OPTION_SETTING_OFS_Start = .
 *(.option_setting_ofs0)
 .option_setting_ofs0
                0x0300a100        0x4 ./ra/fsp/src/bsp/mcu/all/bsp_rom_registers.o
                0x0300a104                        . = PROJECT_SECURE_OR_FLAT?(__OPTION_SETTING_OFS_Start + 0x4):__OPTION_SETTING_OFS_Start
 *(.option_setting_ofs2)
 .option_setting_ofs2
                0x0300a104        0x4 ./ra/fsp/src/bsp/mcu/all/bsp_rom_registers.o
                0x0300a110                        . = PROJECT_SECURE_OR_FLAT?(__OPTION_SETTING_OFS_Start + 0x10):__OPTION_SETTING_OFS_Start
 *fill*         0x0300a108        0x8 ff
 *(.option_setting_dualsel)
 .option_setting_dualsel
                0x0300a110        0x4 ./ra/fsp/src/bsp/mcu/all/bsp_rom_registers.o
                0x0300a114                        __OPTION_SETTING_OFS_End = .

.option_setting_sas
                0x0300a134        0x4
                0x0300a134                        __OPTION_SETTING_SAS_Start = .
 *(.option_setting_sas)
 .option_setting_sas
                0x0300a134        0x4 ./ra/fsp/src/bsp/mcu/all/bsp_rom_registers.o
                0x0300a138                        __OPTION_SETTING_SAS_End = .
                0x0300a180                        __tz_OPTION_SETTING_N = ABSOLUTE (OPTION_SETTING_START_NS)

.option_setting_ns
                0x0300a100        0x0
                0x0300a100                        __OPTION_SETTING_NS_Start = .
 *(.option_setting_ofs1)
                0x0300a100                        . = USE_OPTION_SETTING_NS?(__OPTION_SETTING_NS_Start + 0x4):__OPTION_SETTING_NS_Start
 *(.option_setting_ofs3)
                0x0300a100                        . = USE_OPTION_SETTING_NS?(__OPTION_SETTING_NS_Start + 0x10):__OPTION_SETTING_NS_Start
 *(.option_setting_banksel)
                0x0300a100                        . = USE_OPTION_SETTING_NS?(__OPTION_SETTING_NS_Start + 0x40):__OPTION_SETTING_NS_Start
 *(.option_setting_bps0)
                0x0300a100                        . = USE_OPTION_SETTING_NS?(__OPTION_SETTING_NS_Start + 0x44):__OPTION_SETTING_NS_Start
 *(.option_setting_bps1)
                0x0300a100                        . = USE_OPTION_SETTING_NS?(__OPTION_SETTING_NS_Start + 0x48):__OPTION_SETTING_NS_Start
 *(.option_setting_bps2)
                0x0300a100                        . = USE_OPTION_SETTING_NS?(__OPTION_SETTING_NS_Start + 0x4c):__OPTION_SETTING_NS_Start
 *(.option_setting_bps3)
                0x0300a100                        . = USE_OPTION_SETTING_NS?(__OPTION_SETTING_NS_Start + 0x60):__OPTION_SETTING_NS_Start
 *(.option_setting_pbps0)
                0x0300a100                        . = USE_OPTION_SETTING_NS?(__OPTION_SETTING_NS_Start + 0x64):__OPTION_SETTING_NS_Start
 *(.option_setting_pbps1)
                0x0300a100                        . = USE_OPTION_SETTING_NS?(__OPTION_SETTING_NS_Start + 0x68):__OPTION_SETTING_NS_Start
 *(.option_setting_pbps2)
                0x0300a100                        . = USE_OPTION_SETTING_NS?(__OPTION_SETTING_NS_Start + 0x6c):__OPTION_SETTING_NS_Start
 *(.option_setting_pbps3)
                0x0300a100                        __OPTION_SETTING_NS_End = .
                0x0300a200                        __tz_OPTION_SETTING_S_S = ORIGIN (OPTION_SETTING_S)

.option_setting_s
                0x0300a200       0xd0
                0x0300a200                        __OPTION_SETTING_S_Start = .
 *(.option_setting_ofs1_sec)
 .option_setting_ofs1_sec
                0x0300a200        0x4 ./ra/fsp/src/bsp/mcu/all/bsp_rom_registers.o
                0x0300a204                        . = PROJECT_SECURE_OR_FLAT?(__OPTION_SETTING_S_Start + 0x4):__OPTION_SETTING_S_Start
 *(.option_setting_ofs3_sec)
                0x0300a210                        . = PROJECT_SECURE_OR_FLAT?(__OPTION_SETTING_S_Start + 0x10):__OPTION_SETTING_S_Start
 *fill*         0x0300a204        0xc ff
 *(.option_setting_banksel_sec)
 .option_setting_banksel_sec
                0x0300a210        0x4 ./ra/fsp/src/bsp/mcu/all/bsp_rom_registers.o
                0x0300a240                        . = PROJECT_SECURE_OR_FLAT?(__OPTION_SETTING_S_Start + 0x40):__OPTION_SETTING_S_Start
 *fill*         0x0300a214       0x2c ff
 *(.option_setting_bps_sec0)
 .option_setting_bps_sec0
                0x0300a240        0x4 ./ra/fsp/src/bsp/mcu/all/bsp_rom_registers.o
                0x0300a244                        . = PROJECT_SECURE_OR_FLAT?(__OPTION_SETTING_S_Start + 0x44):__OPTION_SETTING_S_Start
 *(.option_setting_bps_sec1)
 .option_setting_bps_sec1
                0x0300a244        0x4 ./ra/fsp/src/bsp/mcu/all/bsp_rom_registers.o
                0x0300a248                        . = PROJECT_SECURE_OR_FLAT?(__OPTION_SETTING_S_Start + 0x48):__OPTION_SETTING_S_Start
 *(.option_setting_bps_sec2)
 .option_setting_bps_sec2
                0x0300a248        0x4 ./ra/fsp/src/bsp/mcu/all/bsp_rom_registers.o
                0x0300a24c                        . = PROJECT_SECURE_OR_FLAT?(__OPTION_SETTING_S_Start + 0x4c):__OPTION_SETTING_S_Start
 *(.option_setting_bps_sec3)
 .option_setting_bps_sec3
                0x0300a24c        0x4 ./ra/fsp/src/bsp/mcu/all/bsp_rom_registers.o
                0x0300a260                        . = PROJECT_SECURE_OR_FLAT?(__OPTION_SETTING_S_Start + 0x60):__OPTION_SETTING_S_Start
 *fill*         0x0300a250       0x10 ff
 *(.option_setting_pbps_sec0)
 .option_setting_pbps_sec0
                0x0300a260        0x4 ./ra/fsp/src/bsp/mcu/all/bsp_rom_registers.o
                0x0300a264                        . = PROJECT_SECURE_OR_FLAT?(__OPTION_SETTING_S_Start + 0x64):__OPTION_SETTING_S_Start
 *(.option_setting_pbps_sec1)
 .option_setting_pbps_sec1
                0x0300a264        0x4 ./ra/fsp/src/bsp/mcu/all/bsp_rom_registers.o
                0x0300a268                        . = PROJECT_SECURE_OR_FLAT?(__OPTION_SETTING_S_Start + 0x68):__OPTION_SETTING_S_Start
 *(.option_setting_pbps_sec2)
 .option_setting_pbps_sec2
                0x0300a268        0x4 ./ra/fsp/src/bsp/mcu/all/bsp_rom_registers.o
                0x0300a26c                        . = PROJECT_SECURE_OR_FLAT?(__OPTION_SETTING_S_Start + 0x6c):__OPTION_SETTING_S_Start
 *(.option_setting_pbps_sec3)
 .option_setting_pbps_sec3
                0x0300a26c        0x4 ./ra/fsp/src/bsp/mcu/all/bsp_rom_registers.o
                0x0300a280                        . = PROJECT_SECURE_OR_FLAT?(__OPTION_SETTING_S_Start + 0x80):__OPTION_SETTING_S_Start
 *fill*         0x0300a270       0x10 ff
 *(.option_setting_ofs1_sel)
 .option_setting_ofs1_sel
                0x0300a280        0x4 ./ra/fsp/src/bsp/mcu/all/bsp_rom_registers.o
                0x0300a284                        . = PROJECT_SECURE_OR_FLAT?(__OPTION_SETTING_S_Start + 0x84):__OPTION_SETTING_S_Start
 *(.option_setting_ofs3_sel)
                0x0300a290                        . = PROJECT_SECURE_OR_FLAT?(__OPTION_SETTING_S_Start + 0x90):__OPTION_SETTING_S_Start
 *fill*         0x0300a284        0xc ff
 *(.option_setting_banksel_sel)
 .option_setting_banksel_sel
                0x0300a290        0x4 ./ra/fsp/src/bsp/mcu/all/bsp_rom_registers.o
                0x0300a2c0                        . = PROJECT_SECURE_OR_FLAT?(__OPTION_SETTING_S_Start + 0xc0):__OPTION_SETTING_S_Start
 *fill*         0x0300a294       0x2c ff
 *(.option_setting_bps_sel0)
 .option_setting_bps_sel0
                0x0300a2c0        0x4 ./ra/fsp/src/bsp/mcu/all/bsp_rom_registers.o
                0x0300a2c4                        . = PROJECT_SECURE_OR_FLAT?(__OPTION_SETTING_S_Start + 0xc4):__OPTION_SETTING_S_Start
 *(.option_setting_bps_sel1)
 .option_setting_bps_sel1
                0x0300a2c4        0x4 ./ra/fsp/src/bsp/mcu/all/bsp_rom_registers.o
                0x0300a2c8                        . = PROJECT_SECURE_OR_FLAT?(__OPTION_SETTING_S_Start + 0xc8):__OPTION_SETTING_S_Start
 *(.option_setting_bps_sel2)
 .option_setting_bps_sel2
                0x0300a2c8        0x4 ./ra/fsp/src/bsp/mcu/all/bsp_rom_registers.o
                0x0300a2cc                        . = PROJECT_SECURE_OR_FLAT?(__OPTION_SETTING_S_Start + 0xcc):__OPTION_SETTING_S_Start
 *(.option_setting_bps_sel3)
 .option_setting_bps_sel3
                0x0300a2cc        0x4 ./ra/fsp/src/bsp/mcu/all/bsp_rom_registers.o
                0x0300a2d0                        __OPTION_SETTING_S_End = .
                0x0300a2d0                        __tz_OPTION_SETTING_S_N = __OPTION_SETTING_S_End
                0x27030080                        __tz_OPTION_SETTING_DATA_FLASH_S_S = ORIGIN (OPTION_SETTING_DATA_FLASH_S)

.option_setting_data_flash_s
                0x27030080      0x2e0
                0x27030080                        __OPTION_SETTING_DATA_FLASH_S_Start = .
 *(.option_setting_data_flash_fsblctrl0)
 .option_setting_data_flash_fsblctrl0
                0x27030080        0x4 ./ra/fsp/src/bsp/mcu/all/bsp_rom_registers.o
                0x27030084                        . = USE_OPTION_SETTING_DATA_FLASH?(__OPTION_SETTING_DATA_FLASH_S_Start + 0x4):__OPTION_SETTING_DATA_FLASH_S_Start
 *(.option_setting_data_flash_fsblctrl1)
 .option_setting_data_flash_fsblctrl1
                0x27030084        0x4 ./ra/fsp/src/bsp/mcu/all/bsp_rom_registers.o
                0x27030088                        . = USE_OPTION_SETTING_DATA_FLASH?(__OPTION_SETTING_DATA_FLASH_S_Start + 0x8):__OPTION_SETTING_DATA_FLASH_S_Start
 *(.option_setting_data_flash_fsblctrl2)
 .option_setting_data_flash_fsblctrl2
                0x27030088        0x4 ./ra/fsp/src/bsp/mcu/all/bsp_rom_registers.o
                0x2703008c                        . = USE_OPTION_SETTING_DATA_FLASH?(__OPTION_SETTING_DATA_FLASH_S_Start + 0xc):__OPTION_SETTING_DATA_FLASH_S_Start
 *(.option_setting_data_flash_sacc0)
 .option_setting_data_flash_sacc0
                0x2703008c        0x4 ./ra/fsp/src/bsp/mcu/all/bsp_rom_registers.o
                0x27030090                        . = USE_OPTION_SETTING_DATA_FLASH?(__OPTION_SETTING_DATA_FLASH_S_Start + 0x10):__OPTION_SETTING_DATA_FLASH_S_Start
 *(.option_setting_data_flash_sacc1)
 .option_setting_data_flash_sacc1
                0x27030090        0x4 ./ra/fsp/src/bsp/mcu/all/bsp_rom_registers.o
                0x27030094                        . = USE_OPTION_SETTING_DATA_FLASH?(__OPTION_SETTING_DATA_FLASH_S_Start + 0x14):__OPTION_SETTING_DATA_FLASH_S_Start
 *(.option_setting_data_flash_samr)
 .option_setting_data_flash_samr
                0x27030094        0x4 ./ra/fsp/src/bsp/mcu/all/bsp_rom_registers.o
                0x27030360                        . = USE_OPTION_SETTING_DATA_FLASH?(__OPTION_SETTING_DATA_FLASH_S_Start + 0x2e0):__OPTION_SETTING_DATA_FLASH_S_Start
 *fill*         0x27030098      0x2c8 ff
 *(.option_setting_data_flash_hoemrtpk)
                0x27030360                        __OPTION_SETTING_DATA_FLASH_S_End = .
                0x27030360                        __tz_OPTION_SETTING_DATA_FLASH_S_N = __OPTION_SETTING_DATA_FLASH_S_End
OUTPUT(mipi_dsi_ek_ra8d1_CLUT_ep.elf elf32-littlearm)
LOAD linker stubs

.rel.dyn        0x27030360        0x0
 .rel.iplt      0x27030360        0x0 C:/Program Files (x86)/Arm GNU Toolchain arm-none-eabi/13.2 Rel1/bin/../lib/gcc/arm-none-eabi/13.2.1/thumb/v8-m.main+dp/hard/crtbegin.o

.ARM.attributes
                0x00000000       0x3a
 .ARM.attributes
                0x00000000       0x24 C:/Program Files (x86)/Arm GNU Toolchain arm-none-eabi/13.2 Rel1/bin/../lib/gcc/arm-none-eabi/13.2.1/thumb/v8-m.main+dp/hard/crti.o
 .ARM.attributes
                0x00000024       0x36 C:/Program Files (x86)/Arm GNU Toolchain arm-none-eabi/13.2 Rel1/bin/../lib/gcc/arm-none-eabi/13.2.1/thumb/v8-m.main+dp/hard/crtbegin.o
 .ARM.attributes
                0x0000005a       0x3e ./src/time_counter/time_counter.o
 .ARM.attributes
                0x00000098       0x3e ./src/SEGGER_RTT/SEGGER_RTT.o
 .ARM.attributes
                0x000000d6       0x3e ./src/SEGGER_RTT/SEGGER_RTT_printf.o
 .ARM.attributes
                0x00000114       0x3e ./src/graphics_rendering.o
 .ARM.attributes
                0x00000152       0x3e ./src/gt911.o
 .ARM.attributes
                0x00000190       0x3e ./src/hal_entry.o
 .ARM.attributes
                0x000001ce       0x3e ./src/mipi_dsi_ep.o
 .ARM.attributes
                0x0000020c       0x3e ./ra_gen/common_data.o
 .ARM.attributes
                0x0000024a       0x3e ./ra_gen/hal_data.o
 .ARM.attributes
                0x00000288       0x3e ./ra_gen/main.o
 .ARM.attributes
                0x000002c6       0x3e ./ra_gen/pin_data.o
 .ARM.attributes
                0x00000304       0x3e ./ra_gen/vector_data.o
 .ARM.attributes
                0x00000342       0x3e ./ra/fsp/src/r_mipi_phy/r_mipi_phy.o
 .ARM.attributes
                0x00000380       0x3e ./ra/fsp/src/r_mipi_dsi/r_mipi_dsi.o
 .ARM.attributes
                0x000003be       0x3e ./ra/fsp/src/r_ioport/r_ioport.o
 .ARM.attributes
                0x000003fc       0x3e ./ra/fsp/src/r_iic_master/r_iic_master.o
 .ARM.attributes
                0x0000043a       0x3e ./ra/fsp/src/r_icu/r_icu.o
 .ARM.attributes
                0x00000478       0x3e ./ra/fsp/src/r_gpt/r_gpt.o
 .ARM.attributes
                0x000004b6       0x3e ./ra/fsp/src/r_glcdc/r_glcdc.o
 .ARM.attributes
                0x000004f4       0x3e ./ra/fsp/src/bsp/mcu/all/bsp_clocks.o
 .ARM.attributes
                0x00000532       0x3e ./ra/fsp/src/bsp/mcu/all/bsp_common.o
 .ARM.attributes
                0x00000570       0x3e ./ra/fsp/src/bsp/mcu/all/bsp_delay.o
 .ARM.attributes
                0x000005ae       0x3e ./ra/fsp/src/bsp/mcu/all/bsp_group_irq.o
 .ARM.attributes
                0x000005ec       0x3e ./ra/fsp/src/bsp/mcu/all/bsp_io.o
 .ARM.attributes
                0x0000062a       0x3e ./ra/fsp/src/bsp/mcu/all/bsp_irq.o
 .ARM.attributes
                0x00000668       0x3e ./ra/fsp/src/bsp/mcu/all/bsp_register_protection.o
 .ARM.attributes
                0x000006a6       0x3e ./ra/fsp/src/bsp/mcu/all/bsp_rom_registers.o
 .ARM.attributes
                0x000006e4       0x3e ./ra/fsp/src/bsp/mcu/all/bsp_sdram.o
 .ARM.attributes
                0x00000722       0x3e ./ra/fsp/src/bsp/cmsis/Device/RENESAS/Source/startup.o
 .ARM.attributes
                0x00000760       0x3e ./ra/fsp/src/bsp/cmsis/Device/RENESAS/Source/system.o
 .ARM.attributes
                0x0000079e       0x3e ./ra/board/ra8d1_ek/board_init.o
 .ARM.attributes
                0x000007dc       0x36 C:/Program Files (x86)/Arm GNU Toolchain arm-none-eabi/13.2 Rel1/bin/../lib/gcc/arm-none-eabi/13.2.1/thumb/v8-m.main+dp/hard\libg_nano.a(libc_a-memset.o)
 .ARM.attributes
                0x00000812       0x36 C:/Program Files (x86)/Arm GNU Toolchain arm-none-eabi/13.2 Rel1/bin/../lib/gcc/arm-none-eabi/13.2.1/thumb/v8-m.main+dp/hard\libg_nano.a(libc_a-memcpy-stub.o)
 .ARM.attributes
                0x00000848       0x22 C:/Program Files (x86)/Arm GNU Toolchain arm-none-eabi/13.2 Rel1/bin/../lib/gcc/arm-none-eabi/13.2.1/thumb/v8-m.main+dp/hard\libg_nano.a(libc_a-strlen.o)
 .ARM.attributes
                0x0000086a       0x36 C:/Program Files (x86)/Arm GNU Toolchain arm-none-eabi/13.2 Rel1/bin/../lib/gcc/arm-none-eabi/13.2.1/thumb/v8-m.main+dp/hard/crtend.o
 .ARM.attributes
                0x000008a0       0x24 C:/Program Files (x86)/Arm GNU Toolchain arm-none-eabi/13.2 Rel1/bin/../lib/gcc/arm-none-eabi/13.2.1/thumb/v8-m.main+dp/hard/crtn.o

.comment        0x00000000       0x44
 .comment       0x00000000       0x44 ./src/time_counter/time_counter.o
                                 0x45 (size before relaxing)
 .comment       0x00000044       0x45 ./src/SEGGER_RTT/SEGGER_RTT.o
 .comment       0x00000044       0x45 ./src/SEGGER_RTT/SEGGER_RTT_printf.o
 .comment       0x00000044       0x45 ./src/graphics_rendering.o
 .comment       0x00000044       0x45 ./src/gt911.o
 .comment       0x00000044       0x45 ./src/hal_entry.o
 .comment       0x00000044       0x45 ./src/mipi_dsi_ep.o
 .comment       0x00000044       0x45 ./ra_gen/common_data.o
 .comment       0x00000044       0x45 ./ra_gen/hal_data.o
 .comment       0x00000044       0x45 ./ra_gen/main.o
 .comment       0x00000044       0x45 ./ra_gen/pin_data.o
 .comment       0x00000044       0x45 ./ra_gen/vector_data.o
 .comment       0x00000044       0x45 ./ra/fsp/src/r_mipi_phy/r_mipi_phy.o
 .comment       0x00000044       0x45 ./ra/fsp/src/r_mipi_dsi/r_mipi_dsi.o
 .comment       0x00000044       0x45 ./ra/fsp/src/r_ioport/r_ioport.o
 .comment       0x00000044       0x45 ./ra/fsp/src/r_iic_master/r_iic_master.o
 .comment       0x00000044       0x45 ./ra/fsp/src/r_icu/r_icu.o
 .comment       0x00000044       0x45 ./ra/fsp/src/r_gpt/r_gpt.o
 .comment       0x00000044       0x45 ./ra/fsp/src/r_glcdc/r_glcdc.o
 .comment       0x00000044       0x45 ./ra/fsp/src/bsp/mcu/all/bsp_clocks.o
 .comment       0x00000044       0x45 ./ra/fsp/src/bsp/mcu/all/bsp_common.o
 .comment       0x00000044       0x45 ./ra/fsp/src/bsp/mcu/all/bsp_delay.o
 .comment       0x00000044       0x45 ./ra/fsp/src/bsp/mcu/all/bsp_group_irq.o
 .comment       0x00000044       0x45 ./ra/fsp/src/bsp/mcu/all/bsp_io.o
 .comment       0x00000044       0x45 ./ra/fsp/src/bsp/mcu/all/bsp_irq.o
 .comment       0x00000044       0x45 ./ra/fsp/src/bsp/mcu/all/bsp_register_protection.o
 .comment       0x00000044       0x45 ./ra/fsp/src/bsp/mcu/all/bsp_rom_registers.o
 .comment       0x00000044       0x45 ./ra/fsp/src/bsp/mcu/all/bsp_sdram.o
 .comment       0x00000044       0x45 ./ra/fsp/src/bsp/cmsis/Device/RENESAS/Source/startup.o
 .comment       0x00000044       0x45 ./ra/fsp/src/bsp/cmsis/Device/RENESAS/Source/system.o
 .comment       0x00000044       0x45 ./ra/board/ra8d1_ek/board_init.o

.debug_info     0x00000000    0x8f4c1
 .debug_info    0x00000000     0x3d8b ./src/time_counter/time_counter.o
 .debug_info    0x00003d8b     0x2399 ./src/SEGGER_RTT/SEGGER_RTT.o
 .debug_info    0x00006124      0x6f0 ./src/SEGGER_RTT/SEGGER_RTT_printf.o
 .debug_info    0x00006814     0x1b07 ./src/graphics_rendering.o
 .debug_info    0x0000831b     0x88c1 ./src/gt911.o
 .debug_info    0x00010bdc     0x150d ./src/hal_entry.o
 .debug_info    0x000120e9     0x753d ./src/mipi_dsi_ep.o
 .debug_info    0x00019626     0x3719 ./ra_gen/common_data.o
 .debug_info    0x0001cd3f     0x58a9 ./ra_gen/hal_data.o
 .debug_info    0x000225e8       0xb0 ./ra_gen/main.o
 .debug_info    0x00022698      0xa3c ./ra_gen/pin_data.o
 .debug_info    0x000230d4      0x9c9 ./ra_gen/vector_data.o
 .debug_info    0x00023a9d     0x76c0 ./ra/fsp/src/r_mipi_phy/r_mipi_phy.o
 .debug_info    0x0002b15d    0x12513 ./ra/fsp/src/r_mipi_dsi/r_mipi_dsi.o
 .debug_info    0x0003d670     0xaadb ./ra/fsp/src/r_ioport/r_ioport.o
 .debug_info    0x0004814b     0xb9d9 ./ra/fsp/src/r_iic_master/r_iic_master.o
 .debug_info    0x00053b24     0x2165 ./ra/fsp/src/r_icu/r_icu.o
 .debug_info    0x00055c89     0xdc34 ./ra/fsp/src/r_gpt/r_gpt.o
 .debug_info    0x000638bd     0x78b1 ./ra/fsp/src/r_glcdc/r_glcdc.o
 .debug_info    0x0006b16e     0x8cae ./ra/fsp/src/bsp/mcu/all/bsp_clocks.o
 .debug_info    0x00073e1c      0x955 ./ra/fsp/src/bsp/mcu/all/bsp_common.o
 .debug_info    0x00074771      0x20c ./ra/fsp/src/bsp/mcu/all/bsp_delay.o
 .debug_info    0x0007497d     0x12e6 ./ra/fsp/src/bsp/mcu/all/bsp_group_irq.o
 .debug_info    0x00075c63       0xb1 ./ra/fsp/src/bsp/mcu/all/bsp_io.o
 .debug_info    0x00075d14     0x1374 ./ra/fsp/src/bsp/mcu/all/bsp_irq.o
 .debug_info    0x00077088     0x68b3 ./ra/fsp/src/bsp/mcu/all/bsp_register_protection.o
 .debug_info    0x0007d93b      0x26a ./ra/fsp/src/bsp/mcu/all/bsp_rom_registers.o
 .debug_info    0x0007dba5     0x89d6 ./ra/fsp/src/bsp/mcu/all/bsp_sdram.o
 .debug_info    0x0008657b      0x167 ./ra/fsp/src/bsp/cmsis/Device/RENESAS/Source/startup.o
 .debug_info    0x000866e2     0x8d3b ./ra/fsp/src/bsp/cmsis/Device/RENESAS/Source/system.o
 .debug_info    0x0008f41d       0xa4 ./ra/board/ra8d1_ek/board_init.o

.debug_abbrev   0x00000000     0x59f6
 .debug_abbrev  0x00000000      0x29c ./src/time_counter/time_counter.o
 .debug_abbrev  0x0000029c      0x370 ./src/SEGGER_RTT/SEGGER_RTT.o
 .debug_abbrev  0x0000060c      0x2af ./src/SEGGER_RTT/SEGGER_RTT_printf.o
 .debug_abbrev  0x000008bb      0x32c ./src/graphics_rendering.o
 .debug_abbrev  0x00000be7      0x49f ./src/gt911.o
 .debug_abbrev  0x00001086      0x228 ./src/hal_entry.o
 .debug_abbrev  0x000012ae      0x4f1 ./src/mipi_dsi_ep.o
 .debug_abbrev  0x0000179f      0x309 ./ra_gen/common_data.o
 .debug_abbrev  0x00001aa8      0x2bf ./ra_gen/hal_data.o
 .debug_abbrev  0x00001d67       0x64 ./ra_gen/main.o
 .debug_abbrev  0x00001dcb      0x109 ./ra_gen/pin_data.o
 .debug_abbrev  0x00001ed4       0xba ./ra_gen/vector_data.o
 .debug_abbrev  0x00001f8e      0x2ff ./ra/fsp/src/r_mipi_phy/r_mipi_phy.o
 .debug_abbrev  0x0000228d      0x6e0 ./ra/fsp/src/r_mipi_dsi/r_mipi_dsi.o
 .debug_abbrev  0x0000296d      0x480 ./ra/fsp/src/r_ioport/r_ioport.o
 .debug_abbrev  0x00002ded      0x635 ./ra/fsp/src/r_iic_master/r_iic_master.o
 .debug_abbrev  0x00003422      0x4bb ./ra/fsp/src/r_icu/r_icu.o
 .debug_abbrev  0x000038dd      0x63d ./ra/fsp/src/r_gpt/r_gpt.o
 .debug_abbrev  0x00003f1a      0x62a ./ra/fsp/src/r_glcdc/r_glcdc.o
 .debug_abbrev  0x00004544      0x3b2 ./ra/fsp/src/bsp/mcu/all/bsp_clocks.o
 .debug_abbrev  0x000048f6      0x183 ./ra/fsp/src/bsp/mcu/all/bsp_common.o
 .debug_abbrev  0x00004a79      0x10f ./ra/fsp/src/bsp/mcu/all/bsp_delay.o
 .debug_abbrev  0x00004b88      0x25d ./ra/fsp/src/bsp/mcu/all/bsp_group_irq.o
 .debug_abbrev  0x00004de5       0x5e ./ra/fsp/src/bsp/mcu/all/bsp_io.o
 .debug_abbrev  0x00004e43      0x1b6 ./ra/fsp/src/bsp/mcu/all/bsp_irq.o
 .debug_abbrev  0x00004ff9      0x268 ./ra/fsp/src/bsp/mcu/all/bsp_register_protection.o
 .debug_abbrev  0x00005261       0x4d ./ra/fsp/src/bsp/mcu/all/bsp_rom_registers.o
 .debug_abbrev  0x000052ae      0x26a ./ra/fsp/src/bsp/mcu/all/bsp_sdram.o
 .debug_abbrev  0x00005518       0xf9 ./ra/fsp/src/bsp/cmsis/Device/RENESAS/Source/startup.o
 .debug_abbrev  0x00005611      0x389 ./ra/fsp/src/bsp/cmsis/Device/RENESAS/Source/system.o
 .debug_abbrev  0x0000599a       0x5c ./ra/board/ra8d1_ek/board_init.o

.debug_loc      0x00000000     0xd0b1
 .debug_loc     0x00000000       0xa4 ./src/time_counter/time_counter.o
 .debug_loc     0x000000a4     0x2eed ./src/SEGGER_RTT/SEGGER_RTT.o
 .debug_loc     0x00002f91      0x968 ./src/SEGGER_RTT/SEGGER_RTT_printf.o
 .debug_loc     0x000038f9      0x181 ./src/graphics_rendering.o
 .debug_loc     0x00003a7a      0x654 ./src/gt911.o
 .debug_loc     0x000040ce       0x2b ./src/hal_entry.o
 .debug_loc     0x000040f9      0x4dd ./src/mipi_dsi_ep.o
 .debug_loc     0x000045d6      0x169 ./ra/fsp/src/r_mipi_phy/r_mipi_phy.o
 .debug_loc     0x0000473f     0x1e65 ./ra/fsp/src/r_mipi_dsi/r_mipi_dsi.o
 .debug_loc     0x000065a4      0xbe8 ./ra/fsp/src/r_ioport/r_ioport.o
 .debug_loc     0x0000718c     0x1920 ./ra/fsp/src/r_iic_master/r_iic_master.o
 .debug_loc     0x00008aac      0x535 ./ra/fsp/src/r_icu/r_icu.o
 .debug_loc     0x00008fe1     0x1370 ./ra/fsp/src/r_gpt/r_gpt.o
 .debug_loc     0x0000a351     0x202d ./ra/fsp/src/r_glcdc/r_glcdc.o
 .debug_loc     0x0000c37e      0x767 ./ra/fsp/src/bsp/mcu/all/bsp_clocks.o
 .debug_loc     0x0000cae5       0x22 ./ra/fsp/src/bsp/mcu/all/bsp_common.o
 .debug_loc     0x0000cb07      0x26b ./ra/fsp/src/bsp/mcu/all/bsp_delay.o
 .debug_loc     0x0000cd72       0xb1 ./ra/fsp/src/bsp/mcu/all/bsp_group_irq.o
 .debug_loc     0x0000ce23       0x23 ./ra/fsp/src/bsp/mcu/all/bsp_irq.o
 .debug_loc     0x0000ce46      0x10b ./ra/fsp/src/bsp/mcu/all/bsp_register_protection.o
 .debug_loc     0x0000cf51       0x52 ./ra/fsp/src/bsp/mcu/all/bsp_sdram.o
 .debug_loc     0x0000cfa3      0x10e ./ra/fsp/src/bsp/cmsis/Device/RENESAS/Source/system.o

.debug_aranges  0x00000000      0x8e8
 .debug_aranges
                0x00000000       0x68 ./src/time_counter/time_counter.o
 .debug_aranges
                0x00000068      0x128 ./src/SEGGER_RTT/SEGGER_RTT.o
 .debug_aranges
                0x00000190       0x38 ./src/SEGGER_RTT/SEGGER_RTT_printf.o
 .debug_aranges
                0x000001c8       0x28 ./src/graphics_rendering.o
 .debug_aranges
                0x000001f0       0x38 ./src/gt911.o
 .debug_aranges
                0x00000228       0x28 ./src/hal_entry.o
 .debug_aranges
                0x00000250       0x60 ./src/mipi_dsi_ep.o
 .debug_aranges
                0x000002b0       0x20 ./ra_gen/common_data.o
 .debug_aranges
                0x000002d0       0x20 ./ra_gen/hal_data.o
 .debug_aranges
                0x000002f0       0x20 ./ra_gen/main.o
 .debug_aranges
                0x00000310       0x18 ./ra_gen/pin_data.o
 .debug_aranges
                0x00000328       0x18 ./ra_gen/vector_data.o
 .debug_aranges
                0x00000340       0x28 ./ra/fsp/src/r_mipi_phy/r_mipi_phy.o
 .debug_aranges
                0x00000368       0x90 ./ra/fsp/src/r_mipi_dsi/r_mipi_dsi.o
 .debug_aranges
                0x000003f8       0x90 ./ra/fsp/src/r_ioport/r_ioport.o
 .debug_aranges
                0x00000488       0x90 ./ra/fsp/src/r_iic_master/r_iic_master.o
 .debug_aranges
                0x00000518       0x48 ./ra/fsp/src/r_icu/r_icu.o
 .debug_aranges
                0x00000560       0xe0 ./ra/fsp/src/r_gpt/r_gpt.o
 .debug_aranges
                0x00000640       0x90 ./ra/fsp/src/r_glcdc/r_glcdc.o
 .debug_aranges
                0x000006d0       0x80 ./ra/fsp/src/bsp/mcu/all/bsp_clocks.o
 .debug_aranges
                0x00000750       0x30 ./ra/fsp/src/bsp/mcu/all/bsp_common.o
 .debug_aranges
                0x00000780       0x28 ./ra/fsp/src/bsp/mcu/all/bsp_delay.o
 .debug_aranges
                0x000007a8       0x28 ./ra/fsp/src/bsp/mcu/all/bsp_group_irq.o
 .debug_aranges
                0x000007d0       0x18 ./ra/fsp/src/bsp/mcu/all/bsp_io.o
 .debug_aranges
                0x000007e8       0x20 ./ra/fsp/src/bsp/mcu/all/bsp_irq.o
 .debug_aranges
                0x00000808       0x28 ./ra/fsp/src/bsp/mcu/all/bsp_register_protection.o
 .debug_aranges
                0x00000830       0x18 ./ra/fsp/src/bsp/mcu/all/bsp_rom_registers.o
 .debug_aranges
                0x00000848       0x30 ./ra/fsp/src/bsp/mcu/all/bsp_sdram.o
 .debug_aranges
                0x00000878       0x28 ./ra/fsp/src/bsp/cmsis/Device/RENESAS/Source/startup.o
 .debug_aranges
                0x000008a0       0x28 ./ra/fsp/src/bsp/cmsis/Device/RENESAS/Source/system.o
 .debug_aranges
                0x000008c8       0x20 ./ra/board/ra8d1_ek/board_init.o

.debug_ranges   0x00000000     0x2990
 .debug_ranges  0x00000000       0x58 ./src/time_counter/time_counter.o
 .debug_ranges  0x00000058      0x598 ./src/SEGGER_RTT/SEGGER_RTT.o
 .debug_ranges  0x000005f0       0x70 ./src/SEGGER_RTT/SEGGER_RTT_printf.o
 .debug_ranges  0x00000660       0x88 ./src/graphics_rendering.o
 .debug_ranges  0x000006e8      0x130 ./src/gt911.o
 .debug_ranges  0x00000818       0x18 ./src/hal_entry.o
 .debug_ranges  0x00000830      0x150 ./src/mipi_dsi_ep.o
 .debug_ranges  0x00000980       0x10 ./ra_gen/common_data.o
 .debug_ranges  0x00000990       0x10 ./ra_gen/hal_data.o
 .debug_ranges  0x000009a0       0x10 ./ra_gen/main.o
 .debug_ranges  0x000009b0       0x40 ./ra/fsp/src/r_mipi_phy/r_mipi_phy.o
 .debug_ranges  0x000009f0      0x8b0 ./ra/fsp/src/r_mipi_dsi/r_mipi_dsi.o
 .debug_ranges  0x000012a0      0x158 ./ra/fsp/src/r_ioport/r_ioport.o
 .debug_ranges  0x000013f8      0x748 ./ra/fsp/src/r_iic_master/r_iic_master.o
 .debug_ranges  0x00001b40      0x118 ./ra/fsp/src/r_icu/r_icu.o
 .debug_ranges  0x00001c58      0x398 ./ra/fsp/src/r_gpt/r_gpt.o
 .debug_ranges  0x00001ff0      0x620 ./ra/fsp/src/r_glcdc/r_glcdc.o
 .debug_ranges  0x00002610      0x168 ./ra/fsp/src/bsp/mcu/all/bsp_clocks.o
 .debug_ranges  0x00002778       0x20 ./ra/fsp/src/bsp/mcu/all/bsp_common.o
 .debug_ranges  0x00002798       0x50 ./ra/fsp/src/bsp/mcu/all/bsp_delay.o
 .debug_ranges  0x000027e8       0x58 ./ra/fsp/src/bsp/mcu/all/bsp_group_irq.o
 .debug_ranges  0x00002840       0x28 ./ra/fsp/src/bsp/mcu/all/bsp_irq.o